[2022-12-01T12:46:02.727+0530][gc,heap] Heap region size: 1M
[2022-12-01T12:46:02.775+0530][gc     ] Using G1
[2022-12-01T12:46:02.775+0530][gc,heap,coops] Heap address: 0x00000000c0000000, size: 1024 MB, Compressed Oops mode: 32-bit
[2022-12-01T12:46:02.778+0530][gc,cds       ] Mark closed archive regions in map: [0x00000000fff00000, 0x00000000fff6aff8]
[2022-12-01T12:46:02.778+0530][gc,cds       ] Mark open archive regions in map: [0x00000000ffe00000, 0x00000000ffe47ff8]
[2022-12-01T12:46:04.586+0530][gc,start     ] GC(0) Pause Young (Normal) (G1 Evacuation Pause)
[2022-12-01T12:46:04.590+0530][gc,task      ] GC(0) Using 8 workers of 8 for evacuation
[2022-12-01T12:46:04.628+0530][gc,mmu       ] GC(0) MMU target violated: 21.0ms (20.0ms/21.0ms)
[2022-12-01T12:46:04.628+0530][gc,phases    ] GC(0)   Pre Evacuate Collection Set: 0.0ms
[2022-12-01T12:46:04.628+0530][gc,phases    ] GC(0)   Evacuate Collection Set: 36.1ms
[2022-12-01T12:46:04.628+0530][gc,phases    ] GC(0)   Post Evacuate Collection Set: 0.9ms
[2022-12-01T12:46:04.628+0530][gc,phases    ] GC(0)   Other: 4.5ms
[2022-12-01T12:46:04.628+0530][gc,heap      ] GC(0) Eden regions: 51->0(44)
[2022-12-01T12:46:04.628+0530][gc,heap      ] GC(0) Survivor regions: 0->7(7)
[2022-12-01T12:46:04.628+0530][gc,heap      ] GC(0) Old regions: 2->2
[2022-12-01T12:46:04.628+0530][gc,heap      ] GC(0) Humongous regions: 0->0
[2022-12-01T12:46:04.628+0530][gc,metaspace ] GC(0) Metaspace: 14203K->14203K(1062912K)
[2022-12-01T12:46:04.628+0530][gc           ] GC(0) Pause Young (Normal) (G1 Evacuation Pause) 51M->7M(1024M) 41.839ms
[2022-12-01T12:46:04.628+0530][gc,cpu       ] GC(0) User=0.05s Sys=0.16s Real=0.04s
[2022-12-01T12:46:06.073+0530][gc,start     ] GC(1) Pause Young (Concurrent Start) (Metadata GC Threshold)
[2022-12-01T12:46:06.073+0530][gc,task      ] GC(1) Using 8 workers of 8 for evacuation
[2022-12-01T12:46:06.102+0530][gc,mmu       ] GC(1) MMU target violated: 21.0ms (20.0ms/21.0ms)
[2022-12-01T12:46:06.103+0530][gc,phases    ] GC(1)   Pre Evacuate Collection Set: 0.1ms
[2022-12-01T12:46:06.103+0530][gc,phases    ] GC(1)   Evacuate Collection Set: 27.8ms
[2022-12-01T12:46:06.103+0530][gc,phases    ] GC(1)   Post Evacuate Collection Set: 0.7ms
[2022-12-01T12:46:06.103+0530][gc,phases    ] GC(1)   Other: 0.7ms
[2022-12-01T12:46:06.103+0530][gc,heap      ] GC(1) Eden regions: 28->0(49)
[2022-12-01T12:46:06.103+0530][gc,heap      ] GC(1) Survivor regions: 7->2(7)
[2022-12-01T12:46:06.103+0530][gc,heap      ] GC(1) Old regions: 2->9
[2022-12-01T12:46:06.103+0530][gc,heap      ] GC(1) Humongous regions: 0->0
[2022-12-01T12:46:06.103+0530][gc,metaspace ] GC(1) Metaspace: 20621K->20621K(1067008K)
[2022-12-01T12:46:06.103+0530][gc           ] GC(1) Pause Young (Concurrent Start) (Metadata GC Threshold) 35M->8M(1024M) 29.497ms
[2022-12-01T12:46:06.103+0530][gc,cpu       ] GC(1) User=0.00s Sys=0.02s Real=0.03s
[2022-12-01T12:46:06.103+0530][gc           ] GC(2) Concurrent Cycle
[2022-12-01T12:46:06.103+0530][gc,marking   ] GC(2) Concurrent Clear Claimed Marks
[2022-12-01T12:46:06.104+0530][gc,marking   ] GC(2) Concurrent Clear Claimed Marks 0.435ms
[2022-12-01T12:46:06.104+0530][gc,marking   ] GC(2) Concurrent Scan Root Regions
[2022-12-01T12:46:06.108+0530][gc,marking   ] GC(2) Concurrent Scan Root Regions 3.976ms
[2022-12-01T12:46:06.108+0530][gc,marking   ] GC(2) Concurrent Mark (3.412s)
[2022-12-01T12:46:06.108+0530][gc,marking   ] GC(2) Concurrent Mark From Roots
[2022-12-01T12:46:06.108+0530][gc,task      ] GC(2) Using 2 workers of 2 for marking
[2022-12-01T12:46:06.117+0530][gc,marking   ] GC(2) Concurrent Mark From Roots 9.193ms
[2022-12-01T12:46:06.117+0530][gc,marking   ] GC(2) Concurrent Preclean
[2022-12-01T12:46:06.118+0530][gc,marking   ] GC(2) Concurrent Preclean 0.279ms
[2022-12-01T12:46:06.118+0530][gc,marking   ] GC(2) Concurrent Mark (3.412s, 3.422s) 9.639ms
[2022-12-01T12:46:06.118+0530][gc,start     ] GC(2) Pause Remark
[2022-12-01T12:46:06.120+0530][gc,stringtable] GC(2) Cleaned string and symbol table, strings: 5118 processed, 0 removed, symbols: 52178 processed, 42 removed
[2022-12-01T12:46:06.120+0530][gc            ] GC(2) Pause Remark 8M->8M(1024M) 2.232ms
[2022-12-01T12:46:06.120+0530][gc,cpu        ] GC(2) User=0.12s Sys=0.00s Real=0.00s
[2022-12-01T12:46:06.120+0530][gc,marking    ] GC(2) Concurrent Rebuild Remembered Sets
[2022-12-01T12:46:06.123+0530][gc,marking    ] GC(2) Concurrent Rebuild Remembered Sets 2.897ms
[2022-12-01T12:46:06.124+0530][gc,start      ] GC(2) Pause Cleanup
[2022-12-01T12:46:06.124+0530][gc            ] GC(2) Pause Cleanup 9M->9M(1024M) 0.341ms
[2022-12-01T12:46:06.124+0530][gc,cpu        ] GC(2) User=0.00s Sys=0.00s Real=0.00s
[2022-12-01T12:46:06.124+0530][gc,marking    ] GC(2) Concurrent Cleanup for Next Mark
[2022-12-01T12:46:06.137+0530][gc,marking    ] GC(2) Concurrent Cleanup for Next Mark 13.240ms
[2022-12-01T12:46:06.138+0530][gc            ] GC(2) Concurrent Cycle 34.511ms
[2022-12-01T12:46:07.462+0530][gc,start      ] GC(3) Pause Young (Normal) (G1 Evacuation Pause)
[2022-12-01T12:46:07.462+0530][gc,task       ] GC(3) Using 8 workers of 8 for evacuation
[2022-12-01T12:46:07.467+0530][gc,phases     ] GC(3)   Pre Evacuate Collection Set: 0.0ms
[2022-12-01T12:46:07.467+0530][gc,phases     ] GC(3)   Evacuate Collection Set: 4.1ms
[2022-12-01T12:46:07.468+0530][gc,phases     ] GC(3)   Post Evacuate Collection Set: 0.7ms
[2022-12-01T12:46:07.468+0530][gc,phases     ] GC(3)   Other: 0.3ms
[2022-12-01T12:46:07.468+0530][gc,heap       ] GC(3) Eden regions: 49->0(46)
[2022-12-01T12:46:07.468+0530][gc,heap       ] GC(3) Survivor regions: 2->5(7)
[2022-12-01T12:46:07.468+0530][gc,heap       ] GC(3) Old regions: 9->9
[2022-12-01T12:46:07.468+0530][gc,heap       ] GC(3) Humongous regions: 129->129
[2022-12-01T12:46:07.468+0530][gc,metaspace  ] GC(3) Metaspace: 29155K->29155K(1075200K)
[2022-12-01T12:46:07.468+0530][gc            ] GC(3) Pause Young (Normal) (G1 Evacuation Pause) 186M->140M(1024M) 5.626ms
[2022-12-01T12:46:07.468+0530][gc,cpu        ] GC(3) User=0.12s Sys=0.00s Real=0.00s
[2022-12-01T12:46:07.645+0530][gc,heap,exit  ] Heap
[2022-12-01T12:46:07.645+0530][gc,heap,exit  ]  garbage-first heap   total 1048576K, used 153748K [0x00000000c0000000, 0x0000000100000000)
[2022-12-01T12:46:07.645+0530][gc,heap,exit  ]   region size 1024K, 16 young (16384K), 5 survivors (5120K)
[2022-12-01T12:46:07.645+0530][gc,heap,exit  ]  Metaspace       used 30814K, capacity 31978K, committed 32252K, reserved 1077248K
[2022-12-01T12:46:07.645+0530][gc,heap,exit  ]   class space    used 3684K, capacity 4236K, committed 4348K, reserved 1048576K
