[2022-12-01T12:56:57.905+0530][gc,heap] Heap region size: 1M
[2022-12-01T12:56:57.967+0530][gc     ] Using G1
[2022-12-01T12:56:57.968+0530][gc,heap,coops] Heap address: 0x00000000c0000000, size: 1024 MB, Compressed Oops mode: 32-bit
[2022-12-01T12:56:57.970+0530][gc,cds       ] Mark closed archive regions in map: [0x00000000fff00000, 0x00000000fff6aff8]
[2022-12-01T12:56:57.971+0530][gc,cds       ] Mark open archive regions in map: [0x00000000ffe00000, 0x00000000ffe47ff8]
[2022-12-01T12:56:59.856+0530][gc,start     ] GC(0) Pause Young (Normal) (G1 Evacuation Pause)
[2022-12-01T12:56:59.863+0530][gc,task      ] GC(0) Using 8 workers of 8 for evacuation
[2022-12-01T12:56:59.897+0530][gc,mmu       ] GC(0) MMU target violated: 21.0ms (20.0ms/21.0ms)
[2022-12-01T12:56:59.897+0530][gc,phases    ] GC(0)   Pre Evacuate Collection Set: 0.1ms
[2022-12-01T12:56:59.897+0530][gc,phases    ] GC(0)   Evacuate Collection Set: 31.9ms
[2022-12-01T12:56:59.897+0530][gc,phases    ] GC(0)   Post Evacuate Collection Set: 1.0ms
[2022-12-01T12:56:59.897+0530][gc,phases    ] GC(0)   Other: 7.9ms
[2022-12-01T12:56:59.897+0530][gc,heap      ] GC(0) Eden regions: 51->0(44)
[2022-12-01T12:56:59.897+0530][gc,heap      ] GC(0) Survivor regions: 0->7(7)
[2022-12-01T12:56:59.897+0530][gc,heap      ] GC(0) Old regions: 2->2
[2022-12-01T12:56:59.897+0530][gc,heap      ] GC(0) Humongous regions: 0->0
[2022-12-01T12:56:59.897+0530][gc,metaspace ] GC(0) Metaspace: 14197K->14197K(1062912K)
[2022-12-01T12:56:59.898+0530][gc           ] GC(0) Pause Young (Normal) (G1 Evacuation Pause) 51M->7M(1024M) 41.348ms
[2022-12-01T12:56:59.898+0530][gc,cpu       ] GC(0) User=0.00s Sys=0.12s Real=0.04s
[2022-12-01T12:57:01.471+0530][gc,start     ] GC(1) Pause Young (Concurrent Start) (Metadata GC Threshold)
[2022-12-01T12:57:01.472+0530][gc,task      ] GC(1) Using 8 workers of 8 for evacuation
[2022-12-01T12:57:01.500+0530][gc,mmu       ] GC(1) MMU target violated: 21.0ms (20.0ms/21.0ms)
[2022-12-01T12:57:01.500+0530][gc,phases    ] GC(1)   Pre Evacuate Collection Set: 0.1ms
[2022-12-01T12:57:01.500+0530][gc,phases    ] GC(1)   Evacuate Collection Set: 27.1ms
[2022-12-01T12:57:01.500+0530][gc,phases    ] GC(1)   Post Evacuate Collection Set: 0.5ms
[2022-12-01T12:57:01.500+0530][gc,phases    ] GC(1)   Other: 1.0ms
[2022-12-01T12:57:01.500+0530][gc,heap      ] GC(1) Eden regions: 29->0(49)
[2022-12-01T12:57:01.500+0530][gc,heap      ] GC(1) Survivor regions: 7->2(7)
[2022-12-01T12:57:01.500+0530][gc,heap      ] GC(1) Old regions: 2->9
[2022-12-01T12:57:01.500+0530][gc,heap      ] GC(1) Humongous regions: 0->0
[2022-12-01T12:57:01.500+0530][gc,metaspace ] GC(1) Metaspace: 20659K->20659K(1067008K)
[2022-12-01T12:57:01.501+0530][gc           ] GC(1) Pause Young (Concurrent Start) (Metadata GC Threshold) 36M->8M(1024M) 29.032ms
[2022-12-01T12:57:01.501+0530][gc,cpu       ] GC(1) User=0.11s Sys=0.04s Real=0.03s
[2022-12-01T12:57:01.501+0530][gc           ] GC(2) Concurrent Cycle
[2022-12-01T12:57:01.501+0530][gc,marking   ] GC(2) Concurrent Clear Claimed Marks
[2022-12-01T12:57:01.501+0530][gc,marking   ] GC(2) Concurrent Clear Claimed Marks 0.116ms
[2022-12-01T12:57:01.501+0530][gc,marking   ] GC(2) Concurrent Scan Root Regions
[2022-12-01T12:57:01.503+0530][gc,marking   ] GC(2) Concurrent Scan Root Regions 1.947ms
[2022-12-01T12:57:01.503+0530][gc,marking   ] GC(2) Concurrent Mark (3.643s)
[2022-12-01T12:57:01.503+0530][gc,marking   ] GC(2) Concurrent Mark From Roots
[2022-12-01T12:57:01.503+0530][gc,task      ] GC(2) Using 2 workers of 2 for marking
[2022-12-01T12:57:01.513+0530][gc,marking   ] GC(2) Concurrent Mark From Roots 9.667ms
[2022-12-01T12:57:01.513+0530][gc,marking   ] GC(2) Concurrent Preclean
[2022-12-01T12:57:01.513+0530][gc,marking   ] GC(2) Concurrent Preclean 0.348ms
[2022-12-01T12:57:01.513+0530][gc,marking   ] GC(2) Concurrent Mark (3.643s, 3.653s) 10.236ms
[2022-12-01T12:57:01.514+0530][gc,start     ] GC(2) Pause Remark
[2022-12-01T12:57:01.516+0530][gc,stringtable] GC(2) Cleaned string and symbol table, strings: 5171 processed, 0 removed, symbols: 52397 processed, 44 removed
[2022-12-01T12:57:01.516+0530][gc            ] GC(2) Pause Remark 8M->8M(1024M) 2.559ms
[2022-12-01T12:57:01.516+0530][gc,cpu        ] GC(2) User=0.00s Sys=0.00s Real=0.00s
[2022-12-01T12:57:01.516+0530][gc,marking    ] GC(2) Concurrent Rebuild Remembered Sets
[2022-12-01T12:57:01.521+0530][gc,marking    ] GC(2) Concurrent Rebuild Remembered Sets 5.202ms
[2022-12-01T12:57:01.522+0530][gc,start      ] GC(2) Pause Cleanup
[2022-12-01T12:57:01.522+0530][gc            ] GC(2) Pause Cleanup 8M->8M(1024M) 0.298ms
[2022-12-01T12:57:01.522+0530][gc,cpu        ] GC(2) User=0.00s Sys=0.00s Real=0.00s
[2022-12-01T12:57:01.522+0530][gc,marking    ] GC(2) Concurrent Cleanup for Next Mark
[2022-12-01T12:57:01.539+0530][gc,marking    ] GC(2) Concurrent Cleanup for Next Mark 16.558ms
[2022-12-01T12:57:01.539+0530][gc            ] GC(2) Concurrent Cycle 38.367ms
[2022-12-01T12:57:02.867+0530][gc,start      ] GC(3) Pause Young (Normal) (G1 Evacuation Pause)
[2022-12-01T12:57:02.867+0530][gc,task       ] GC(3) Using 8 workers of 8 for evacuation
[2022-12-01T12:57:02.871+0530][gc,phases     ] GC(3)   Pre Evacuate Collection Set: 0.0ms
[2022-12-01T12:57:02.871+0530][gc,phases     ] GC(3)   Evacuate Collection Set: 3.7ms
[2022-12-01T12:57:02.871+0530][gc,phases     ] GC(3)   Post Evacuate Collection Set: 0.4ms
[2022-12-01T12:57:02.871+0530][gc,phases     ] GC(3)   Other: 0.3ms
[2022-12-01T12:57:02.871+0530][gc,heap       ] GC(3) Eden regions: 49->0(46)
[2022-12-01T12:57:02.871+0530][gc,heap       ] GC(3) Survivor regions: 2->5(7)
[2022-12-01T12:57:02.871+0530][gc,heap       ] GC(3) Old regions: 9->9
[2022-12-01T12:57:02.871+0530][gc,heap       ] GC(3) Humongous regions: 129->129
[2022-12-01T12:57:02.872+0530][gc,metaspace  ] GC(3) Metaspace: 28680K->28680K(1075200K)
[2022-12-01T12:57:02.872+0530][gc            ] GC(3) Pause Young (Normal) (G1 Evacuation Pause) 186M->140M(1024M) 4.914ms
[2022-12-01T12:57:02.872+0530][gc,cpu        ] GC(3) User=0.11s Sys=0.00s Real=0.00s
[2022-12-01T12:57:03.351+0530][gc,start      ] GC(4) Pause Young (Concurrent Start) (Metadata GC Threshold)
[2022-12-01T12:57:03.351+0530][gc,task       ] GC(4) Using 8 workers of 8 for evacuation
[2022-12-01T12:57:03.363+0530][gc,phases     ] GC(4)   Pre Evacuate Collection Set: 0.1ms
[2022-12-01T12:57:03.363+0530][gc,phases     ] GC(4)   Evacuate Collection Set: 11.2ms
[2022-12-01T12:57:03.363+0530][gc,phases     ] GC(4)   Post Evacuate Collection Set: 0.4ms
[2022-12-01T12:57:03.363+0530][gc,phases     ] GC(4)   Other: 0.4ms
[2022-12-01T12:57:03.363+0530][gc,heap       ] GC(4) Eden regions: 31->0(49)
[2022-12-01T12:57:03.363+0530][gc,heap       ] GC(4) Survivor regions: 5->2(7)
[2022-12-01T12:57:03.363+0530][gc,heap       ] GC(4) Old regions: 9->13
[2022-12-01T12:57:03.363+0530][gc,heap       ] GC(4) Humongous regions: 129->129
[2022-12-01T12:57:03.363+0530][gc,metaspace  ] GC(4) Metaspace: 34517K->34517K(1081344K)
[2022-12-01T12:57:03.363+0530][gc            ] GC(4) Pause Young (Concurrent Start) (Metadata GC Threshold) 171M->142M(1024M) 12.388ms
[2022-12-01T12:57:03.363+0530][gc,cpu        ] GC(4) User=0.03s Sys=0.00s Real=0.02s
[2022-12-01T12:57:03.364+0530][gc            ] GC(5) Concurrent Cycle
[2022-12-01T12:57:03.364+0530][gc,marking    ] GC(5) Concurrent Clear Claimed Marks
[2022-12-01T12:57:03.364+0530][gc,marking    ] GC(5) Concurrent Clear Claimed Marks 0.173ms
[2022-12-01T12:57:03.364+0530][gc,marking    ] GC(5) Concurrent Scan Root Regions
[2022-12-01T12:57:03.366+0530][gc,marking    ] GC(5) Concurrent Scan Root Regions 1.759ms
[2022-12-01T12:57:03.366+0530][gc,marking    ] GC(5) Concurrent Mark (5.506s)
[2022-12-01T12:57:03.366+0530][gc,marking    ] GC(5) Concurrent Mark From Roots
[2022-12-01T12:57:03.366+0530][gc,task       ] GC(5) Using 2 workers of 2 for marking
[2022-12-01T12:57:03.385+0530][gc,marking    ] GC(5) Concurrent Mark From Roots 19.444ms
[2022-12-01T12:57:03.385+0530][gc,marking    ] GC(5) Concurrent Preclean
[2022-12-01T12:57:03.385+0530][gc,marking    ] GC(5) Concurrent Preclean 0.271ms
[2022-12-01T12:57:03.386+0530][gc,marking    ] GC(5) Concurrent Mark (5.506s, 5.526s) 19.924ms
[2022-12-01T12:57:03.386+0530][gc,start      ] GC(5) Pause Remark
[2022-12-01T12:57:03.390+0530][gc,stringtable] GC(5) Cleaned string and symbol table, strings: 10341 processed, 12 removed, symbols: 83838 processed, 13 removed
[2022-12-01T12:57:03.391+0530][gc            ] GC(5) Pause Remark 144M->144M(1024M) 4.344ms
[2022-12-01T12:57:03.391+0530][gc,cpu        ] GC(5) User=0.00s Sys=0.00s Real=0.00s
[2022-12-01T12:57:03.391+0530][gc,marking    ] GC(5) Concurrent Rebuild Remembered Sets
[2022-12-01T12:57:03.399+0530][gc,marking    ] GC(5) Concurrent Rebuild Remembered Sets 8.160ms
[2022-12-01T12:57:03.399+0530][gc,start      ] GC(5) Pause Cleanup
[2022-12-01T12:57:03.400+0530][gc            ] GC(5) Pause Cleanup 145M->145M(1024M) 0.235ms
[2022-12-01T12:57:03.400+0530][gc,cpu        ] GC(5) User=0.00s Sys=0.00s Real=0.00s
[2022-12-01T12:57:03.400+0530][gc,marking    ] GC(5) Concurrent Cleanup for Next Mark
[2022-12-01T12:57:03.422+0530][gc,marking    ] GC(5) Concurrent Cleanup for Next Mark 22.810ms
[2022-12-01T12:57:03.423+0530][gc            ] GC(5) Concurrent Cycle 59.035ms
[2022-12-01T13:00:51.176+0530][gc,start      ] GC(6) Pause Young (Normal) (G1 Evacuation Pause)
[2022-12-01T13:00:51.176+0530][gc,task       ] GC(6) Using 8 workers of 8 for evacuation
[2022-12-01T13:00:51.184+0530][gc,phases     ] GC(6)   Pre Evacuate Collection Set: 0.3ms
[2022-12-01T13:00:51.184+0530][gc,phases     ] GC(6)   Evacuate Collection Set: 6.4ms
[2022-12-01T13:00:51.184+0530][gc,phases     ] GC(6)   Post Evacuate Collection Set: 1.0ms
[2022-12-01T13:00:51.185+0530][gc,phases     ] GC(6)   Other: 0.6ms
[2022-12-01T13:00:51.185+0530][gc,heap       ] GC(6) Eden regions: 49->0(46)
[2022-12-01T13:00:51.185+0530][gc,heap       ] GC(6) Survivor regions: 2->5(7)
[2022-12-01T13:00:51.185+0530][gc,heap       ] GC(6) Old regions: 13->13
[2022-12-01T13:00:51.185+0530][gc,heap       ] GC(6) Humongous regions: 129->129
[2022-12-01T13:00:51.185+0530][gc,metaspace  ] GC(6) Metaspace: 41018K->41018K(1085440K)
[2022-12-01T13:00:51.185+0530][gc            ] GC(6) Pause Young (Normal) (G1 Evacuation Pause) 191M->144M(1024M) 8.524ms
[2022-12-01T13:00:51.185+0530][gc,cpu        ] GC(6) User=0.11s Sys=0.02s Real=0.01s
[2022-12-01T13:11:25.537+0530][gc,start      ] GC(7) Pause Young (Normal) (G1 Evacuation Pause)
[2022-12-01T13:11:25.537+0530][gc,task       ] GC(7) Using 8 workers of 8 for evacuation
[2022-12-01T13:11:25.546+0530][gc,phases     ] GC(7)   Pre Evacuate Collection Set: 0.3ms
[2022-12-01T13:11:25.546+0530][gc,phases     ] GC(7)   Evacuate Collection Set: 6.8ms
[2022-12-01T13:11:25.546+0530][gc,phases     ] GC(7)   Post Evacuate Collection Set: 1.5ms
[2022-12-01T13:11:25.546+0530][gc,phases     ] GC(7)   Other: 0.6ms
[2022-12-01T13:11:25.546+0530][gc,heap       ] GC(7) Eden regions: 46->0(46)
[2022-12-01T13:11:25.546+0530][gc,heap       ] GC(7) Survivor regions: 5->5(7)
[2022-12-01T13:11:25.546+0530][gc,heap       ] GC(7) Old regions: 13->15
[2022-12-01T13:11:25.546+0530][gc,heap       ] GC(7) Humongous regions: 129->129
[2022-12-01T13:11:25.546+0530][gc,metaspace  ] GC(7) Metaspace: 43992K->43992K(1089536K)
[2022-12-01T13:11:25.546+0530][gc            ] GC(7) Pause Young (Normal) (G1 Evacuation Pause) 190M->146M(1024M) 9.472ms
[2022-12-01T13:11:25.546+0530][gc,cpu        ] GC(7) User=0.11s Sys=0.02s Real=0.01s
[2022-12-01T13:25:36.195+0530][gc,start      ] GC(8) Pause Young (Normal) (G1 Evacuation Pause)
[2022-12-01T13:25:36.196+0530][gc,task       ] GC(8) Using 8 workers of 8 for evacuation
[2022-12-01T13:25:36.205+0530][gc,phases     ] GC(8)   Pre Evacuate Collection Set: 0.1ms
[2022-12-01T13:25:36.205+0530][gc,phases     ] GC(8)   Evacuate Collection Set: 7.6ms
[2022-12-01T13:25:36.205+0530][gc,phases     ] GC(8)   Post Evacuate Collection Set: 1.2ms
[2022-12-01T13:25:36.205+0530][gc,phases     ] GC(8)   Other: 0.9ms
[2022-12-01T13:25:36.205+0530][gc,heap       ] GC(8) Eden regions: 46->0(47)
[2022-12-01T13:25:36.205+0530][gc,heap       ] GC(8) Survivor regions: 5->4(7)
[2022-12-01T13:25:36.205+0530][gc,heap       ] GC(8) Old regions: 15->17
[2022-12-01T13:25:36.205+0530][gc,heap       ] GC(8) Humongous regions: 129->129
[2022-12-01T13:25:36.205+0530][gc,metaspace  ] GC(8) Metaspace: 44099K->44099K(1089536K)
[2022-12-01T13:25:36.205+0530][gc            ] GC(8) Pause Young (Normal) (G1 Evacuation Pause) 192M->148M(1024M) 10.132ms
[2022-12-01T13:25:36.206+0530][gc,cpu        ] GC(8) User=0.05s Sys=0.06s Real=0.01s
[2022-12-01T13:41:15.157+0530][gc,start      ] GC(9) Pause Young (Normal) (G1 Evacuation Pause)
[2022-12-01T13:41:15.157+0530][gc,task       ] GC(9) Using 8 workers of 8 for evacuation
[2022-12-01T13:41:15.163+0530][gc,phases     ] GC(9)   Pre Evacuate Collection Set: 0.0ms
[2022-12-01T13:41:15.164+0530][gc,phases     ] GC(9)   Evacuate Collection Set: 4.9ms
[2022-12-01T13:41:15.164+0530][gc,phases     ] GC(9)   Post Evacuate Collection Set: 0.9ms
[2022-12-01T13:41:15.164+0530][gc,phases     ] GC(9)   Other: 0.5ms
[2022-12-01T13:41:15.164+0530][gc,heap       ] GC(9) Eden regions: 47->0(47)
[2022-12-01T13:41:15.164+0530][gc,heap       ] GC(9) Survivor regions: 4->4(7)
[2022-12-01T13:41:15.164+0530][gc,heap       ] GC(9) Old regions: 17->17
[2022-12-01T13:41:15.164+0530][gc,heap       ] GC(9) Humongous regions: 129->129
[2022-12-01T13:41:15.164+0530][gc,metaspace  ] GC(9) Metaspace: 44194K->44194K(1089536K)
[2022-12-01T13:41:15.164+0530][gc            ] GC(9) Pause Young (Normal) (G1 Evacuation Pause) 195M->148M(1024M) 6.639ms
[2022-12-01T13:41:15.164+0530][gc,cpu        ] GC(9) User=0.00s Sys=0.00s Real=0.01s
[2022-12-01T13:57:03.112+0530][gc,start      ] GC(10) Pause Young (Normal) (G1 Evacuation Pause)
[2022-12-01T13:57:03.113+0530][gc,task       ] GC(10) Using 8 workers of 8 for evacuation
[2022-12-01T13:57:03.119+0530][gc,phases     ] GC(10)   Pre Evacuate Collection Set: 0.0ms
[2022-12-01T13:57:03.119+0530][gc,phases     ] GC(10)   Evacuate Collection Set: 4.7ms
[2022-12-01T13:57:03.119+0530][gc,phases     ] GC(10)   Post Evacuate Collection Set: 1.2ms
[2022-12-01T13:57:03.119+0530][gc,phases     ] GC(10)   Other: 0.7ms
[2022-12-01T13:57:03.119+0530][gc,heap       ] GC(10) Eden regions: 47->0(49)
[2022-12-01T13:57:03.119+0530][gc,heap       ] GC(10) Survivor regions: 4->4(7)
[2022-12-01T13:57:03.119+0530][gc,heap       ] GC(10) Old regions: 17->17
[2022-12-01T13:57:03.119+0530][gc,heap       ] GC(10) Humongous regions: 129->129
[2022-12-01T13:57:03.119+0530][gc,metaspace  ] GC(10) Metaspace: 44290K->44290K(1089536K)
[2022-12-01T13:57:03.119+0530][gc            ] GC(10) Pause Young (Normal) (G1 Evacuation Pause) 195M->147M(1024M) 6.950ms
[2022-12-01T13:57:03.119+0530][gc,cpu        ] GC(10) User=0.00s Sys=0.00s Real=0.00s
[2022-12-01T14:13:33.820+0530][gc,start      ] GC(11) Pause Young (Normal) (G1 Evacuation Pause)
[2022-12-01T14:13:33.820+0530][gc,task       ] GC(11) Using 8 workers of 8 for evacuation
[2022-12-01T14:13:33.826+0530][gc,phases     ] GC(11)   Pre Evacuate Collection Set: 0.0ms
[2022-12-01T14:13:33.827+0530][gc,phases     ] GC(11)   Evacuate Collection Set: 5.2ms
[2022-12-01T14:13:33.827+0530][gc,phases     ] GC(11)   Post Evacuate Collection Set: 1.2ms
[2022-12-01T14:13:33.827+0530][gc,phases     ] GC(11)   Other: 0.6ms
[2022-12-01T14:13:33.827+0530][gc,heap       ] GC(11) Eden regions: 49->0(64)
[2022-12-01T14:13:33.827+0530][gc,heap       ] GC(11) Survivor regions: 4->4(7)
[2022-12-01T14:13:33.827+0530][gc,heap       ] GC(11) Old regions: 17->17
[2022-12-01T14:13:33.827+0530][gc,heap       ] GC(11) Humongous regions: 129->129
[2022-12-01T14:13:33.827+0530][gc,metaspace  ] GC(11) Metaspace: 44354K->44354K(1089536K)
[2022-12-01T14:13:33.827+0530][gc            ] GC(11) Pause Young (Normal) (G1 Evacuation Pause) 196M->147M(1024M) 7.336ms
[2022-12-01T14:13:33.827+0530][gc,cpu        ] GC(11) User=0.00s Sys=0.00s Real=0.01s
[2022-12-01T14:35:46.506+0530][gc,start      ] GC(12) Pause Young (Normal) (G1 Evacuation Pause)
[2022-12-01T14:35:46.506+0530][gc,task       ] GC(12) Using 8 workers of 8 for evacuation
[2022-12-01T14:35:46.516+0530][gc,phases     ] GC(12)   Pre Evacuate Collection Set: 0.3ms
[2022-12-01T14:35:46.516+0530][gc,phases     ] GC(12)   Evacuate Collection Set: 8.1ms
[2022-12-01T14:35:46.516+0530][gc,phases     ] GC(12)   Post Evacuate Collection Set: 1.2ms
[2022-12-01T14:35:46.516+0530][gc,phases     ] GC(12)   Other: 0.8ms
[2022-12-01T14:35:46.516+0530][gc,heap       ] GC(12) Eden regions: 64->0(526)
[2022-12-01T14:35:46.516+0530][gc,heap       ] GC(12) Survivor regions: 4->3(9)
[2022-12-01T14:35:46.516+0530][gc,heap       ] GC(12) Old regions: 17->17
[2022-12-01T14:35:46.516+0530][gc,heap       ] GC(12) Humongous regions: 129->129
[2022-12-01T14:35:46.516+0530][gc,metaspace  ] GC(12) Metaspace: 44382K->44382K(1089536K)
[2022-12-01T14:35:46.516+0530][gc            ] GC(12) Pause Young (Normal) (G1 Evacuation Pause) 211M->147M(1024M) 10.783ms
[2022-12-01T14:35:46.516+0530][gc,cpu        ] GC(12) User=0.00s Sys=0.00s Real=0.01s
[2022-12-01T17:23:49.722+0530][gc,start      ] GC(13) Pause Young (Normal) (G1 Evacuation Pause)
[2022-12-01T17:23:49.722+0530][gc,task       ] GC(13) Using 8 workers of 8 for evacuation
[2022-12-01T17:23:49.736+0530][gc,phases     ] GC(13)   Pre Evacuate Collection Set: 0.1ms
[2022-12-01T17:23:49.736+0530][gc,phases     ] GC(13)   Evacuate Collection Set: 11.6ms
[2022-12-01T17:23:49.736+0530][gc,phases     ] GC(13)   Post Evacuate Collection Set: 2.0ms
[2022-12-01T17:23:49.736+0530][gc,phases     ] GC(13)   Other: 0.6ms
[2022-12-01T17:23:49.736+0530][gc,heap       ] GC(13) Eden regions: 526->0(161)
[2022-12-01T17:23:49.736+0530][gc,heap       ] GC(13) Survivor regions: 3->4(67)
[2022-12-01T17:23:49.737+0530][gc,heap       ] GC(13) Old regions: 17->17
[2022-12-01T17:23:49.737+0530][gc,heap       ] GC(13) Humongous regions: 129->129
[2022-12-01T17:23:49.737+0530][gc,metaspace  ] GC(13) Metaspace: 45652K->45652K(1091584K)
[2022-12-01T17:23:49.737+0530][gc            ] GC(13) Pause Young (Normal) (G1 Evacuation Pause) 673M->148M(1024M) 14.712ms
[2022-12-01T17:23:49.737+0530][gc,cpu        ] GC(13) User=0.05s Sys=0.00s Real=0.01s
[2022-12-01T17:24:12.283+0530][gc,start      ] GC(14) Pause Young (Normal) (G1 Evacuation Pause)
[2022-12-01T17:24:12.283+0530][gc,task       ] GC(14) Using 8 workers of 8 for evacuation
[2022-12-01T17:24:12.292+0530][gc,phases     ] GC(14)   Pre Evacuate Collection Set: 0.0ms
[2022-12-01T17:24:12.292+0530][gc,phases     ] GC(14)   Evacuate Collection Set: 6.5ms
[2022-12-01T17:24:12.292+0530][gc,phases     ] GC(14)   Post Evacuate Collection Set: 1.8ms
[2022-12-01T17:24:12.292+0530][gc,phases     ] GC(14)   Other: 0.4ms
[2022-12-01T17:24:12.292+0530][gc,heap       ] GC(14) Eden regions: 161->0(168)
[2022-12-01T17:24:12.292+0530][gc,heap       ] GC(14) Survivor regions: 4->4(21)
[2022-12-01T17:24:12.292+0530][gc,heap       ] GC(14) Old regions: 17->17
[2022-12-01T17:24:12.292+0530][gc,heap       ] GC(14) Humongous regions: 129->129
[2022-12-01T17:24:12.292+0530][gc,metaspace  ] GC(14) Metaspace: 45670K->45670K(1091584K)
[2022-12-01T17:24:12.292+0530][gc            ] GC(14) Pause Young (Normal) (G1 Evacuation Pause) 309M->148M(1024M) 9.129ms
[2022-12-01T17:24:12.292+0530][gc,cpu        ] GC(14) User=0.01s Sys=0.00s Real=0.01s
[2022-12-01T17:24:28.010+0530][gc,start      ] GC(15) Pause Young (Normal) (G1 Evacuation Pause)
[2022-12-01T17:24:28.010+0530][gc,task       ] GC(15) Using 8 workers of 8 for evacuation
[2022-12-01T17:24:28.018+0530][gc,phases     ] GC(15)   Pre Evacuate Collection Set: 0.0ms
[2022-12-01T17:24:28.018+0530][gc,phases     ] GC(15)   Evacuate Collection Set: 6.3ms
[2022-12-01T17:24:28.018+0530][gc,phases     ] GC(15)   Post Evacuate Collection Set: 0.7ms
[2022-12-01T17:24:28.018+0530][gc,phases     ] GC(15)   Other: 0.4ms
[2022-12-01T17:24:28.018+0530][gc,heap       ] GC(15) Eden regions: 168->0(176)
[2022-12-01T17:24:28.018+0530][gc,heap       ] GC(15) Survivor regions: 4->4(22)
[2022-12-01T17:24:28.018+0530][gc,heap       ] GC(15) Old regions: 17->17
[2022-12-01T17:24:28.018+0530][gc,heap       ] GC(15) Humongous regions: 129->129
[2022-12-01T17:24:28.018+0530][gc,metaspace  ] GC(15) Metaspace: 45670K->45670K(1091584K)
[2022-12-01T17:24:28.018+0530][gc            ] GC(15) Pause Young (Normal) (G1 Evacuation Pause) 316M->148M(1024M) 7.688ms
[2022-12-01T17:24:28.018+0530][gc,cpu        ] GC(15) User=0.01s Sys=0.00s Real=0.01s
[2022-12-01T17:41:00.962+0530][gc,start      ] GC(16) Pause Young (Normal) (G1 Evacuation Pause)
[2022-12-01T17:41:00.962+0530][gc,task       ] GC(16) Using 8 workers of 8 for evacuation
[2022-12-01T17:41:00.978+0530][gc,phases     ] GC(16)   Pre Evacuate Collection Set: 0.3ms
[2022-12-01T17:41:00.978+0530][gc,phases     ] GC(16)   Evacuate Collection Set: 13.9ms
[2022-12-01T17:41:00.978+0530][gc,phases     ] GC(16)   Post Evacuate Collection Set: 1.4ms
[2022-12-01T17:41:00.978+0530][gc,phases     ] GC(16)   Other: 0.7ms
[2022-12-01T17:41:00.978+0530][gc,heap       ] GC(16) Eden regions: 176->0(179)
[2022-12-01T17:41:00.978+0530][gc,heap       ] GC(16) Survivor regions: 4->6(23)
[2022-12-01T17:41:00.979+0530][gc,heap       ] GC(16) Old regions: 17->17
[2022-12-01T17:41:00.979+0530][gc,heap       ] GC(16) Humongous regions: 129->129
[2022-12-01T17:41:00.979+0530][gc,metaspace  ] GC(16) Metaspace: 45683K->45683K(1091584K)
[2022-12-01T17:41:00.979+0530][gc            ] GC(16) Pause Young (Normal) (G1 Evacuation Pause) 324M->149M(1024M) 16.777ms
[2022-12-01T17:41:00.979+0530][gc,cpu        ] GC(16) User=0.10s Sys=0.02s Real=0.01s
[2022-12-02T09:01:52.933+0530][gc,start      ] GC(17) Pause Young (Normal) (G1 Evacuation Pause)
[2022-12-02T09:01:52.934+0530][gc,task       ] GC(17) Using 8 workers of 8 for evacuation
[2022-12-02T09:01:53.120+0530][gc,mmu        ] GC(17) MMU target violated: 21.0ms (20.0ms/21.0ms)
[2022-12-02T09:01:53.120+0530][gc,phases     ] GC(17)   Pre Evacuate Collection Set: 1.1ms
[2022-12-02T09:01:53.121+0530][gc,phases     ] GC(17)   Evacuate Collection Set: 121.1ms
[2022-12-02T09:01:53.121+0530][gc,phases     ] GC(17)   Post Evacuate Collection Set: 63.2ms
[2022-12-02T09:01:53.121+0530][gc,phases     ] GC(17)   Other: 2.1ms
[2022-12-02T09:01:53.121+0530][gc,heap       ] GC(17) Eden regions: 179->0(47)
[2022-12-02T09:01:53.121+0530][gc,heap       ] GC(17) Survivor regions: 6->4(24)
[2022-12-02T09:01:53.121+0530][gc,heap       ] GC(17) Old regions: 17->17
[2022-12-02T09:01:53.121+0530][gc,heap       ] GC(17) Humongous regions: 129->129
[2022-12-02T09:01:53.121+0530][gc,metaspace  ] GC(17) Metaspace: 46035K->46035K(1091584K)
[2022-12-02T09:01:53.121+0530][gc            ] GC(17) Pause Young (Normal) (G1 Evacuation Pause) 328M->147M(1024M) 187.560ms
[2022-12-02T09:01:53.121+0530][gc,cpu        ] GC(17) User=0.10s Sys=0.03s Real=0.18s
[2022-12-02T09:02:03.257+0530][gc,start      ] GC(18) Pause Young (Normal) (G1 Evacuation Pause)
[2022-12-02T09:02:03.257+0530][gc,task       ] GC(18) Using 8 workers of 8 for evacuation
[2022-12-02T09:02:03.270+0530][gc,phases     ] GC(18)   Pre Evacuate Collection Set: 0.1ms
[2022-12-02T09:02:03.270+0530][gc,phases     ] GC(18)   Evacuate Collection Set: 9.5ms
[2022-12-02T09:02:03.270+0530][gc,phases     ] GC(18)   Post Evacuate Collection Set: 3.0ms
[2022-12-02T09:02:03.270+0530][gc,phases     ] GC(18)   Other: 1.4ms
[2022-12-02T09:02:03.270+0530][gc,heap       ] GC(18) Eden regions: 47->0(47)
[2022-12-02T09:02:03.270+0530][gc,heap       ] GC(18) Survivor regions: 4->4(7)
[2022-12-02T09:02:03.270+0530][gc,heap       ] GC(18) Old regions: 17->17
[2022-12-02T09:02:03.270+0530][gc,heap       ] GC(18) Humongous regions: 129->129
[2022-12-02T09:02:03.270+0530][gc,metaspace  ] GC(18) Metaspace: 46035K->46035K(1091584K)
[2022-12-02T09:02:03.270+0530][gc            ] GC(18) Pause Young (Normal) (G1 Evacuation Pause) 194M->148M(1024M) 13.808ms
[2022-12-02T09:02:03.271+0530][gc,cpu        ] GC(18) User=0.00s Sys=0.00s Real=0.01s
[2022-12-02T09:02:14.701+0530][gc,start      ] GC(19) Pause Young (Normal) (G1 Evacuation Pause)
[2022-12-02T09:02:14.701+0530][gc,task       ] GC(19) Using 8 workers of 8 for evacuation
[2022-12-02T09:02:14.714+0530][gc,phases     ] GC(19)   Pre Evacuate Collection Set: 0.1ms
[2022-12-02T09:02:14.714+0530][gc,phases     ] GC(19)   Evacuate Collection Set: 10.6ms
[2022-12-02T09:02:14.714+0530][gc,phases     ] GC(19)   Post Evacuate Collection Set: 1.3ms
[2022-12-02T09:02:14.714+0530][gc,phases     ] GC(19)   Other: 0.7ms
[2022-12-02T09:02:14.714+0530][gc,heap       ] GC(19) Eden regions: 47->0(47)
[2022-12-02T09:02:14.714+0530][gc,heap       ] GC(19) Survivor regions: 4->4(7)
[2022-12-02T09:02:14.714+0530][gc,heap       ] GC(19) Old regions: 17->17
[2022-12-02T09:02:14.714+0530][gc,heap       ] GC(19) Humongous regions: 129->129
[2022-12-02T09:02:14.714+0530][gc,metaspace  ] GC(19) Metaspace: 46035K->46035K(1091584K)
[2022-12-02T09:02:14.714+0530][gc            ] GC(19) Pause Young (Normal) (G1 Evacuation Pause) 195M->148M(1024M) 13.005ms
[2022-12-02T09:02:14.714+0530][gc,cpu        ] GC(19) User=0.02s Sys=0.00s Real=0.02s
[2022-12-02T09:02:27.909+0530][gc,start      ] GC(20) Pause Young (Normal) (G1 Evacuation Pause)
[2022-12-02T09:02:27.909+0530][gc,task       ] GC(20) Using 8 workers of 8 for evacuation
[2022-12-02T09:02:27.976+0530][gc,mmu        ] GC(20) MMU target violated: 21.0ms (20.0ms/21.0ms)
[2022-12-02T09:02:27.976+0530][gc,phases     ] GC(20)   Pre Evacuate Collection Set: 0.1ms
[2022-12-02T09:02:27.976+0530][gc,phases     ] GC(20)   Evacuate Collection Set: 43.1ms
[2022-12-02T09:02:27.976+0530][gc,phases     ] GC(20)   Post Evacuate Collection Set: 23.2ms
[2022-12-02T09:02:27.976+0530][gc,phases     ] GC(20)   Other: 1.0ms
[2022-12-02T09:02:27.976+0530][gc,heap       ] GC(20) Eden regions: 47->0(47)
[2022-12-02T09:02:27.976+0530][gc,heap       ] GC(20) Survivor regions: 4->4(7)
[2022-12-02T09:02:27.976+0530][gc,heap       ] GC(20) Old regions: 17->18
[2022-12-02T09:02:27.976+0530][gc,heap       ] GC(20) Humongous regions: 129->129
[2022-12-02T09:02:27.976+0530][gc,metaspace  ] GC(20) Metaspace: 46035K->46035K(1091584K)
[2022-12-02T09:02:27.977+0530][gc            ] GC(20) Pause Young (Normal) (G1 Evacuation Pause) 195M->148M(1024M) 67.868ms
[2022-12-02T09:02:27.977+0530][gc,cpu        ] GC(20) User=0.10s Sys=0.00s Real=0.07s
[2022-12-02T09:02:39.356+0530][gc,start      ] GC(21) Pause Young (Normal) (G1 Evacuation Pause)
[2022-12-02T09:02:39.356+0530][gc,task       ] GC(21) Using 8 workers of 8 for evacuation
[2022-12-02T09:02:39.362+0530][gc,phases     ] GC(21)   Pre Evacuate Collection Set: 0.1ms
[2022-12-02T09:02:39.362+0530][gc,phases     ] GC(21)   Evacuate Collection Set: 4.5ms
[2022-12-02T09:02:39.362+0530][gc,phases     ] GC(21)   Post Evacuate Collection Set: 0.7ms
[2022-12-02T09:02:39.362+0530][gc,phases     ] GC(21)   Other: 0.6ms
[2022-12-02T09:02:39.362+0530][gc,heap       ] GC(21) Eden regions: 47->0(47)
[2022-12-02T09:02:39.362+0530][gc,heap       ] GC(21) Survivor regions: 4->4(7)
[2022-12-02T09:02:39.362+0530][gc,heap       ] GC(21) Old regions: 18->18
[2022-12-02T09:02:39.362+0530][gc,heap       ] GC(21) Humongous regions: 129->129
[2022-12-02T09:02:39.362+0530][gc,metaspace  ] GC(21) Metaspace: 46035K->46035K(1091584K)
[2022-12-02T09:02:39.362+0530][gc            ] GC(21) Pause Young (Normal) (G1 Evacuation Pause) 195M->148M(1024M) 6.081ms
[2022-12-02T09:02:39.362+0530][gc,cpu        ] GC(21) User=0.00s Sys=0.02s Real=0.01s
[2022-12-02T09:02:49.918+0530][gc,start      ] GC(22) Pause Young (Normal) (G1 Evacuation Pause)
[2022-12-02T09:02:49.918+0530][gc,task       ] GC(22) Using 8 workers of 8 for evacuation
[2022-12-02T09:02:49.927+0530][gc,phases     ] GC(22)   Pre Evacuate Collection Set: 0.1ms
[2022-12-02T09:02:49.927+0530][gc,phases     ] GC(22)   Evacuate Collection Set: 7.6ms
[2022-12-02T09:02:49.927+0530][gc,phases     ] GC(22)   Post Evacuate Collection Set: 1.0ms
[2022-12-02T09:02:49.927+0530][gc,phases     ] GC(22)   Other: 0.6ms
[2022-12-02T09:02:49.927+0530][gc,heap       ] GC(22) Eden regions: 47->0(47)
[2022-12-02T09:02:49.927+0530][gc,heap       ] GC(22) Survivor regions: 4->4(7)
[2022-12-02T09:02:49.927+0530][gc,heap       ] GC(22) Old regions: 18->18
[2022-12-02T09:02:49.927+0530][gc,heap       ] GC(22) Humongous regions: 129->129
[2022-12-02T09:02:49.927+0530][gc,metaspace  ] GC(22) Metaspace: 46035K->46035K(1091584K)
[2022-12-02T09:02:49.927+0530][gc            ] GC(22) Pause Young (Normal) (G1 Evacuation Pause) 195M->148M(1024M) 9.471ms
[2022-12-02T09:02:49.927+0530][gc,cpu        ] GC(22) User=0.03s Sys=0.00s Real=0.01s
[2022-12-02T09:02:59.967+0530][gc,start      ] GC(23) Pause Young (Normal) (G1 Evacuation Pause)
[2022-12-02T09:02:59.967+0530][gc,task       ] GC(23) Using 8 workers of 8 for evacuation
[2022-12-02T09:02:59.979+0530][gc,phases     ] GC(23)   Pre Evacuate Collection Set: 0.1ms
[2022-12-02T09:02:59.980+0530][gc,phases     ] GC(23)   Evacuate Collection Set: 10.6ms
[2022-12-02T09:02:59.980+0530][gc,phases     ] GC(23)   Post Evacuate Collection Set: 1.5ms
[2022-12-02T09:02:59.980+0530][gc,phases     ] GC(23)   Other: 0.6ms
[2022-12-02T09:02:59.980+0530][gc,heap       ] GC(23) Eden regions: 47->0(48)
[2022-12-02T09:02:59.980+0530][gc,heap       ] GC(23) Survivor regions: 4->3(7)
[2022-12-02T09:02:59.980+0530][gc,heap       ] GC(23) Old regions: 18->19
[2022-12-02T09:02:59.980+0530][gc,heap       ] GC(23) Humongous regions: 129->129
[2022-12-02T09:02:59.980+0530][gc,metaspace  ] GC(23) Metaspace: 46035K->46035K(1091584K)
[2022-12-02T09:02:59.980+0530][gc            ] GC(23) Pause Young (Normal) (G1 Evacuation Pause) 195M->149M(1024M) 13.049ms
[2022-12-02T09:02:59.980+0530][gc,cpu        ] GC(23) User=0.01s Sys=0.00s Real=0.01s
[2022-12-02T09:03:10.875+0530][gc,start      ] GC(24) Pause Young (Normal) (G1 Evacuation Pause)
[2022-12-02T09:03:10.875+0530][gc,task       ] GC(24) Using 8 workers of 8 for evacuation
[2022-12-02T09:03:10.885+0530][gc,phases     ] GC(24)   Pre Evacuate Collection Set: 0.1ms
[2022-12-02T09:03:10.885+0530][gc,phases     ] GC(24)   Evacuate Collection Set: 6.3ms
[2022-12-02T09:03:10.886+0530][gc,phases     ] GC(24)   Post Evacuate Collection Set: 3.6ms
[2022-12-02T09:03:10.886+0530][gc,phases     ] GC(24)   Other: 0.7ms
[2022-12-02T09:03:10.886+0530][gc,heap       ] GC(24) Eden regions: 48->0(51)
[2022-12-02T09:03:10.886+0530][gc,heap       ] GC(24) Survivor regions: 3->3(7)
[2022-12-02T09:03:10.886+0530][gc,heap       ] GC(24) Old regions: 19->19
[2022-12-02T09:03:10.886+0530][gc,heap       ] GC(24) Humongous regions: 129->129
[2022-12-02T09:03:10.886+0530][gc,metaspace  ] GC(24) Metaspace: 46035K->46035K(1091584K)
[2022-12-02T09:03:10.886+0530][gc            ] GC(24) Pause Young (Normal) (G1 Evacuation Pause) 197M->149M(1024M) 11.553ms
[2022-12-02T09:03:10.886+0530][gc,cpu        ] GC(24) User=0.00s Sys=0.00s Real=0.01s
[2022-12-02T09:03:23.100+0530][gc,start      ] GC(25) Pause Young (Normal) (G1 Evacuation Pause)
[2022-12-02T09:03:23.100+0530][gc,task       ] GC(25) Using 8 workers of 8 for evacuation
[2022-12-02T09:03:23.107+0530][gc,phases     ] GC(25)   Pre Evacuate Collection Set: 0.1ms
[2022-12-02T09:03:23.107+0530][gc,phases     ] GC(25)   Evacuate Collection Set: 5.5ms
[2022-12-02T09:03:23.107+0530][gc,phases     ] GC(25)   Post Evacuate Collection Set: 1.2ms
[2022-12-02T09:03:23.108+0530][gc,phases     ] GC(25)   Other: 0.8ms
[2022-12-02T09:03:23.108+0530][gc,heap       ] GC(25) Eden regions: 51->0(57)
[2022-12-02T09:03:23.108+0530][gc,heap       ] GC(25) Survivor regions: 3->4(7)
[2022-12-02T09:03:23.108+0530][gc,heap       ] GC(25) Old regions: 19->19
[2022-12-02T09:03:23.108+0530][gc,heap       ] GC(25) Humongous regions: 129->129
[2022-12-02T09:03:23.108+0530][gc,metaspace  ] GC(25) Metaspace: 46035K->46035K(1091584K)
[2022-12-02T09:03:23.108+0530][gc            ] GC(25) Pause Young (Normal) (G1 Evacuation Pause) 200M->149M(1024M) 7.959ms
[2022-12-02T09:03:23.108+0530][gc,cpu        ] GC(25) User=0.05s Sys=0.02s Real=0.01s
[2022-12-02T09:03:35.523+0530][gc,start      ] GC(26) Pause Young (Normal) (G1 Evacuation Pause)
[2022-12-02T09:03:35.523+0530][gc,task       ] GC(26) Using 8 workers of 8 for evacuation
[2022-12-02T09:03:35.527+0530][gc,phases     ] GC(26)   Pre Evacuate Collection Set: 0.0ms
[2022-12-02T09:03:35.527+0530][gc,phases     ] GC(26)   Evacuate Collection Set: 3.0ms
[2022-12-02T09:03:35.527+0530][gc,phases     ] GC(26)   Post Evacuate Collection Set: 0.9ms
[2022-12-02T09:03:35.527+0530][gc,phases     ] GC(26)   Other: 0.5ms
[2022-12-02T09:03:35.527+0530][gc,heap       ] GC(26) Eden regions: 57->0(64)
[2022-12-02T09:03:35.527+0530][gc,heap       ] GC(26) Survivor regions: 4->4(8)
[2022-12-02T09:03:35.527+0530][gc,heap       ] GC(26) Old regions: 19->19
[2022-12-02T09:03:35.527+0530][gc,heap       ] GC(26) Humongous regions: 129->129
[2022-12-02T09:03:35.527+0530][gc,metaspace  ] GC(26) Metaspace: 46035K->46035K(1091584K)
[2022-12-02T09:03:35.527+0530][gc            ] GC(26) Pause Young (Normal) (G1 Evacuation Pause) 206M->149M(1024M) 4.718ms
[2022-12-02T09:03:35.528+0530][gc,cpu        ] GC(26) User=0.11s Sys=0.00s Real=0.00s
[2022-12-02T09:05:06.889+0530][gc,start      ] GC(27) Pause Young (Normal) (G1 Evacuation Pause)
[2022-12-02T09:05:06.889+0530][gc,task       ] GC(27) Using 8 workers of 8 for evacuation
[2022-12-02T09:05:06.893+0530][gc,phases     ] GC(27)   Pre Evacuate Collection Set: 0.3ms
[2022-12-02T09:05:06.893+0530][gc,phases     ] GC(27)   Evacuate Collection Set: 2.7ms
[2022-12-02T09:05:06.893+0530][gc,phases     ] GC(27)   Post Evacuate Collection Set: 0.7ms
[2022-12-02T09:05:06.893+0530][gc,phases     ] GC(27)   Other: 0.6ms
[2022-12-02T09:05:06.893+0530][gc,heap       ] GC(27) Eden regions: 64->0(74)
[2022-12-02T09:05:06.893+0530][gc,heap       ] GC(27) Survivor regions: 4->3(9)
[2022-12-02T09:05:06.893+0530][gc,heap       ] GC(27) Old regions: 19->19
[2022-12-02T09:05:06.893+0530][gc,heap       ] GC(27) Humongous regions: 129->129
[2022-12-02T09:05:06.893+0530][gc,metaspace  ] GC(27) Metaspace: 46035K->46035K(1091584K)
[2022-12-02T09:05:06.893+0530][gc            ] GC(27) Pause Young (Normal) (G1 Evacuation Pause) 213M->149M(1024M) 4.516ms
[2022-12-02T09:05:06.894+0530][gc,cpu        ] GC(27) User=0.00s Sys=0.00s Real=0.01s
[2022-12-02T09:08:00.442+0530][gc,heap,exit  ] Heap
[2022-12-02T09:08:00.442+0530][gc,heap,exit  ]  garbage-first heap   total 1048576K, used 189841K [0x00000000c0000000, 0x0000000100000000)
[2022-12-02T09:08:00.442+0530][gc,heap,exit  ]   region size 1024K, 40 young (40960K), 3 survivors (3072K)
[2022-12-02T09:08:00.442+0530][gc,heap,exit  ]  Metaspace       used 46713K, capacity 49896K, committed 50124K, reserved 1091584K
[2022-12-02T09:08:00.442+0530][gc,heap,exit  ]   class space    used 6098K, capacity 7617K, committed 7628K, reserved 1048576K
