[2022-12-01T12:50:28.945+0530][gc,heap] Heap region size: 1M
[2022-12-01T12:50:28.977+0530][gc     ] Using G1
[2022-12-01T12:50:28.977+0530][gc,heap,coops] Heap address: 0x00000000c0000000, size: 1024 MB, Compressed Oops mode: 32-bit
[2022-12-01T12:50:28.979+0530][gc,cds       ] Mark closed archive regions in map: [0x00000000fff00000, 0x00000000fff6aff8]
[2022-12-01T12:50:28.980+0530][gc,cds       ] Mark open archive regions in map: [0x00000000ffe00000, 0x00000000ffe47ff8]
[2022-12-01T12:50:30.929+0530][gc,start     ] GC(0) Pause Young (Normal) (G1 Evacuation Pause)
[2022-12-01T12:50:30.934+0530][gc,task      ] GC(0) Using 8 workers of 8 for evacuation
[2022-12-01T12:50:30.968+0530][gc,mmu       ] GC(0) MMU target violated: 21.0ms (20.0ms/21.0ms)
[2022-12-01T12:50:30.968+0530][gc,phases    ] GC(0)   Pre Evacuate Collection Set: 0.0ms
[2022-12-01T12:50:30.968+0530][gc,phases    ] GC(0)   Evacuate Collection Set: 33.0ms
[2022-12-01T12:50:30.968+0530][gc,phases    ] GC(0)   Post Evacuate Collection Set: 0.9ms
[2022-12-01T12:50:30.968+0530][gc,phases    ] GC(0)   Other: 5.9ms
[2022-12-01T12:50:30.968+0530][gc,heap      ] GC(0) Eden regions: 51->0(44)
[2022-12-01T12:50:30.968+0530][gc,heap      ] GC(0) Survivor regions: 0->7(7)
[2022-12-01T12:50:30.968+0530][gc,heap      ] GC(0) Old regions: 2->2
[2022-12-01T12:50:30.968+0530][gc,heap      ] GC(0) Humongous regions: 0->0
[2022-12-01T12:50:30.968+0530][gc,metaspace ] GC(0) Metaspace: 14204K->14204K(1062912K)
[2022-12-01T12:50:30.969+0530][gc           ] GC(0) Pause Young (Normal) (G1 Evacuation Pause) 51M->7M(1024M) 40.002ms
[2022-12-01T12:50:30.969+0530][gc,cpu       ] GC(0) User=0.08s Sys=0.10s Real=0.04s
[2022-12-01T12:50:32.574+0530][gc,start     ] GC(1) Pause Young (Concurrent Start) (Metadata GC Threshold)
[2022-12-01T12:50:32.574+0530][gc,task      ] GC(1) Using 8 workers of 8 for evacuation
[2022-12-01T12:50:32.604+0530][gc,mmu       ] GC(1) MMU target violated: 21.0ms (20.0ms/21.0ms)
[2022-12-01T12:50:32.604+0530][gc,phases    ] GC(1)   Pre Evacuate Collection Set: 0.3ms
[2022-12-01T12:50:32.604+0530][gc,phases    ] GC(1)   Evacuate Collection Set: 28.6ms
[2022-12-01T12:50:32.604+0530][gc,phases    ] GC(1)   Post Evacuate Collection Set: 0.6ms
[2022-12-01T12:50:32.605+0530][gc,phases    ] GC(1)   Other: 0.9ms
[2022-12-01T12:50:32.605+0530][gc,heap      ] GC(1) Eden regions: 28->0(49)
[2022-12-01T12:50:32.605+0530][gc,heap      ] GC(1) Survivor regions: 7->2(7)
[2022-12-01T12:50:32.605+0530][gc,heap      ] GC(1) Old regions: 2->9
[2022-12-01T12:50:32.605+0530][gc,heap      ] GC(1) Humongous regions: 0->0
[2022-12-01T12:50:32.605+0530][gc,metaspace ] GC(1) Metaspace: 20647K->20647K(1067008K)
[2022-12-01T12:50:32.605+0530][gc           ] GC(1) Pause Young (Concurrent Start) (Metadata GC Threshold) 35M->8M(1024M) 30.712ms
[2022-12-01T12:50:32.605+0530][gc,cpu       ] GC(1) User=0.04s Sys=0.01s Real=0.03s
[2022-12-01T12:50:32.605+0530][gc           ] GC(2) Concurrent Cycle
[2022-12-01T12:50:32.605+0530][gc,marking   ] GC(2) Concurrent Clear Claimed Marks
[2022-12-01T12:50:32.605+0530][gc,marking   ] GC(2) Concurrent Clear Claimed Marks 0.114ms
[2022-12-01T12:50:32.605+0530][gc,marking   ] GC(2) Concurrent Scan Root Regions
[2022-12-01T12:50:32.607+0530][gc,marking   ] GC(2) Concurrent Scan Root Regions 1.866ms
[2022-12-01T12:50:32.607+0530][gc,marking   ] GC(2) Concurrent Mark (3.689s)
[2022-12-01T12:50:32.608+0530][gc,marking   ] GC(2) Concurrent Mark From Roots
[2022-12-01T12:50:32.608+0530][gc,task      ] GC(2) Using 2 workers of 2 for marking
[2022-12-01T12:50:32.616+0530][gc,marking   ] GC(2) Concurrent Mark From Roots 8.815ms
[2022-12-01T12:50:32.616+0530][gc,marking   ] GC(2) Concurrent Preclean
[2022-12-01T12:50:32.617+0530][gc,marking   ] GC(2) Concurrent Preclean 0.308ms
[2022-12-01T12:50:32.617+0530][gc,marking   ] GC(2) Concurrent Mark (3.689s, 3.698s) 9.336ms
[2022-12-01T12:50:32.617+0530][gc,start     ] GC(2) Pause Remark
[2022-12-01T12:50:32.620+0530][gc,stringtable] GC(2) Cleaned string and symbol table, strings: 5115 processed, 0 removed, symbols: 52178 processed, 42 removed
[2022-12-01T12:50:32.621+0530][gc            ] GC(2) Pause Remark 8M->8M(1024M) 3.664ms
[2022-12-01T12:50:32.621+0530][gc,cpu        ] GC(2) User=0.13s Sys=0.00s Real=0.00s
[2022-12-01T12:50:32.621+0530][gc,marking    ] GC(2) Concurrent Rebuild Remembered Sets
[2022-12-01T12:50:32.626+0530][gc,marking    ] GC(2) Concurrent Rebuild Remembered Sets 4.982ms
[2022-12-01T12:50:32.626+0530][gc,start      ] GC(2) Pause Cleanup
[2022-12-01T12:50:32.627+0530][gc            ] GC(2) Pause Cleanup 8M->8M(1024M) 0.381ms
[2022-12-01T12:50:32.627+0530][gc,cpu        ] GC(2) User=0.00s Sys=0.00s Real=0.00s
[2022-12-01T12:50:32.627+0530][gc,marking    ] GC(2) Concurrent Cleanup for Next Mark
[2022-12-01T12:50:32.645+0530][gc,marking    ] GC(2) Concurrent Cleanup for Next Mark 17.889ms
[2022-12-01T12:50:32.645+0530][gc            ] GC(2) Concurrent Cycle 39.881ms
[2022-12-01T12:50:34.046+0530][gc,start      ] GC(3) Pause Young (Normal) (G1 Evacuation Pause)
[2022-12-01T12:50:34.046+0530][gc,task       ] GC(3) Using 8 workers of 8 for evacuation
[2022-12-01T12:50:34.052+0530][gc,phases     ] GC(3)   Pre Evacuate Collection Set: 0.0ms
[2022-12-01T12:50:34.052+0530][gc,phases     ] GC(3)   Evacuate Collection Set: 4.6ms
[2022-12-01T12:50:34.052+0530][gc,phases     ] GC(3)   Post Evacuate Collection Set: 0.8ms
[2022-12-01T12:50:34.052+0530][gc,phases     ] GC(3)   Other: 0.4ms
[2022-12-01T12:50:34.052+0530][gc,heap       ] GC(3) Eden regions: 49->0(46)
[2022-12-01T12:50:34.052+0530][gc,heap       ] GC(3) Survivor regions: 2->5(7)
[2022-12-01T12:50:34.052+0530][gc,heap       ] GC(3) Old regions: 9->9
[2022-12-01T12:50:34.052+0530][gc,heap       ] GC(3) Humongous regions: 129->129
[2022-12-01T12:50:34.052+0530][gc,metaspace  ] GC(3) Metaspace: 29174K->29174K(1075200K)
[2022-12-01T12:50:34.052+0530][gc            ] GC(3) Pause Young (Normal) (G1 Evacuation Pause) 186M->140M(1024M) 6.127ms
[2022-12-01T12:50:34.052+0530][gc,cpu        ] GC(3) User=0.00s Sys=0.00s Real=0.01s
[2022-12-01T12:50:34.234+0530][gc,heap,exit  ] Heap
[2022-12-01T12:50:34.234+0530][gc,heap,exit  ]  garbage-first heap   total 1048576K, used 152826K [0x00000000c0000000, 0x0000000100000000)
[2022-12-01T12:50:34.234+0530][gc,heap,exit  ]   region size 1024K, 15 young (15360K), 5 survivors (5120K)
[2022-12-01T12:50:34.234+0530][gc,heap,exit  ]  Metaspace       used 30770K, capacity 31930K, committed 32252K, reserved 1077248K
[2022-12-01T12:50:34.234+0530][gc,heap,exit  ]   class space    used 3682K, capacity 4236K, committed 4348K, reserved 1048576K
