[2022-12-01T11:22:41.363+0530][gc,heap] Heap region size: 1M
[2022-12-01T11:22:41.397+0530][gc     ] Using G1
[2022-12-01T11:22:41.397+0530][gc,heap,coops] Heap address: 0x00000000c0000000, size: 1024 MB, Compressed Oops mode: 32-bit
[2022-12-01T11:22:41.398+0530][gc,cds       ] Mark closed archive regions in map: [0x00000000fff00000, 0x00000000fff6aff8]
[2022-12-01T11:22:41.398+0530][gc,cds       ] Mark open archive regions in map: [0x00000000ffe00000, 0x00000000ffe47ff8]
[2022-12-01T11:22:43.151+0530][gc,start     ] GC(0) Pause Young (Normal) (G1 Evacuation Pause)
[2022-12-01T11:22:43.155+0530][gc,task      ] GC(0) Using 8 workers of 8 for evacuation
[2022-12-01T11:22:43.193+0530][gc,mmu       ] GC(0) MMU target violated: 21.0ms (20.0ms/21.0ms)
[2022-12-01T11:22:43.193+0530][gc,phases    ] GC(0)   Pre Evacuate Collection Set: 0.0ms
[2022-12-01T11:22:43.193+0530][gc,phases    ] GC(0)   Evacuate Collection Set: 36.7ms
[2022-12-01T11:22:43.193+0530][gc,phases    ] GC(0)   Post Evacuate Collection Set: 0.8ms
[2022-12-01T11:22:43.193+0530][gc,phases    ] GC(0)   Other: 4.7ms
[2022-12-01T11:22:43.193+0530][gc,heap      ] GC(0) Eden regions: 51->0(44)
[2022-12-01T11:22:43.193+0530][gc,heap      ] GC(0) Survivor regions: 0->7(7)
[2022-12-01T11:22:43.193+0530][gc,heap      ] GC(0) Old regions: 2->2
[2022-12-01T11:22:43.193+0530][gc,heap      ] GC(0) Humongous regions: 0->0
[2022-12-01T11:22:43.194+0530][gc,metaspace ] GC(0) Metaspace: 14206K->14206K(1062912K)
[2022-12-01T11:22:43.194+0530][gc           ] GC(0) Pause Young (Normal) (G1 Evacuation Pause) 51M->7M(1024M) 42.527ms
[2022-12-01T11:22:43.194+0530][gc,cpu       ] GC(0) User=0.02s Sys=0.10s Real=0.05s
[2022-12-01T11:23:04.449+0530][gc,heap,exit ] Heap
[2022-12-01T11:23:04.449+0530][gc,heap,exit ]  garbage-first heap   total 1048576K, used 12458K [0x00000000c0000000, 0x0000000100000000)
[2022-12-01T11:23:04.449+0530][gc,heap,exit ]   region size 1024K, 13 young (13312K), 7 survivors (7168K)
[2022-12-01T11:23:04.449+0530][gc,heap,exit ]  Metaspace       used 15127K, capacity 15603K, committed 15744K, reserved 1062912K
[2022-12-01T11:23:04.449+0530][gc,heap,exit ]   class space    used 1887K, capacity 2076K, committed 2176K, reserved 1048576K
