[2022-12-01T12:46:57.088+0530][gc,heap] Heap region size: 1M
[2022-12-01T12:46:57.129+0530][gc     ] Using G1
[2022-12-01T12:46:57.130+0530][gc,heap,coops] Heap address: 0x00000000c0000000, size: 1024 MB, Compressed Oops mode: 32-bit
[2022-12-01T12:46:57.133+0530][gc,cds       ] Mark closed archive regions in map: [0x00000000fff00000, 0x00000000fff6aff8]
[2022-12-01T12:46:57.133+0530][gc,cds       ] Mark open archive regions in map: [0x00000000ffe00000, 0x00000000ffe47ff8]
[2022-12-01T12:46:59.101+0530][gc,start     ] GC(0) Pause Young (Normal) (G1 Evacuation Pause)
[2022-12-01T12:46:59.106+0530][gc,task      ] GC(0) Using 8 workers of 8 for evacuation
[2022-12-01T12:46:59.135+0530][gc,mmu       ] GC(0) MMU target violated: 21.0ms (20.0ms/21.0ms)
[2022-12-01T12:46:59.135+0530][gc,phases    ] GC(0)   Pre Evacuate Collection Set: 0.1ms
[2022-12-01T12:46:59.135+0530][gc,phases    ] GC(0)   Evacuate Collection Set: 27.3ms
[2022-12-01T12:46:59.135+0530][gc,phases    ] GC(0)   Post Evacuate Collection Set: 0.9ms
[2022-12-01T12:46:59.135+0530][gc,phases    ] GC(0)   Other: 6.3ms
[2022-12-01T12:46:59.136+0530][gc,heap      ] GC(0) Eden regions: 51->0(44)
[2022-12-01T12:46:59.136+0530][gc,heap      ] GC(0) Survivor regions: 0->7(7)
[2022-12-01T12:46:59.136+0530][gc,heap      ] GC(0) Old regions: 2->2
[2022-12-01T12:46:59.136+0530][gc,heap      ] GC(0) Humongous regions: 0->0
[2022-12-01T12:46:59.136+0530][gc,metaspace ] GC(0) Metaspace: 14196K->14196K(1062912K)
[2022-12-01T12:46:59.136+0530][gc           ] GC(0) Pause Young (Normal) (G1 Evacuation Pause) 51M->7M(1024M) 35.019ms
[2022-12-01T12:46:59.136+0530][gc,cpu       ] GC(0) User=0.00s Sys=0.09s Real=0.04s
[2022-12-01T12:47:00.608+0530][gc,start     ] GC(1) Pause Young (Concurrent Start) (Metadata GC Threshold)
[2022-12-01T12:47:00.608+0530][gc,task      ] GC(1) Using 8 workers of 8 for evacuation
[2022-12-01T12:47:00.642+0530][gc,mmu       ] GC(1) MMU target violated: 21.0ms (20.0ms/21.0ms)
[2022-12-01T12:47:00.642+0530][gc,phases    ] GC(1)   Pre Evacuate Collection Set: 0.1ms
[2022-12-01T12:47:00.642+0530][gc,phases    ] GC(1)   Evacuate Collection Set: 32.0ms
[2022-12-01T12:47:00.642+0530][gc,phases    ] GC(1)   Post Evacuate Collection Set: 0.7ms
[2022-12-01T12:47:00.642+0530][gc,phases    ] GC(1)   Other: 0.8ms
[2022-12-01T12:47:00.642+0530][gc,heap      ] GC(1) Eden regions: 29->0(49)
[2022-12-01T12:47:00.642+0530][gc,heap      ] GC(1) Survivor regions: 7->2(7)
[2022-12-01T12:47:00.642+0530][gc,heap      ] GC(1) Old regions: 2->9
[2022-12-01T12:47:00.642+0530][gc,heap      ] GC(1) Humongous regions: 0->0
[2022-12-01T12:47:00.642+0530][gc,metaspace ] GC(1) Metaspace: 20649K->20649K(1067008K)
[2022-12-01T12:47:00.642+0530][gc           ] GC(1) Pause Young (Concurrent Start) (Metadata GC Threshold) 35M->8M(1024M) 33.744ms
[2022-12-01T12:47:00.642+0530][gc,cpu       ] GC(1) User=0.15s Sys=0.01s Real=0.04s
[2022-12-01T12:47:00.643+0530][gc           ] GC(2) Concurrent Cycle
[2022-12-01T12:47:00.643+0530][gc,marking   ] GC(2) Concurrent Clear Claimed Marks
[2022-12-01T12:47:00.643+0530][gc,marking   ] GC(2) Concurrent Clear Claimed Marks 0.187ms
[2022-12-01T12:47:00.643+0530][gc,marking   ] GC(2) Concurrent Scan Root Regions
[2022-12-01T12:47:00.645+0530][gc,marking   ] GC(2) Concurrent Scan Root Regions 2.204ms
[2022-12-01T12:47:00.645+0530][gc,marking   ] GC(2) Concurrent Mark (3.579s)
[2022-12-01T12:47:00.645+0530][gc,marking   ] GC(2) Concurrent Mark From Roots
[2022-12-01T12:47:00.645+0530][gc,task      ] GC(2) Using 2 workers of 2 for marking
[2022-12-01T12:47:00.657+0530][gc,marking   ] GC(2) Concurrent Mark From Roots 12.185ms
[2022-12-01T12:47:00.658+0530][gc,marking   ] GC(2) Concurrent Preclean
[2022-12-01T12:47:00.658+0530][gc,marking   ] GC(2) Concurrent Preclean 0.335ms
[2022-12-01T12:47:00.658+0530][gc,marking   ] GC(2) Concurrent Mark (3.579s, 3.592s) 12.773ms
[2022-12-01T12:47:00.658+0530][gc,start     ] GC(2) Pause Remark
[2022-12-01T12:47:00.660+0530][gc,stringtable] GC(2) Cleaned string and symbol table, strings: 5112 processed, 0 removed, symbols: 52174 processed, 42 removed
[2022-12-01T12:47:00.661+0530][gc            ] GC(2) Pause Remark 8M->8M(1024M) 2.437ms
[2022-12-01T12:47:00.661+0530][gc,cpu        ] GC(2) User=0.00s Sys=0.00s Real=0.00s
[2022-12-01T12:47:00.661+0530][gc,marking    ] GC(2) Concurrent Rebuild Remembered Sets
[2022-12-01T12:47:00.665+0530][gc,marking    ] GC(2) Concurrent Rebuild Remembered Sets 3.874ms
[2022-12-01T12:47:00.665+0530][gc,start      ] GC(2) Pause Cleanup
[2022-12-01T12:47:00.665+0530][gc            ] GC(2) Pause Cleanup 8M->8M(1024M) 0.305ms
[2022-12-01T12:47:00.666+0530][gc,cpu        ] GC(2) User=0.00s Sys=0.00s Real=0.00s
[2022-12-01T12:47:00.666+0530][gc,marking    ] GC(2) Concurrent Cleanup for Next Mark
[2022-12-01T12:47:00.682+0530][gc,marking    ] GC(2) Concurrent Cleanup for Next Mark 16.219ms
[2022-12-01T12:47:00.682+0530][gc            ] GC(2) Concurrent Cycle 39.633ms
[2022-12-01T12:47:02.115+0530][gc,start      ] GC(3) Pause Young (Normal) (G1 Evacuation Pause)
[2022-12-01T12:47:02.115+0530][gc,task       ] GC(3) Using 8 workers of 8 for evacuation
[2022-12-01T12:47:02.120+0530][gc,phases     ] GC(3)   Pre Evacuate Collection Set: 0.0ms
[2022-12-01T12:47:02.120+0530][gc,phases     ] GC(3)   Evacuate Collection Set: 4.0ms
[2022-12-01T12:47:02.120+0530][gc,phases     ] GC(3)   Post Evacuate Collection Set: 0.6ms
[2022-12-01T12:47:02.120+0530][gc,phases     ] GC(3)   Other: 0.4ms
[2022-12-01T12:47:02.120+0530][gc,heap       ] GC(3) Eden regions: 49->0(46)
[2022-12-01T12:47:02.120+0530][gc,heap       ] GC(3) Survivor regions: 2->5(7)
[2022-12-01T12:47:02.120+0530][gc,heap       ] GC(3) Old regions: 9->9
[2022-12-01T12:47:02.120+0530][gc,heap       ] GC(3) Humongous regions: 129->129
[2022-12-01T12:47:02.120+0530][gc,metaspace  ] GC(3) Metaspace: 29163K->29163K(1075200K)
[2022-12-01T12:47:02.120+0530][gc            ] GC(3) Pause Young (Normal) (G1 Evacuation Pause) 186M->140M(1024M) 5.316ms
[2022-12-01T12:47:02.120+0530][gc,cpu        ] GC(3) User=0.10s Sys=0.01s Real=0.00s
[2022-12-01T12:47:02.306+0530][gc,heap,exit  ] Heap
[2022-12-01T12:47:02.306+0530][gc,heap,exit  ]  garbage-first heap   total 1048576K, used 152796K [0x00000000c0000000, 0x0000000100000000)
[2022-12-01T12:47:02.306+0530][gc,heap,exit  ]   region size 1024K, 15 young (15360K), 5 survivors (5120K)
[2022-12-01T12:47:02.306+0530][gc,heap,exit  ]  Metaspace       used 30782K, capacity 31930K, committed 32256K, reserved 1077248K
[2022-12-01T12:47:02.307+0530][gc,heap,exit  ]   class space    used 3684K, capacity 4236K, committed 4352K, reserved 1048576K
