[2022-12-01T12:44:52.221+0530][gc,heap] Heap region size: 1M
[2022-12-01T12:44:52.255+0530][gc     ] Using G1
[2022-12-01T12:44:52.255+0530][gc,heap,coops] Heap address: 0x00000000c0000000, size: 1024 MB, Compressed Oops mode: 32-bit
[2022-12-01T12:44:52.257+0530][gc,cds       ] Mark closed archive regions in map: [0x00000000fff00000, 0x00000000fff6aff8]
[2022-12-01T12:44:52.257+0530][gc,cds       ] Mark open archive regions in map: [0x00000000ffe00000, 0x00000000ffe47ff8]
[2022-12-01T12:44:54.334+0530][gc,start     ] GC(0) Pause Young (Normal) (G1 Evacuation Pause)
[2022-12-01T12:44:54.339+0530][gc,task      ] GC(0) Using 8 workers of 8 for evacuation
[2022-12-01T12:44:54.371+0530][gc,mmu       ] GC(0) MMU target violated: 21.0ms (20.0ms/21.0ms)
[2022-12-01T12:44:54.371+0530][gc,phases    ] GC(0)   Pre Evacuate Collection Set: 0.0ms
[2022-12-01T12:44:54.371+0530][gc,phases    ] GC(0)   Evacuate Collection Set: 30.9ms
[2022-12-01T12:44:54.371+0530][gc,phases    ] GC(0)   Post Evacuate Collection Set: 0.9ms
[2022-12-01T12:44:54.371+0530][gc,phases    ] GC(0)   Other: 5.2ms
[2022-12-01T12:44:54.371+0530][gc,heap      ] GC(0) Eden regions: 51->0(44)
[2022-12-01T12:44:54.371+0530][gc,heap      ] GC(0) Survivor regions: 0->7(7)
[2022-12-01T12:44:54.371+0530][gc,heap      ] GC(0) Old regions: 2->2
[2022-12-01T12:44:54.371+0530][gc,heap      ] GC(0) Humongous regions: 0->0
[2022-12-01T12:44:54.371+0530][gc,metaspace ] GC(0) Metaspace: 14204K->14204K(1062912K)
[2022-12-01T12:44:54.372+0530][gc           ] GC(0) Pause Young (Normal) (G1 Evacuation Pause) 51M->7M(1024M) 37.417ms
[2022-12-01T12:44:54.372+0530][gc,cpu       ] GC(0) User=0.17s Sys=0.03s Real=0.03s
[2022-12-01T12:44:55.886+0530][gc,start     ] GC(1) Pause Young (Concurrent Start) (Metadata GC Threshold)
[2022-12-01T12:44:55.886+0530][gc,task      ] GC(1) Using 8 workers of 8 for evacuation
[2022-12-01T12:44:55.906+0530][gc,phases    ] GC(1)   Pre Evacuate Collection Set: 0.1ms
[2022-12-01T12:44:55.906+0530][gc,phases    ] GC(1)   Evacuate Collection Set: 19.2ms
[2022-12-01T12:44:55.906+0530][gc,phases    ] GC(1)   Post Evacuate Collection Set: 0.4ms
[2022-12-01T12:44:55.906+0530][gc,phases    ] GC(1)   Other: 0.4ms
[2022-12-01T12:44:55.906+0530][gc,heap      ] GC(1) Eden regions: 28->0(49)
[2022-12-01T12:44:55.906+0530][gc,heap      ] GC(1) Survivor regions: 7->2(7)
[2022-12-01T12:44:55.906+0530][gc,heap      ] GC(1) Old regions: 2->9
[2022-12-01T12:44:55.906+0530][gc,heap      ] GC(1) Humongous regions: 0->0
[2022-12-01T12:44:55.907+0530][gc,metaspace ] GC(1) Metaspace: 20576K->20576K(1067008K)
[2022-12-01T12:44:55.907+0530][gc           ] GC(1) Pause Young (Concurrent Start) (Metadata GC Threshold) 34M->8M(1024M) 20.259ms
[2022-12-01T12:44:55.907+0530][gc,cpu       ] GC(1) User=0.11s Sys=0.00s Real=0.02s
[2022-12-01T12:44:55.907+0530][gc           ] GC(2) Concurrent Cycle
[2022-12-01T12:44:55.907+0530][gc,marking   ] GC(2) Concurrent Clear Claimed Marks
[2022-12-01T12:44:55.907+0530][gc,marking   ] GC(2) Concurrent Clear Claimed Marks 0.091ms
[2022-12-01T12:44:55.907+0530][gc,marking   ] GC(2) Concurrent Scan Root Regions
[2022-12-01T12:44:55.908+0530][gc,marking   ] GC(2) Concurrent Scan Root Regions 1.409ms
[2022-12-01T12:44:55.908+0530][gc,marking   ] GC(2) Concurrent Mark (3.715s)
[2022-12-01T12:44:55.908+0530][gc,marking   ] GC(2) Concurrent Mark From Roots
[2022-12-01T12:44:55.908+0530][gc,task      ] GC(2) Using 2 workers of 2 for marking
[2022-12-01T12:44:55.915+0530][gc,marking   ] GC(2) Concurrent Mark From Roots 6.742ms
[2022-12-01T12:44:55.915+0530][gc,marking   ] GC(2) Concurrent Preclean
[2022-12-01T12:44:55.915+0530][gc,marking   ] GC(2) Concurrent Preclean 0.250ms
[2022-12-01T12:44:55.916+0530][gc,marking   ] GC(2) Concurrent Mark (3.715s, 3.722s) 7.133ms
[2022-12-01T12:44:55.916+0530][gc,start     ] GC(2) Pause Remark
[2022-12-01T12:44:55.918+0530][gc,stringtable] GC(2) Cleaned string and symbol table, strings: 5104 processed, 0 removed, symbols: 52065 processed, 42 removed
[2022-12-01T12:44:55.918+0530][gc            ] GC(2) Pause Remark 9M->9M(1024M) 2.175ms
[2022-12-01T12:44:55.918+0530][gc,cpu        ] GC(2) User=0.12s Sys=0.00s Real=0.00s
[2022-12-01T12:44:55.918+0530][gc,marking    ] GC(2) Concurrent Rebuild Remembered Sets
[2022-12-01T12:44:55.921+0530][gc,marking    ] GC(2) Concurrent Rebuild Remembered Sets 3.061ms
[2022-12-01T12:44:55.922+0530][gc,start      ] GC(2) Pause Cleanup
[2022-12-01T12:44:55.922+0530][gc            ] GC(2) Pause Cleanup 9M->9M(1024M) 0.181ms
[2022-12-01T12:44:55.922+0530][gc,cpu        ] GC(2) User=0.00s Sys=0.00s Real=0.01s
[2022-12-01T12:44:55.922+0530][gc,marking    ] GC(2) Concurrent Cleanup for Next Mark
[2022-12-01T12:44:55.936+0530][gc,marking    ] GC(2) Concurrent Cleanup for Next Mark 13.652ms
[2022-12-01T12:44:55.936+0530][gc            ] GC(2) Concurrent Cycle 29.081ms
[2022-12-01T12:44:57.306+0530][gc,start      ] GC(3) Pause Young (Normal) (G1 Evacuation Pause)
[2022-12-01T12:44:57.306+0530][gc,task       ] GC(3) Using 8 workers of 8 for evacuation
[2022-12-01T12:44:57.311+0530][gc,phases     ] GC(3)   Pre Evacuate Collection Set: 0.0ms
[2022-12-01T12:44:57.311+0530][gc,phases     ] GC(3)   Evacuate Collection Set: 3.9ms
[2022-12-01T12:44:57.311+0530][gc,phases     ] GC(3)   Post Evacuate Collection Set: 0.8ms
[2022-12-01T12:44:57.311+0530][gc,phases     ] GC(3)   Other: 0.3ms
[2022-12-01T12:44:57.311+0530][gc,heap       ] GC(3) Eden regions: 49->0(46)
[2022-12-01T12:44:57.311+0530][gc,heap       ] GC(3) Survivor regions: 2->5(7)
[2022-12-01T12:44:57.311+0530][gc,heap       ] GC(3) Old regions: 9->9
[2022-12-01T12:44:57.311+0530][gc,heap       ] GC(3) Humongous regions: 129->129
[2022-12-01T12:44:57.311+0530][gc,metaspace  ] GC(3) Metaspace: 29071K->29071K(1075200K)
[2022-12-01T12:44:57.312+0530][gc            ] GC(3) Pause Young (Normal) (G1 Evacuation Pause) 186M->140M(1024M) 5.555ms
[2022-12-01T12:44:57.312+0530][gc,cpu        ] GC(3) User=0.11s Sys=0.01s Real=0.00s
[2022-12-01T12:44:57.497+0530][gc,heap,exit  ] Heap
[2022-12-01T12:44:57.497+0530][gc,heap,exit  ]  garbage-first heap   total 1048576K, used 153963K [0x00000000c0000000, 0x0000000100000000)
[2022-12-01T12:44:57.498+0530][gc,heap,exit  ]   region size 1024K, 16 young (16384K), 5 survivors (5120K)
[2022-12-01T12:44:57.498+0530][gc,heap,exit  ]  Metaspace       used 30751K, capacity 31907K, committed 32256K, reserved 1077248K
[2022-12-01T12:44:57.498+0530][gc,heap,exit  ]   class space    used 3677K, capacity 4233K, committed 4352K, reserved 1048576K
