[2022-12-02T11:25:42.388+0530][gc,heap] Heap region size: 1M
[2022-12-02T11:25:42.454+0530][gc     ] Using G1
[2022-12-02T11:25:42.454+0530][gc,heap,coops] Heap address: 0x00000000c0000000, size: 1024 MB, Compressed Oops mode: 32-bit
[2022-12-02T11:25:42.456+0530][gc,cds       ] Mark closed archive regions in map: [0x00000000fff00000, 0x00000000fff6aff8]
[2022-12-02T11:25:42.457+0530][gc,cds       ] Mark open archive regions in map: [0x00000000ffe00000, 0x00000000ffe47ff8]
[2022-12-02T11:25:44.312+0530][gc,start     ] GC(0) Pause Young (Normal) (G1 Evacuation Pause)
[2022-12-02T11:25:44.316+0530][gc,task      ] GC(0) Using 8 workers of 8 for evacuation
[2022-12-02T11:25:44.344+0530][gc,mmu       ] GC(0) MMU target violated: 21.0ms (20.0ms/21.0ms)
[2022-12-02T11:25:44.344+0530][gc,phases    ] GC(0)   Pre Evacuate Collection Set: 0.0ms
[2022-12-02T11:25:44.344+0530][gc,phases    ] GC(0)   Evacuate Collection Set: 26.3ms
[2022-12-02T11:25:44.344+0530][gc,phases    ] GC(0)   Post Evacuate Collection Set: 0.9ms
[2022-12-02T11:25:44.344+0530][gc,phases    ] GC(0)   Other: 4.3ms
[2022-12-02T11:25:44.344+0530][gc,heap      ] GC(0) Eden regions: 51->0(44)
[2022-12-02T11:25:44.344+0530][gc,heap      ] GC(0) Survivor regions: 0->7(7)
[2022-12-02T11:25:44.344+0530][gc,heap      ] GC(0) Old regions: 2->2
[2022-12-02T11:25:44.344+0530][gc,heap      ] GC(0) Humongous regions: 0->0
[2022-12-02T11:25:44.344+0530][gc,metaspace ] GC(0) Metaspace: 14204K->14204K(1062912K)
[2022-12-02T11:25:44.344+0530][gc           ] GC(0) Pause Young (Normal) (G1 Evacuation Pause) 51M->7M(1024M) 32.035ms
[2022-12-02T11:25:44.344+0530][gc,cpu       ] GC(0) User=0.12s Sys=0.08s Real=0.03s
[2022-12-02T11:25:45.596+0530][gc,start     ] GC(1) Pause Young (Concurrent Start) (Metadata GC Threshold)
[2022-12-02T11:25:45.596+0530][gc,task      ] GC(1) Using 8 workers of 8 for evacuation
[2022-12-02T11:25:45.624+0530][gc,mmu       ] GC(1) MMU target violated: 21.0ms (20.0ms/21.0ms)
[2022-12-02T11:25:45.624+0530][gc,phases    ] GC(1)   Pre Evacuate Collection Set: 0.1ms
[2022-12-02T11:25:45.624+0530][gc,phases    ] GC(1)   Evacuate Collection Set: 26.2ms
[2022-12-02T11:25:45.624+0530][gc,phases    ] GC(1)   Post Evacuate Collection Set: 0.6ms
[2022-12-02T11:25:45.624+0530][gc,phases    ] GC(1)   Other: 0.8ms
[2022-12-02T11:25:45.624+0530][gc,heap      ] GC(1) Eden regions: 28->0(49)
[2022-12-02T11:25:45.624+0530][gc,heap      ] GC(1) Survivor regions: 7->2(7)
[2022-12-02T11:25:45.624+0530][gc,heap      ] GC(1) Old regions: 2->9
[2022-12-02T11:25:45.624+0530][gc,heap      ] GC(1) Humongous regions: 0->0
[2022-12-02T11:25:45.624+0530][gc,metaspace ] GC(1) Metaspace: 20622K->20622K(1067008K)
[2022-12-02T11:25:45.624+0530][gc           ] GC(1) Pause Young (Concurrent Start) (Metadata GC Threshold) 35M->8M(1024M) 27.967ms
[2022-12-02T11:25:45.624+0530][gc,cpu       ] GC(1) User=0.05s Sys=0.08s Real=0.03s
[2022-12-02T11:25:45.625+0530][gc           ] GC(2) Concurrent Cycle
[2022-12-02T11:25:45.625+0530][gc,marking   ] GC(2) Concurrent Clear Claimed Marks
[2022-12-02T11:25:45.625+0530][gc,marking   ] GC(2) Concurrent Clear Claimed Marks 0.212ms
[2022-12-02T11:25:45.625+0530][gc,marking   ] GC(2) Concurrent Scan Root Regions
[2022-12-02T11:25:45.627+0530][gc,marking   ] GC(2) Concurrent Scan Root Regions 2.393ms
[2022-12-02T11:25:45.627+0530][gc,marking   ] GC(2) Concurrent Mark (3.273s)
[2022-12-02T11:25:45.627+0530][gc,marking   ] GC(2) Concurrent Mark From Roots
[2022-12-02T11:25:45.627+0530][gc,task      ] GC(2) Using 2 workers of 2 for marking
[2022-12-02T11:25:45.635+0530][gc,marking   ] GC(2) Concurrent Mark From Roots 7.914ms
[2022-12-02T11:25:45.635+0530][gc,marking   ] GC(2) Concurrent Preclean
[2022-12-02T11:25:45.636+0530][gc,marking   ] GC(2) Concurrent Preclean 0.454ms
[2022-12-02T11:25:45.636+0530][gc,marking   ] GC(2) Concurrent Mark (3.273s, 3.281s) 8.599ms
[2022-12-02T11:25:45.636+0530][gc,start     ] GC(2) Pause Remark
[2022-12-02T11:25:45.639+0530][gc,stringtable] GC(2) Cleaned string and symbol table, strings: 5107 processed, 0 removed, symbols: 52157 processed, 42 removed
[2022-12-02T11:25:45.639+0530][gc            ] GC(2) Pause Remark 8M->8M(1024M) 3.132ms
[2022-12-02T11:25:45.639+0530][gc,cpu        ] GC(2) User=0.00s Sys=0.00s Real=0.00s
[2022-12-02T11:25:45.640+0530][gc,marking    ] GC(2) Concurrent Rebuild Remembered Sets
[2022-12-02T11:25:45.643+0530][gc,marking    ] GC(2) Concurrent Rebuild Remembered Sets 3.111ms
[2022-12-02T11:25:45.643+0530][gc,start      ] GC(2) Pause Cleanup
[2022-12-02T11:25:45.643+0530][gc            ] GC(2) Pause Cleanup 8M->8M(1024M) 0.246ms
[2022-12-02T11:25:45.643+0530][gc,cpu        ] GC(2) User=0.00s Sys=0.00s Real=0.00s
[2022-12-02T11:25:45.643+0530][gc,marking    ] GC(2) Concurrent Cleanup for Next Mark
[2022-12-02T11:25:45.660+0530][gc,marking    ] GC(2) Concurrent Cleanup for Next Mark 16.231ms
[2022-12-02T11:25:45.660+0530][gc            ] GC(2) Concurrent Cycle 35.492ms
[2022-12-02T11:25:51.426+0530][gc,start      ] GC(3) Pause Young (Normal) (G1 Evacuation Pause)
[2022-12-02T11:25:51.426+0530][gc,task       ] GC(3) Using 8 workers of 8 for evacuation
[2022-12-02T11:25:51.430+0530][gc,phases     ] GC(3)   Pre Evacuate Collection Set: 0.0ms
[2022-12-02T11:25:51.430+0530][gc,phases     ] GC(3)   Evacuate Collection Set: 3.2ms
[2022-12-02T11:25:51.430+0530][gc,phases     ] GC(3)   Post Evacuate Collection Set: 0.5ms
[2022-12-02T11:25:51.430+0530][gc,phases     ] GC(3)   Other: 0.3ms
[2022-12-02T11:25:51.430+0530][gc,heap       ] GC(3) Eden regions: 49->0(47)
[2022-12-02T11:25:51.430+0530][gc,heap       ] GC(3) Survivor regions: 2->4(7)
[2022-12-02T11:25:51.430+0530][gc,heap       ] GC(3) Old regions: 9->9
[2022-12-02T11:25:51.430+0530][gc,heap       ] GC(3) Humongous regions: 129->129
[2022-12-02T11:25:51.430+0530][gc,metaspace  ] GC(3) Metaspace: 28213K->28213K(1075200K)
[2022-12-02T11:25:51.430+0530][gc            ] GC(3) Pause Young (Normal) (G1 Evacuation Pause) 186M->139M(1024M) 4.349ms
[2022-12-02T11:25:51.430+0530][gc,cpu        ] GC(3) User=0.00s Sys=0.00s Real=0.00s
[2022-12-02T11:25:52.249+0530][gc,start      ] GC(4) Pause Young (Concurrent Start) (Metadata GC Threshold)
[2022-12-02T11:25:52.249+0530][gc,task       ] GC(4) Using 8 workers of 8 for evacuation
[2022-12-02T11:25:52.255+0530][gc,phases     ] GC(4)   Pre Evacuate Collection Set: 0.2ms
[2022-12-02T11:25:52.255+0530][gc,phases     ] GC(4)   Evacuate Collection Set: 5.1ms
[2022-12-02T11:25:52.255+0530][gc,phases     ] GC(4)   Post Evacuate Collection Set: 0.4ms
[2022-12-02T11:25:52.255+0530][gc,phases     ] GC(4)   Other: 0.5ms
[2022-12-02T11:25:52.256+0530][gc,heap       ] GC(4) Eden regions: 39->0(44)
[2022-12-02T11:25:52.256+0530][gc,heap       ] GC(4) Survivor regions: 4->7(7)
[2022-12-02T11:25:52.256+0530][gc,heap       ] GC(4) Old regions: 9->9
[2022-12-02T11:25:52.256+0530][gc,heap       ] GC(4) Humongous regions: 129->129
[2022-12-02T11:25:52.256+0530][gc,metaspace  ] GC(4) Metaspace: 34459K->34459K(1081344K)
[2022-12-02T11:25:52.256+0530][gc            ] GC(4) Pause Young (Concurrent Start) (Metadata GC Threshold) 178M->143M(1024M) 6.314ms
[2022-12-02T11:25:52.256+0530][gc,cpu        ] GC(4) User=0.00s Sys=0.00s Real=0.01s
[2022-12-02T11:25:52.256+0530][gc            ] GC(5) Concurrent Cycle
[2022-12-02T11:25:52.256+0530][gc,marking    ] GC(5) Concurrent Clear Claimed Marks
[2022-12-02T11:25:52.256+0530][gc,marking    ] GC(5) Concurrent Clear Claimed Marks 0.128ms
[2022-12-02T11:25:52.256+0530][gc,marking    ] GC(5) Concurrent Scan Root Regions
[2022-12-02T11:25:52.260+0530][gc,marking    ] GC(5) Concurrent Scan Root Regions 3.915ms
[2022-12-02T11:25:52.260+0530][gc,marking    ] GC(5) Concurrent Mark (9.905s)
[2022-12-02T11:25:52.260+0530][gc,marking    ] GC(5) Concurrent Mark From Roots
[2022-12-02T11:25:52.260+0530][gc,task       ] GC(5) Using 2 workers of 2 for marking
[2022-12-02T11:25:52.269+0530][gc,marking    ] GC(5) Concurrent Mark From Roots 8.606ms
[2022-12-02T11:25:52.269+0530][gc,marking    ] GC(5) Concurrent Preclean
[2022-12-02T11:25:52.269+0530][gc,marking    ] GC(5) Concurrent Preclean 0.218ms
[2022-12-02T11:25:52.269+0530][gc,marking    ] GC(5) Concurrent Mark (9.905s, 9.914s) 9.014ms
[2022-12-02T11:25:52.270+0530][gc,start      ] GC(5) Pause Remark
[2022-12-02T11:25:52.273+0530][gc,stringtable] GC(5) Cleaned string and symbol table, strings: 10531 processed, 12 removed, symbols: 82063 processed, 15 removed
[2022-12-02T11:25:52.274+0530][gc            ] GC(5) Pause Remark 144M->144M(1024M) 3.937ms
[2022-12-02T11:25:52.274+0530][gc,cpu        ] GC(5) User=0.00s Sys=0.00s Real=0.01s
[2022-12-02T11:25:52.274+0530][gc,marking    ] GC(5) Concurrent Rebuild Remembered Sets
[2022-12-02T11:25:52.279+0530][gc,marking    ] GC(5) Concurrent Rebuild Remembered Sets 4.825ms
[2022-12-02T11:25:52.279+0530][gc,start      ] GC(5) Pause Cleanup
[2022-12-02T11:25:52.280+0530][gc            ] GC(5) Pause Cleanup 144M->144M(1024M) 0.307ms
[2022-12-02T11:25:52.280+0530][gc,cpu        ] GC(5) User=0.00s Sys=0.00s Real=0.00s
[2022-12-02T11:25:52.280+0530][gc,marking    ] GC(5) Concurrent Cleanup for Next Mark
[2022-12-02T11:25:52.307+0530][gc,marking    ] GC(5) Concurrent Cleanup for Next Mark 26.805ms
[2022-12-02T11:25:52.307+0530][gc            ] GC(5) Concurrent Cycle 50.923ms
[2022-12-02T11:29:23.395+0530][gc,start      ] GC(6) Pause Young (Normal) (G1 Evacuation Pause)
[2022-12-02T11:29:23.395+0530][gc,task       ] GC(6) Using 8 workers of 8 for evacuation
[2022-12-02T11:29:23.409+0530][gc,phases     ] GC(6)   Pre Evacuate Collection Set: 0.3ms
[2022-12-02T11:29:23.409+0530][gc,phases     ] GC(6)   Evacuate Collection Set: 11.8ms
[2022-12-02T11:29:23.409+0530][gc,phases     ] GC(6)   Post Evacuate Collection Set: 1.3ms
[2022-12-02T11:29:23.409+0530][gc,phases     ] GC(6)   Other: 0.6ms
[2022-12-02T11:29:23.409+0530][gc,heap       ] GC(6) Eden regions: 44->0(45)
[2022-12-02T11:29:23.409+0530][gc,heap       ] GC(6) Survivor regions: 7->6(7)
[2022-12-02T11:29:23.409+0530][gc,heap       ] GC(6) Old regions: 9->12
[2022-12-02T11:29:23.409+0530][gc,heap       ] GC(6) Humongous regions: 147->129
[2022-12-02T11:29:23.410+0530][gc,metaspace  ] GC(6) Metaspace: 40730K->40730K(1085440K)
[2022-12-02T11:29:23.410+0530][gc            ] GC(6) Pause Young (Normal) (G1 Evacuation Pause) 205M->144M(1024M) 14.549ms
[2022-12-02T11:29:23.410+0530][gc,cpu        ] GC(6) User=0.07s Sys=0.03s Real=0.01s
[2022-12-02T11:39:19.261+0530][gc,start      ] GC(7) Pause Young (Normal) (G1 Evacuation Pause)
[2022-12-02T11:39:19.261+0530][gc,task       ] GC(7) Using 8 workers of 8 for evacuation
[2022-12-02T11:39:19.277+0530][gc,phases     ] GC(7)   Pre Evacuate Collection Set: 0.2ms
[2022-12-02T11:39:19.277+0530][gc,phases     ] GC(7)   Evacuate Collection Set: 13.0ms
[2022-12-02T11:39:19.277+0530][gc,phases     ] GC(7)   Post Evacuate Collection Set: 1.6ms
[2022-12-02T11:39:19.277+0530][gc,phases     ] GC(7)   Other: 0.8ms
[2022-12-02T11:39:19.277+0530][gc,heap       ] GC(7) Eden regions: 45->0(45)
[2022-12-02T11:39:19.277+0530][gc,heap       ] GC(7) Survivor regions: 6->6(7)
[2022-12-02T11:39:19.277+0530][gc,heap       ] GC(7) Old regions: 12->15
[2022-12-02T11:39:19.277+0530][gc,heap       ] GC(7) Humongous regions: 129->129
[2022-12-02T11:39:19.277+0530][gc,metaspace  ] GC(7) Metaspace: 43975K->43975K(1089536K)
[2022-12-02T11:39:19.277+0530][gc            ] GC(7) Pause Young (Normal) (G1 Evacuation Pause) 189M->148M(1024M) 16.132ms
[2022-12-02T11:39:19.277+0530][gc,cpu        ] GC(7) User=0.01s Sys=0.00s Real=0.02s
[2022-12-02T11:51:51.249+0530][gc,start      ] GC(8) Pause Young (Normal) (G1 Evacuation Pause)
[2022-12-02T11:51:51.249+0530][gc,task       ] GC(8) Using 8 workers of 8 for evacuation
[2022-12-02T11:51:51.260+0530][gc,phases     ] GC(8)   Pre Evacuate Collection Set: 0.2ms
[2022-12-02T11:51:51.260+0530][gc,phases     ] GC(8)   Evacuate Collection Set: 8.6ms
[2022-12-02T11:51:51.260+0530][gc,phases     ] GC(8)   Post Evacuate Collection Set: 1.1ms
[2022-12-02T11:51:51.260+0530][gc,phases     ] GC(8)   Other: 0.7ms
[2022-12-02T11:51:51.260+0530][gc,heap       ] GC(8) Eden regions: 45->0(48)
[2022-12-02T11:51:51.260+0530][gc,heap       ] GC(8) Survivor regions: 6->3(7)
[2022-12-02T11:51:51.260+0530][gc,heap       ] GC(8) Old regions: 15->18
[2022-12-02T11:51:51.260+0530][gc,heap       ] GC(8) Humongous regions: 129->129
[2022-12-02T11:51:51.260+0530][gc,metaspace  ] GC(8) Metaspace: 44080K->44080K(1089536K)
[2022-12-02T11:51:51.260+0530][gc            ] GC(8) Pause Young (Normal) (G1 Evacuation Pause) 193M->148M(1024M) 11.064ms
[2022-12-02T11:51:51.260+0530][gc,cpu        ] GC(8) User=0.00s Sys=0.00s Real=0.01s
[2022-12-02T12:07:03.397+0530][gc,start      ] GC(9) Pause Young (Normal) (G1 Evacuation Pause)
[2022-12-02T12:07:03.397+0530][gc,task       ] GC(9) Using 8 workers of 8 for evacuation
[2022-12-02T12:07:03.400+0530][gc,phases     ] GC(9)   Pre Evacuate Collection Set: 0.1ms
[2022-12-02T12:07:03.401+0530][gc,phases     ] GC(9)   Evacuate Collection Set: 3.1ms
[2022-12-02T12:07:03.401+0530][gc,phases     ] GC(9)   Post Evacuate Collection Set: 0.4ms
[2022-12-02T12:07:03.401+0530][gc,phases     ] GC(9)   Other: 0.3ms
[2022-12-02T12:07:03.401+0530][gc,heap       ] GC(9) Eden regions: 48->0(47)
[2022-12-02T12:07:03.401+0530][gc,heap       ] GC(9) Survivor regions: 3->4(7)
[2022-12-02T12:07:03.401+0530][gc,heap       ] GC(9) Old regions: 18->18
[2022-12-02T12:07:03.401+0530][gc,heap       ] GC(9) Humongous regions: 129->129
[2022-12-02T12:07:03.401+0530][gc,metaspace  ] GC(9) Metaspace: 44619K->44619K(1089536K)
[2022-12-02T12:07:03.401+0530][gc            ] GC(9) Pause Young (Normal) (G1 Evacuation Pause) 196M->149M(1024M) 4.178ms
[2022-12-02T12:07:03.401+0530][gc,cpu        ] GC(9) User=0.00s Sys=0.00s Real=0.00s
[2022-12-02T12:37:53.396+0530][gc,start      ] GC(10) Pause Young (Normal) (G1 Evacuation Pause)
[2022-12-02T12:37:53.397+0530][gc,task       ] GC(10) Using 8 workers of 8 for evacuation
[2022-12-02T12:37:53.407+0530][gc,phases     ] GC(10)   Pre Evacuate Collection Set: 0.2ms
[2022-12-02T12:37:53.407+0530][gc,phases     ] GC(10)   Evacuate Collection Set: 8.5ms
[2022-12-02T12:37:53.407+0530][gc,phases     ] GC(10)   Post Evacuate Collection Set: 1.4ms
[2022-12-02T12:37:53.407+0530][gc,phases     ] GC(10)   Other: 0.8ms
[2022-12-02T12:37:53.407+0530][gc,heap       ] GC(10) Eden regions: 47->0(47)
[2022-12-02T12:37:53.407+0530][gc,heap       ] GC(10) Survivor regions: 4->4(7)
[2022-12-02T12:37:53.407+0530][gc,heap       ] GC(10) Old regions: 18->19
[2022-12-02T12:37:53.408+0530][gc,heap       ] GC(10) Humongous regions: 129->129
[2022-12-02T12:37:53.408+0530][gc,metaspace  ] GC(10) Metaspace: 44785K->44785K(1089536K)
[2022-12-02T12:37:53.408+0530][gc            ] GC(10) Pause Young (Normal) (G1 Evacuation Pause) 196M->150M(1024M) 11.194ms
[2022-12-02T12:37:53.408+0530][gc,cpu        ] GC(10) User=0.06s Sys=0.01s Real=0.01s
[2022-12-02T13:13:53.400+0530][gc,start      ] GC(11) Pause Young (Normal) (G1 Evacuation Pause)
[2022-12-02T13:13:53.401+0530][gc,task       ] GC(11) Using 8 workers of 8 for evacuation
[2022-12-02T13:13:53.406+0530][gc,phases     ] GC(11)   Pre Evacuate Collection Set: 0.3ms
[2022-12-02T13:13:53.406+0530][gc,phases     ] GC(11)   Evacuate Collection Set: 4.1ms
[2022-12-02T13:13:53.406+0530][gc,phases     ] GC(11)   Post Evacuate Collection Set: 0.9ms
[2022-12-02T13:13:53.406+0530][gc,phases     ] GC(11)   Other: 0.7ms
[2022-12-02T13:13:53.406+0530][gc,heap       ] GC(11) Eden regions: 47->0(52)
[2022-12-02T13:13:53.406+0530][gc,heap       ] GC(11) Survivor regions: 4->2(7)
[2022-12-02T13:13:53.406+0530][gc,heap       ] GC(11) Old regions: 19->22
[2022-12-02T13:13:53.406+0530][gc,heap       ] GC(11) Humongous regions: 129->129
[2022-12-02T13:13:53.406+0530][gc,metaspace  ] GC(11) Metaspace: 44821K->44821K(1089536K)
[2022-12-02T13:13:53.406+0530][gc            ] GC(11) Pause Young (Normal) (G1 Evacuation Pause) 197M->150M(1024M) 6.252ms
[2022-12-02T13:13:53.407+0530][gc,cpu        ] GC(11) User=0.02s Sys=0.00s Real=0.01s
[2022-12-02T14:22:26.089+0530][gc,start      ] GC(12) Pause Young (Normal) (G1 Evacuation Pause)
[2022-12-02T14:22:26.089+0530][gc,task       ] GC(12) Using 8 workers of 8 for evacuation
[2022-12-02T14:22:26.094+0530][gc,phases     ] GC(12)   Pre Evacuate Collection Set: 0.2ms
[2022-12-02T14:22:26.094+0530][gc,phases     ] GC(12)   Evacuate Collection Set: 3.1ms
[2022-12-02T14:22:26.094+0530][gc,phases     ] GC(12)   Post Evacuate Collection Set: 0.9ms
[2022-12-02T14:22:26.094+0530][gc,phases     ] GC(12)   Other: 0.7ms
[2022-12-02T14:22:26.094+0530][gc,heap       ] GC(12) Eden regions: 52->0(63)
[2022-12-02T14:22:26.094+0530][gc,heap       ] GC(12) Survivor regions: 2->2(7)
[2022-12-02T14:22:26.094+0530][gc,heap       ] GC(12) Old regions: 22->22
[2022-12-02T14:22:26.094+0530][gc,heap       ] GC(12) Humongous regions: 129->129
[2022-12-02T14:22:26.094+0530][gc,metaspace  ] GC(12) Metaspace: 45074K->45074K(1089536K)
[2022-12-02T14:22:26.095+0530][gc            ] GC(12) Pause Young (Normal) (G1 Evacuation Pause) 202M->150M(1024M) 5.527ms
[2022-12-02T14:22:26.095+0530][gc,cpu        ] GC(12) User=0.00s Sys=0.00s Real=0.01s
[2022-12-02T14:49:10.797+0530][gc,start      ] GC(13) Pause Young (Normal) (G1 Evacuation Pause)
[2022-12-02T14:49:10.797+0530][gc,task       ] GC(13) Using 8 workers of 8 for evacuation
[2022-12-02T14:49:10.810+0530][gc,phases     ] GC(13)   Pre Evacuate Collection Set: 0.3ms
[2022-12-02T14:49:10.811+0530][gc,phases     ] GC(13)   Evacuate Collection Set: 11.6ms
[2022-12-02T14:49:10.811+0530][gc,phases     ] GC(13)   Post Evacuate Collection Set: 0.9ms
[2022-12-02T14:49:10.811+0530][gc,phases     ] GC(13)   Other: 0.9ms
[2022-12-02T14:49:10.811+0530][gc,heap       ] GC(13) Eden regions: 63->0(63)
[2022-12-02T14:49:10.811+0530][gc,heap       ] GC(13) Survivor regions: 2->4(9)
[2022-12-02T14:49:10.811+0530][gc,heap       ] GC(13) Old regions: 22->22
[2022-12-02T14:49:10.811+0530][gc,heap       ] GC(13) Humongous regions: 129->129
[2022-12-02T14:49:10.811+0530][gc,metaspace  ] GC(13) Metaspace: 45119K->45119K(1089536K)
[2022-12-02T14:49:10.811+0530][gc            ] GC(13) Pause Young (Normal) (G1 Evacuation Pause) 213M->152M(1024M) 14.105ms
[2022-12-02T14:49:10.811+0530][gc,cpu        ] GC(13) User=0.06s Sys=0.05s Real=0.01s
[2022-12-02T15:09:26.136+0530][gc,start      ] GC(14) Pause Young (Normal) (G1 Evacuation Pause)
[2022-12-02T15:09:26.136+0530][gc,task       ] GC(14) Using 8 workers of 8 for evacuation
[2022-12-02T15:09:26.144+0530][gc,phases     ] GC(14)   Pre Evacuate Collection Set: 0.2ms
[2022-12-02T15:09:26.144+0530][gc,phases     ] GC(14)   Evacuate Collection Set: 6.3ms
[2022-12-02T15:09:26.144+0530][gc,phases     ] GC(14)   Post Evacuate Collection Set: 1.1ms
[2022-12-02T15:09:26.144+0530][gc,phases     ] GC(14)   Other: 0.7ms
[2022-12-02T15:09:26.144+0530][gc,heap       ] GC(14) Eden regions: 63->0(69)
[2022-12-02T15:09:26.144+0530][gc,heap       ] GC(14) Survivor regions: 4->3(9)
[2022-12-02T15:09:26.144+0530][gc,heap       ] GC(14) Old regions: 22->22
[2022-12-02T15:09:26.144+0530][gc,heap       ] GC(14) Humongous regions: 129->129
[2022-12-02T15:09:26.144+0530][gc,metaspace  ] GC(14) Metaspace: 45131K->45131K(1089536K)
[2022-12-02T15:09:26.145+0530][gc            ] GC(14) Pause Young (Normal) (G1 Evacuation Pause) 215M->152M(1024M) 8.767ms
[2022-12-02T15:09:26.145+0530][gc,cpu        ] GC(14) User=0.00s Sys=0.00s Real=0.01s
[2022-12-02T15:31:37.605+0530][gc,start      ] GC(15) Pause Young (Normal) (G1 Evacuation Pause)
[2022-12-02T15:31:37.605+0530][gc,task       ] GC(15) Using 8 workers of 8 for evacuation
[2022-12-02T15:31:37.618+0530][gc,phases     ] GC(15)   Pre Evacuate Collection Set: 0.3ms
[2022-12-02T15:31:37.618+0530][gc,phases     ] GC(15)   Evacuate Collection Set: 11.2ms
[2022-12-02T15:31:37.618+0530][gc,phases     ] GC(15)   Post Evacuate Collection Set: 1.1ms
[2022-12-02T15:31:37.618+0530][gc,phases     ] GC(15)   Other: 0.6ms
[2022-12-02T15:31:37.618+0530][gc,heap       ] GC(15) Eden regions: 68->0(69)
[2022-12-02T15:31:37.618+0530][gc,heap       ] GC(15) Survivor regions: 3->4(9)
[2022-12-02T15:31:37.618+0530][gc,heap       ] GC(15) Old regions: 22->22
[2022-12-02T15:31:37.618+0530][gc,heap       ] GC(15) Humongous regions: 129->129
[2022-12-02T15:31:37.618+0530][gc,metaspace  ] GC(15) Metaspace: 45141K->45141K(1089536K)
[2022-12-02T15:31:37.618+0530][gc            ] GC(15) Pause Young (Normal) (G1 Evacuation Pause) 220M->152M(1024M) 13.543ms
[2022-12-02T15:31:37.619+0530][gc,cpu        ] GC(15) User=0.00s Sys=0.00s Real=0.01s
[2022-12-02T18:01:31.903+0530][gc,start      ] GC(16) Pause Young (Normal) (G1 Evacuation Pause)
[2022-12-02T18:01:31.903+0530][gc,task       ] GC(16) Using 8 workers of 8 for evacuation
[2022-12-02T18:01:32.037+0530][gc,mmu        ] GC(16) MMU target violated: 21.0ms (20.0ms/21.0ms)
[2022-12-02T18:01:32.037+0530][gc,phases     ] GC(16)   Pre Evacuate Collection Set: 0.2ms
[2022-12-02T18:01:32.037+0530][gc,phases     ] GC(16)   Evacuate Collection Set: 76.7ms
[2022-12-02T18:01:32.037+0530][gc,phases     ] GC(16)   Post Evacuate Collection Set: 56.6ms
[2022-12-02T18:01:32.037+0530][gc,phases     ] GC(16)   Other: 0.9ms
[2022-12-02T18:01:32.037+0530][gc,heap       ] GC(16) Eden regions: 69->0(47)
[2022-12-02T18:01:32.037+0530][gc,heap       ] GC(16) Survivor regions: 4->4(10)
[2022-12-02T18:01:32.037+0530][gc,heap       ] GC(16) Old regions: 22->22
[2022-12-02T18:01:32.037+0530][gc,heap       ] GC(16) Humongous regions: 129->129
[2022-12-02T18:01:32.037+0530][gc,metaspace  ] GC(16) Metaspace: 45471K->45471K(1091584K)
[2022-12-02T18:01:32.037+0530][gc            ] GC(16) Pause Young (Normal) (G1 Evacuation Pause) 221M->152M(1024M) 134.687ms
[2022-12-02T18:01:32.038+0530][gc,cpu        ] GC(16) User=0.01s Sys=0.02s Real=0.13s
[2022-12-02T18:01:43.528+0530][gc,start      ] GC(17) Pause Young (Normal) (G1 Evacuation Pause)
[2022-12-02T18:01:43.528+0530][gc,task       ] GC(17) Using 8 workers of 8 for evacuation
[2022-12-02T18:01:43.535+0530][gc,phases     ] GC(17)   Pre Evacuate Collection Set: 0.1ms
[2022-12-02T18:01:43.535+0530][gc,phases     ] GC(17)   Evacuate Collection Set: 5.0ms
[2022-12-02T18:01:43.535+0530][gc,phases     ] GC(17)   Post Evacuate Collection Set: 1.5ms
[2022-12-02T18:01:43.535+0530][gc,phases     ] GC(17)   Other: 0.7ms
[2022-12-02T18:01:43.535+0530][gc,heap       ] GC(17) Eden regions: 47->0(47)
[2022-12-02T18:01:43.535+0530][gc,heap       ] GC(17) Survivor regions: 4->4(7)
[2022-12-02T18:01:43.535+0530][gc,heap       ] GC(17) Old regions: 22->22
[2022-12-02T18:01:43.535+0530][gc,heap       ] GC(17) Humongous regions: 129->129
[2022-12-02T18:01:43.535+0530][gc,metaspace  ] GC(17) Metaspace: 45473K->45473K(1091584K)
[2022-12-02T18:01:43.535+0530][gc            ] GC(17) Pause Young (Normal) (G1 Evacuation Pause) 199M->152M(1024M) 7.505ms
[2022-12-02T18:01:43.535+0530][gc,cpu        ] GC(17) User=0.00s Sys=0.00s Real=0.01s
[2022-12-02T20:10:32.507+0530][gc,start      ] GC(18) Pause Young (Normal) (G1 Evacuation Pause)
[2022-12-02T20:10:32.507+0530][gc,task       ] GC(18) Using 8 workers of 8 for evacuation
[2022-12-02T20:10:32.520+0530][gc,phases     ] GC(18)   Pre Evacuate Collection Set: 0.3ms
[2022-12-02T20:10:32.520+0530][gc,phases     ] GC(18)   Evacuate Collection Set: 6.1ms
[2022-12-02T20:10:32.520+0530][gc,phases     ] GC(18)   Post Evacuate Collection Set: 5.2ms
[2022-12-02T20:10:32.520+0530][gc,phases     ] GC(18)   Other: 1.1ms
[2022-12-02T20:10:32.520+0530][gc,heap       ] GC(18) Eden regions: 47->0(47)
[2022-12-02T20:10:32.520+0530][gc,heap       ] GC(18) Survivor regions: 4->4(7)
[2022-12-02T20:10:32.520+0530][gc,heap       ] GC(18) Old regions: 22->22
[2022-12-02T20:10:32.520+0530][gc,heap       ] GC(18) Humongous regions: 129->129
[2022-12-02T20:10:32.520+0530][gc,metaspace  ] GC(18) Metaspace: 45505K->45505K(1091584K)
[2022-12-02T20:10:32.520+0530][gc            ] GC(18) Pause Young (Normal) (G1 Evacuation Pause) 199M->152M(1024M) 12.986ms
[2022-12-02T20:10:32.521+0530][gc,cpu        ] GC(18) User=0.00s Sys=0.00s Real=0.01s
[2022-12-02T20:10:41.740+0530][gc,start      ] GC(19) Pause Young (Normal) (G1 Evacuation Pause)
[2022-12-02T20:10:41.740+0530][gc,task       ] GC(19) Using 8 workers of 8 for evacuation
[2022-12-02T20:10:41.746+0530][gc,phases     ] GC(19)   Pre Evacuate Collection Set: 0.1ms
[2022-12-02T20:10:41.746+0530][gc,phases     ] GC(19)   Evacuate Collection Set: 4.4ms
[2022-12-02T20:10:41.746+0530][gc,phases     ] GC(19)   Post Evacuate Collection Set: 0.9ms
[2022-12-02T20:10:41.746+0530][gc,phases     ] GC(19)   Other: 0.5ms
[2022-12-02T20:10:41.746+0530][gc,heap       ] GC(19) Eden regions: 47->0(47)
[2022-12-02T20:10:41.746+0530][gc,heap       ] GC(19) Survivor regions: 4->4(7)
[2022-12-02T20:10:41.746+0530][gc,heap       ] GC(19) Old regions: 22->22
[2022-12-02T20:10:41.746+0530][gc,heap       ] GC(19) Humongous regions: 129->129
[2022-12-02T20:10:41.746+0530][gc,metaspace  ] GC(19) Metaspace: 45528K->45528K(1091584K)
[2022-12-02T20:10:41.746+0530][gc            ] GC(19) Pause Young (Normal) (G1 Evacuation Pause) 199M->152M(1024M) 6.144ms
[2022-12-02T20:10:41.746+0530][gc,cpu        ] GC(19) User=0.11s Sys=0.00s Real=0.01s
[2022-12-02T22:35:35.791+0530][gc,start      ] GC(20) Pause Young (Normal) (G1 Evacuation Pause)
[2022-12-02T22:35:35.791+0530][gc,task       ] GC(20) Using 8 workers of 8 for evacuation
[2022-12-02T22:35:35.795+0530][gc,phases     ] GC(20)   Pre Evacuate Collection Set: 0.1ms
[2022-12-02T22:35:35.795+0530][gc,phases     ] GC(20)   Evacuate Collection Set: 3.3ms
[2022-12-02T22:35:35.795+0530][gc,phases     ] GC(20)   Post Evacuate Collection Set: 0.4ms
[2022-12-02T22:35:35.795+0530][gc,phases     ] GC(20)   Other: 0.3ms
[2022-12-02T22:35:35.795+0530][gc,heap       ] GC(20) Eden regions: 47->0(47)
[2022-12-02T22:35:35.795+0530][gc,heap       ] GC(20) Survivor regions: 4->4(7)
[2022-12-02T22:35:35.795+0530][gc,heap       ] GC(20) Old regions: 22->22
[2022-12-02T22:35:35.795+0530][gc,heap       ] GC(20) Humongous regions: 129->129
[2022-12-02T22:35:35.795+0530][gc,metaspace  ] GC(20) Metaspace: 45604K->45604K(1091584K)
[2022-12-02T22:35:35.795+0530][gc            ] GC(20) Pause Young (Normal) (G1 Evacuation Pause) 199M->152M(1024M) 4.260ms
[2022-12-02T22:35:35.795+0530][gc,cpu        ] GC(20) User=0.09s Sys=0.00s Real=0.01s
[2022-12-04T19:55:15.036+0530][gc,start      ] GC(21) Pause Young (Normal) (G1 Evacuation Pause)
[2022-12-04T19:55:15.037+0530][gc,task       ] GC(21) Using 8 workers of 8 for evacuation
[2022-12-04T19:55:15.042+0530][gc,phases     ] GC(21)   Pre Evacuate Collection Set: 0.1ms
[2022-12-04T19:55:15.042+0530][gc,phases     ] GC(21)   Evacuate Collection Set: 4.2ms
[2022-12-04T19:55:15.042+0530][gc,phases     ] GC(21)   Post Evacuate Collection Set: 0.8ms
[2022-12-04T19:55:15.042+0530][gc,phases     ] GC(21)   Other: 0.3ms
[2022-12-04T19:55:15.042+0530][gc,heap       ] GC(21) Eden regions: 47->0(52)
[2022-12-04T19:55:15.042+0530][gc,heap       ] GC(21) Survivor regions: 4->4(7)
[2022-12-04T19:55:15.042+0530][gc,heap       ] GC(21) Old regions: 22->22
[2022-12-04T19:55:15.042+0530][gc,heap       ] GC(21) Humongous regions: 129->129
[2022-12-04T19:55:15.042+0530][gc,metaspace  ] GC(21) Metaspace: 45622K->45622K(1091584K)
[2022-12-04T19:55:15.042+0530][gc            ] GC(21) Pause Young (Normal) (G1 Evacuation Pause) 199M->152M(1024M) 5.712ms
[2022-12-04T19:55:15.042+0530][gc,cpu        ] GC(21) User=0.00s Sys=0.00s Real=0.01s
[2022-12-04T19:55:20.729+0530][gc,start      ] GC(22) Pause Young (Normal) (G1 Evacuation Pause)
[2022-12-04T19:55:20.729+0530][gc,task       ] GC(22) Using 8 workers of 8 for evacuation
[2022-12-04T19:55:20.747+0530][gc,phases     ] GC(22)   Pre Evacuate Collection Set: 0.6ms
[2022-12-04T19:55:20.747+0530][gc,phases     ] GC(22)   Evacuate Collection Set: 10.5ms
[2022-12-04T19:55:20.747+0530][gc,phases     ] GC(22)   Post Evacuate Collection Set: 6.3ms
[2022-12-04T19:55:20.747+0530][gc,phases     ] GC(22)   Other: 1.2ms
[2022-12-04T19:55:20.747+0530][gc,heap       ] GC(22) Eden regions: 52->0(57)
[2022-12-04T19:55:20.747+0530][gc,heap       ] GC(22) Survivor regions: 4->4(7)
[2022-12-04T19:55:20.747+0530][gc,heap       ] GC(22) Old regions: 22->22
[2022-12-04T19:55:20.747+0530][gc,heap       ] GC(22) Humongous regions: 129->129
[2022-12-04T19:55:20.747+0530][gc,metaspace  ] GC(22) Metaspace: 45652K->45652K(1091584K)
[2022-12-04T19:55:20.747+0530][gc            ] GC(22) Pause Young (Normal) (G1 Evacuation Pause) 204M->152M(1024M) 18.907ms
[2022-12-04T19:55:20.748+0530][gc,cpu        ] GC(22) User=0.05s Sys=0.01s Real=0.02s
[2022-12-04T19:55:29.593+0530][gc,start      ] GC(23) Pause Young (Normal) (G1 Evacuation Pause)
[2022-12-04T19:55:29.593+0530][gc,task       ] GC(23) Using 8 workers of 8 for evacuation
[2022-12-04T19:55:29.659+0530][gc,mmu        ] GC(23) MMU target violated: 21.0ms (20.0ms/21.0ms)
[2022-12-04T19:55:29.661+0530][gc,phases     ] GC(23)   Pre Evacuate Collection Set: 0.1ms
[2022-12-04T19:55:29.661+0530][gc,phases     ] GC(23)   Evacuate Collection Set: 12.8ms
[2022-12-04T19:55:29.662+0530][gc,phases     ] GC(23)   Post Evacuate Collection Set: 52.9ms
[2022-12-04T19:55:29.662+0530][gc,phases     ] GC(23)   Other: 1.9ms
[2022-12-04T19:55:29.662+0530][gc,heap       ] GC(23) Eden regions: 56->0(47)
[2022-12-04T19:55:29.662+0530][gc,heap       ] GC(23) Survivor regions: 4->4(8)
[2022-12-04T19:55:29.662+0530][gc,heap       ] GC(23) Old regions: 22->22
[2022-12-04T19:55:29.662+0530][gc,heap       ] GC(23) Humongous regions: 129->129
[2022-12-04T19:55:29.662+0530][gc,metaspace  ] GC(23) Metaspace: 45654K->45654K(1091584K)
[2022-12-04T19:55:29.662+0530][gc            ] GC(23) Pause Young (Normal) (G1 Evacuation Pause) 208M->152M(1024M) 68.903ms
[2022-12-04T19:55:29.662+0530][gc,cpu        ] GC(23) User=0.11s Sys=0.00s Real=0.07s
[2022-12-05T09:18:13.095+0530][gc,start      ] GC(24) Pause Young (Normal) (G1 Evacuation Pause)
[2022-12-05T09:18:13.096+0530][gc,task       ] GC(24) Using 8 workers of 8 for evacuation
[2022-12-05T09:18:13.129+0530][gc,mmu        ] GC(24) MMU target violated: 21.0ms (20.0ms/21.0ms)
[2022-12-05T09:18:13.129+0530][gc,phases     ] GC(24)   Pre Evacuate Collection Set: 0.1ms
[2022-12-05T09:18:13.129+0530][gc,phases     ] GC(24)   Evacuate Collection Set: 17.7ms
[2022-12-05T09:18:13.129+0530][gc,phases     ] GC(24)   Post Evacuate Collection Set: 14.8ms
[2022-12-05T09:18:13.129+0530][gc,phases     ] GC(24)   Other: 1.1ms
[2022-12-05T09:18:13.129+0530][gc,heap       ] GC(24) Eden regions: 47->0(47)
[2022-12-05T09:18:13.130+0530][gc,heap       ] GC(24) Survivor regions: 4->4(7)
[2022-12-05T09:18:13.130+0530][gc,heap       ] GC(24) Old regions: 22->22
[2022-12-05T09:18:13.130+0530][gc,heap       ] GC(24) Humongous regions: 129->129
[2022-12-05T09:18:13.130+0530][gc,metaspace  ] GC(24) Metaspace: 45717K->45717K(1091584K)
[2022-12-05T09:18:13.130+0530][gc            ] GC(24) Pause Young (Normal) (G1 Evacuation Pause) 199M->152M(1024M) 35.298ms
[2022-12-05T09:18:13.130+0530][gc,cpu        ] GC(24) User=0.00s Sys=0.00s Real=0.03s
[2022-12-05T09:18:17.488+0530][gc,start      ] GC(25) Pause Young (Normal) (G1 Evacuation Pause)
[2022-12-05T09:18:17.488+0530][gc,task       ] GC(25) Using 8 workers of 8 for evacuation
[2022-12-05T09:18:17.494+0530][gc,phases     ] GC(25)   Pre Evacuate Collection Set: 0.0ms
[2022-12-05T09:18:17.494+0530][gc,phases     ] GC(25)   Evacuate Collection Set: 4.9ms
[2022-12-05T09:18:17.494+0530][gc,phases     ] GC(25)   Post Evacuate Collection Set: 0.9ms
[2022-12-05T09:18:17.494+0530][gc,phases     ] GC(25)   Other: 0.4ms
[2022-12-05T09:18:17.494+0530][gc,heap       ] GC(25) Eden regions: 47->0(47)
[2022-12-05T09:18:17.494+0530][gc,heap       ] GC(25) Survivor regions: 4->4(7)
[2022-12-05T09:18:17.494+0530][gc,heap       ] GC(25) Old regions: 22->23
[2022-12-05T09:18:17.494+0530][gc,heap       ] GC(25) Humongous regions: 129->129
[2022-12-05T09:18:17.494+0530][gc,metaspace  ] GC(25) Metaspace: 45739K->45739K(1091584K)
[2022-12-05T09:18:17.494+0530][gc            ] GC(25) Pause Young (Normal) (G1 Evacuation Pause) 199M->152M(1024M) 6.532ms
[2022-12-05T09:18:17.494+0530][gc,cpu        ] GC(25) User=0.00s Sys=0.00s Real=0.01s
[2022-12-05T09:18:21.448+0530][gc,start      ] GC(26) Pause Young (Normal) (G1 Evacuation Pause)
[2022-12-05T09:18:21.448+0530][gc,task       ] GC(26) Using 8 workers of 8 for evacuation
[2022-12-05T09:18:21.453+0530][gc,phases     ] GC(26)   Pre Evacuate Collection Set: 0.0ms
[2022-12-05T09:18:21.453+0530][gc,phases     ] GC(26)   Evacuate Collection Set: 3.9ms
[2022-12-05T09:18:21.453+0530][gc,phases     ] GC(26)   Post Evacuate Collection Set: 0.6ms
[2022-12-05T09:18:21.453+0530][gc,phases     ] GC(26)   Other: 0.4ms
[2022-12-05T09:18:21.453+0530][gc,heap       ] GC(26) Eden regions: 47->0(49)
[2022-12-05T09:18:21.453+0530][gc,heap       ] GC(26) Survivor regions: 4->3(7)
[2022-12-05T09:18:21.453+0530][gc,heap       ] GC(26) Old regions: 23->23
[2022-12-05T09:18:21.453+0530][gc,heap       ] GC(26) Humongous regions: 129->129
[2022-12-05T09:18:21.453+0530][gc,metaspace  ] GC(26) Metaspace: 45739K->45739K(1091584K)
[2022-12-05T09:18:21.453+0530][gc            ] GC(26) Pause Young (Normal) (G1 Evacuation Pause) 199M->152M(1024M) 5.287ms
[2022-12-05T09:18:21.454+0530][gc,cpu        ] GC(26) User=0.02s Sys=0.00s Real=0.01s
[2022-12-05T09:18:30.537+0530][gc,start      ] GC(27) Pause Young (Normal) (G1 Evacuation Pause)
[2022-12-05T09:18:30.537+0530][gc,task       ] GC(27) Using 8 workers of 8 for evacuation
[2022-12-05T09:18:30.540+0530][gc,phases     ] GC(27)   Pre Evacuate Collection Set: 0.0ms
[2022-12-05T09:18:30.540+0530][gc,phases     ] GC(27)   Evacuate Collection Set: 2.1ms
[2022-12-05T09:18:30.540+0530][gc,phases     ] GC(27)   Post Evacuate Collection Set: 0.4ms
[2022-12-05T09:18:30.540+0530][gc,phases     ] GC(27)   Other: 0.3ms
[2022-12-05T09:18:30.540+0530][gc,heap       ] GC(27) Eden regions: 49->0(59)
[2022-12-05T09:18:30.540+0530][gc,heap       ] GC(27) Survivor regions: 3->3(7)
[2022-12-05T09:18:30.540+0530][gc,heap       ] GC(27) Old regions: 23->23
[2022-12-05T09:18:30.540+0530][gc,heap       ] GC(27) Humongous regions: 129->129
[2022-12-05T09:18:30.540+0530][gc,metaspace  ] GC(27) Metaspace: 45739K->45739K(1091584K)
[2022-12-05T09:18:30.540+0530][gc            ] GC(27) Pause Young (Normal) (G1 Evacuation Pause) 201M->152M(1024M) 2.982ms
[2022-12-05T09:18:30.540+0530][gc,cpu        ] GC(27) User=0.00s Sys=0.00s Real=0.00s
[2022-12-05T09:18:44.429+0530][gc,start      ] GC(28) Pause Young (Normal) (G1 Evacuation Pause)
[2022-12-05T09:18:44.430+0530][gc,task       ] GC(28) Using 8 workers of 8 for evacuation
[2022-12-05T09:18:44.436+0530][gc,phases     ] GC(28)   Pre Evacuate Collection Set: 0.0ms
[2022-12-05T09:18:44.436+0530][gc,phases     ] GC(28)   Evacuate Collection Set: 4.9ms
[2022-12-05T09:18:44.436+0530][gc,phases     ] GC(28)   Post Evacuate Collection Set: 0.8ms
[2022-12-05T09:18:44.436+0530][gc,phases     ] GC(28)   Other: 0.6ms
[2022-12-05T09:18:44.436+0530][gc,heap       ] GC(28) Eden regions: 59->0(69)
[2022-12-05T09:18:44.436+0530][gc,heap       ] GC(28) Survivor regions: 3->3(8)
[2022-12-05T09:18:44.436+0530][gc,heap       ] GC(28) Old regions: 23->23
[2022-12-05T09:18:44.436+0530][gc,heap       ] GC(28) Humongous regions: 129->129
[2022-12-05T09:18:44.436+0530][gc,metaspace  ] GC(28) Metaspace: 45739K->45739K(1091584K)
[2022-12-05T09:18:44.436+0530][gc            ] GC(28) Pause Young (Normal) (G1 Evacuation Pause) 211M->152M(1024M) 6.669ms
[2022-12-05T09:18:44.437+0530][gc,cpu        ] GC(28) User=0.06s Sys=0.01s Real=0.01s
[2022-12-05T09:18:59.207+0530][gc,start      ] GC(29) Pause Young (Normal) (G1 Evacuation Pause)
[2022-12-05T09:18:59.207+0530][gc,task       ] GC(29) Using 8 workers of 8 for evacuation
[2022-12-05T09:18:59.212+0530][gc,phases     ] GC(29)   Pre Evacuate Collection Set: 0.1ms
[2022-12-05T09:18:59.212+0530][gc,phases     ] GC(29)   Evacuate Collection Set: 3.6ms
[2022-12-05T09:18:59.212+0530][gc,phases     ] GC(29)   Post Evacuate Collection Set: 0.7ms
[2022-12-05T09:18:59.212+0530][gc,phases     ] GC(29)   Other: 0.4ms
[2022-12-05T09:18:59.212+0530][gc,heap       ] GC(29) Eden regions: 69->0(81)
[2022-12-05T09:18:59.212+0530][gc,heap       ] GC(29) Survivor regions: 3->3(9)
[2022-12-05T09:18:59.212+0530][gc,heap       ] GC(29) Old regions: 23->23
[2022-12-05T09:18:59.212+0530][gc,heap       ] GC(29) Humongous regions: 129->129
[2022-12-05T09:18:59.212+0530][gc,metaspace  ] GC(29) Metaspace: 45739K->45739K(1091584K)
[2022-12-05T09:18:59.212+0530][gc            ] GC(29) Pause Young (Normal) (G1 Evacuation Pause) 221M->152M(1024M) 5.057ms
[2022-12-05T09:18:59.212+0530][gc,cpu        ] GC(29) User=0.00s Sys=0.00s Real=0.01s
[2022-12-05T09:19:16.717+0530][gc,start      ] GC(30) Pause Young (Normal) (G1 Evacuation Pause)
[2022-12-05T09:19:16.717+0530][gc,task       ] GC(30) Using 8 workers of 8 for evacuation
[2022-12-05T09:19:16.722+0530][gc,phases     ] GC(30)   Pre Evacuate Collection Set: 0.0ms
[2022-12-05T09:19:16.722+0530][gc,phases     ] GC(30)   Evacuate Collection Set: 4.1ms
[2022-12-05T09:19:16.722+0530][gc,phases     ] GC(30)   Post Evacuate Collection Set: 0.6ms
[2022-12-05T09:19:16.722+0530][gc,phases     ] GC(30)   Other: 0.3ms
[2022-12-05T09:19:16.722+0530][gc,heap       ] GC(30) Eden regions: 81->0(93)
[2022-12-05T09:19:16.722+0530][gc,heap       ] GC(30) Survivor regions: 3->3(11)
[2022-12-05T09:19:16.722+0530][gc,heap       ] GC(30) Old regions: 23->23
[2022-12-05T09:19:16.722+0530][gc,heap       ] GC(30) Humongous regions: 129->129
[2022-12-05T09:19:16.722+0530][gc,metaspace  ] GC(30) Metaspace: 45739K->45739K(1091584K)
[2022-12-05T09:19:16.722+0530][gc            ] GC(30) Pause Young (Normal) (G1 Evacuation Pause) 233M->152M(1024M) 5.207ms
[2022-12-05T09:19:16.722+0530][gc,cpu        ] GC(30) User=0.08s Sys=0.05s Real=0.01s
[2022-12-05T09:19:42.505+0530][gc,start      ] GC(31) Pause Young (Normal) (G1 Evacuation Pause)
[2022-12-05T09:19:42.506+0530][gc,task       ] GC(31) Using 8 workers of 8 for evacuation
[2022-12-05T09:19:42.513+0530][gc,phases     ] GC(31)   Pre Evacuate Collection Set: 0.2ms
[2022-12-05T09:19:42.513+0530][gc,phases     ] GC(31)   Evacuate Collection Set: 7.0ms
[2022-12-05T09:19:42.514+0530][gc,phases     ] GC(31)   Post Evacuate Collection Set: 0.4ms
[2022-12-05T09:19:42.514+0530][gc,phases     ] GC(31)   Other: 0.5ms
[2022-12-05T09:19:42.514+0530][gc,heap       ] GC(31) Eden regions: 93->0(100)
[2022-12-05T09:19:42.514+0530][gc,heap       ] GC(31) Survivor regions: 3->1(12)
[2022-12-05T09:19:42.514+0530][gc,heap       ] GC(31) Old regions: 23->25
[2022-12-05T09:19:42.514+0530][gc,heap       ] GC(31) Humongous regions: 129->129
[2022-12-05T09:19:42.514+0530][gc,metaspace  ] GC(31) Metaspace: 45739K->45739K(1091584K)
[2022-12-05T09:19:42.514+0530][gc            ] GC(31) Pause Young (Normal) (G1 Evacuation Pause) 245M->152M(1024M) 8.196ms
[2022-12-05T09:19:42.514+0530][gc,cpu        ] GC(31) User=0.01s Sys=0.04s Real=0.01s
[2022-12-05T09:20:07.876+0530][gc,start      ] GC(32) Pause Young (Normal) (G1 Evacuation Pause)
[2022-12-05T09:20:07.876+0530][gc,task       ] GC(32) Using 8 workers of 8 for evacuation
[2022-12-05T09:20:07.878+0530][gc,phases     ] GC(32)   Pre Evacuate Collection Set: 0.1ms
[2022-12-05T09:20:07.878+0530][gc,phases     ] GC(32)   Evacuate Collection Set: 0.9ms
[2022-12-05T09:20:07.878+0530][gc,phases     ] GC(32)   Post Evacuate Collection Set: 0.4ms
[2022-12-05T09:20:07.878+0530][gc,phases     ] GC(32)   Other: 0.3ms
[2022-12-05T09:20:07.878+0530][gc,heap       ] GC(32) Eden regions: 100->0(116)
[2022-12-05T09:20:07.878+0530][gc,heap       ] GC(32) Survivor regions: 1->1(13)
[2022-12-05T09:20:07.878+0530][gc,heap       ] GC(32) Old regions: 25->25
[2022-12-05T09:20:07.878+0530][gc,heap       ] GC(32) Humongous regions: 129->129
[2022-12-05T09:20:07.878+0530][gc,metaspace  ] GC(32) Metaspace: 45739K->45739K(1091584K)
[2022-12-05T09:20:07.878+0530][gc            ] GC(32) Pause Young (Normal) (G1 Evacuation Pause) 252M->152M(1024M) 1.906ms
[2022-12-05T09:20:07.878+0530][gc,cpu        ] GC(32) User=0.00s Sys=0.00s Real=0.00s
[2022-12-05T09:20:35.903+0530][gc,start      ] GC(33) Pause Young (Normal) (G1 Evacuation Pause)
[2022-12-05T09:20:35.903+0530][gc,task       ] GC(33) Using 8 workers of 8 for evacuation
[2022-12-05T09:20:35.904+0530][gc,phases     ] GC(33)   Pre Evacuate Collection Set: 0.0ms
[2022-12-05T09:20:35.904+0530][gc,phases     ] GC(33)   Evacuate Collection Set: 0.8ms
[2022-12-05T09:20:35.904+0530][gc,phases     ] GC(33)   Post Evacuate Collection Set: 0.3ms
[2022-12-05T09:20:35.904+0530][gc,phases     ] GC(33)   Other: 0.3ms
[2022-12-05T09:20:35.905+0530][gc,heap       ] GC(33) Eden regions: 116->0(138)
[2022-12-05T09:20:35.905+0530][gc,heap       ] GC(33) Survivor regions: 1->1(15)
[2022-12-05T09:20:35.905+0530][gc,heap       ] GC(33) Old regions: 25->25
[2022-12-05T09:20:35.905+0530][gc,heap       ] GC(33) Humongous regions: 129->129
[2022-12-05T09:20:35.905+0530][gc,metaspace  ] GC(33) Metaspace: 45739K->45739K(1091584K)
[2022-12-05T09:20:35.905+0530][gc            ] GC(33) Pause Young (Normal) (G1 Evacuation Pause) 268M->152M(1024M) 1.744ms
[2022-12-05T09:20:35.905+0530][gc,cpu        ] GC(33) User=0.00s Sys=0.00s Real=0.00s
[2022-12-05T09:21:16.263+0530][gc,start      ] GC(34) Pause Young (Normal) (G1 Evacuation Pause)
[2022-12-05T09:21:16.263+0530][gc,task       ] GC(34) Using 8 workers of 8 for evacuation
[2022-12-05T09:21:16.265+0530][gc,phases     ] GC(34)   Pre Evacuate Collection Set: 0.0ms
[2022-12-05T09:21:16.265+0530][gc,phases     ] GC(34)   Evacuate Collection Set: 1.3ms
[2022-12-05T09:21:16.265+0530][gc,phases     ] GC(34)   Post Evacuate Collection Set: 0.4ms
[2022-12-05T09:21:16.265+0530][gc,phases     ] GC(34)   Other: 0.4ms
[2022-12-05T09:21:16.265+0530][gc,heap       ] GC(34) Eden regions: 138->0(157)
[2022-12-05T09:21:16.265+0530][gc,heap       ] GC(34) Survivor regions: 1->1(18)
[2022-12-05T09:21:16.265+0530][gc,heap       ] GC(34) Old regions: 25->25
[2022-12-05T09:21:16.265+0530][gc,heap       ] GC(34) Humongous regions: 129->129
[2022-12-05T09:21:16.265+0530][gc,metaspace  ] GC(34) Metaspace: 45739K->45739K(1091584K)
[2022-12-05T09:21:16.265+0530][gc            ] GC(34) Pause Young (Normal) (G1 Evacuation Pause) 290M->152M(1024M) 2.297ms
[2022-12-05T09:21:16.265+0530][gc,cpu        ] GC(34) User=0.00s Sys=0.00s Real=0.00s
[2022-12-05T09:21:55.551+0530][gc,start      ] GC(35) Pause Young (Normal) (G1 Evacuation Pause)
[2022-12-05T09:21:55.551+0530][gc,task       ] GC(35) Using 8 workers of 8 for evacuation
[2022-12-05T09:21:55.553+0530][gc,phases     ] GC(35)   Pre Evacuate Collection Set: 0.0ms
[2022-12-05T09:21:55.553+0530][gc,phases     ] GC(35)   Evacuate Collection Set: 1.2ms
[2022-12-05T09:21:55.553+0530][gc,phases     ] GC(35)   Post Evacuate Collection Set: 0.4ms
[2022-12-05T09:21:55.553+0530][gc,phases     ] GC(35)   Other: 0.4ms
[2022-12-05T09:21:55.553+0530][gc,heap       ] GC(35) Eden regions: 157->0(179)
[2022-12-05T09:21:55.553+0530][gc,heap       ] GC(35) Survivor regions: 1->1(20)
[2022-12-05T09:21:55.553+0530][gc,heap       ] GC(35) Old regions: 25->25
[2022-12-05T09:21:55.553+0530][gc,heap       ] GC(35) Humongous regions: 129->129
[2022-12-05T09:21:55.553+0530][gc,metaspace  ] GC(35) Metaspace: 45739K->45739K(1091584K)
[2022-12-05T09:21:55.553+0530][gc            ] GC(35) Pause Young (Normal) (G1 Evacuation Pause) 309M->152M(1024M) 2.344ms
[2022-12-05T09:21:55.553+0530][gc,cpu        ] GC(35) User=0.00s Sys=0.01s Real=0.01s
[2022-12-05T09:22:38.843+0530][gc,start      ] GC(36) Pause Young (Normal) (G1 Evacuation Pause)
[2022-12-05T09:22:38.843+0530][gc,task       ] GC(36) Using 8 workers of 8 for evacuation
[2022-12-05T09:22:38.845+0530][gc,phases     ] GC(36)   Pre Evacuate Collection Set: 0.0ms
[2022-12-05T09:22:38.845+0530][gc,phases     ] GC(36)   Evacuate Collection Set: 1.1ms
[2022-12-05T09:22:38.845+0530][gc,phases     ] GC(36)   Post Evacuate Collection Set: 0.5ms
[2022-12-05T09:22:38.845+0530][gc,phases     ] GC(36)   Other: 0.4ms
[2022-12-05T09:22:38.845+0530][gc,heap       ] GC(36) Eden regions: 179->0(204)
[2022-12-05T09:22:38.845+0530][gc,heap       ] GC(36) Survivor regions: 1->1(23)
[2022-12-05T09:22:38.845+0530][gc,heap       ] GC(36) Old regions: 25->25
[2022-12-05T09:22:38.845+0530][gc,heap       ] GC(36) Humongous regions: 129->129
[2022-12-05T09:22:38.845+0530][gc,metaspace  ] GC(36) Metaspace: 45739K->45739K(1091584K)
[2022-12-05T09:22:38.845+0530][gc            ] GC(36) Pause Young (Normal) (G1 Evacuation Pause) 331M->152M(1024M) 2.316ms
[2022-12-05T09:22:38.845+0530][gc,cpu        ] GC(36) User=0.00s Sys=0.00s Real=0.00s
[2022-12-05T09:23:32.289+0530][gc,start      ] GC(37) Pause Young (Normal) (G1 Evacuation Pause)
[2022-12-05T09:23:32.289+0530][gc,task       ] GC(37) Using 8 workers of 8 for evacuation
[2022-12-05T09:23:32.291+0530][gc,phases     ] GC(37)   Pre Evacuate Collection Set: 0.0ms
[2022-12-05T09:23:32.291+0530][gc,phases     ] GC(37)   Evacuate Collection Set: 1.3ms
[2022-12-05T09:23:32.292+0530][gc,phases     ] GC(37)   Post Evacuate Collection Set: 0.4ms
[2022-12-05T09:23:32.292+0530][gc,phases     ] GC(37)   Other: 0.5ms
[2022-12-05T09:23:32.292+0530][gc,heap       ] GC(37) Eden regions: 204->0(230)
[2022-12-05T09:23:32.292+0530][gc,heap       ] GC(37) Survivor regions: 1->1(26)
[2022-12-05T09:23:32.292+0530][gc,heap       ] GC(37) Old regions: 25->25
[2022-12-05T09:23:32.292+0530][gc,heap       ] GC(37) Humongous regions: 129->129
[2022-12-05T09:23:32.292+0530][gc,metaspace  ] GC(37) Metaspace: 45739K->45739K(1091584K)
[2022-12-05T09:23:32.292+0530][gc            ] GC(37) Pause Young (Normal) (G1 Evacuation Pause) 356M->152M(1024M) 2.493ms
[2022-12-05T09:23:32.292+0530][gc,cpu        ] GC(37) User=0.00s Sys=0.00s Real=0.01s
[2022-12-05T09:24:25.954+0530][gc,start      ] GC(38) Pause Young (Normal) (G1 Evacuation Pause)
[2022-12-05T09:24:25.954+0530][gc,task       ] GC(38) Using 8 workers of 8 for evacuation
[2022-12-05T09:24:25.956+0530][gc,phases     ] GC(38)   Pre Evacuate Collection Set: 0.0ms
[2022-12-05T09:24:25.956+0530][gc,phases     ] GC(38)   Evacuate Collection Set: 1.1ms
[2022-12-05T09:24:25.956+0530][gc,phases     ] GC(38)   Post Evacuate Collection Set: 0.4ms
[2022-12-05T09:24:25.956+0530][gc,phases     ] GC(38)   Other: 0.3ms
[2022-12-05T09:24:25.956+0530][gc,heap       ] GC(38) Eden regions: 230->0(254)
[2022-12-05T09:24:25.956+0530][gc,heap       ] GC(38) Survivor regions: 1->1(29)
[2022-12-05T09:24:25.956+0530][gc,heap       ] GC(38) Old regions: 25->25
[2022-12-05T09:24:25.956+0530][gc,heap       ] GC(38) Humongous regions: 129->129
[2022-12-05T09:24:25.956+0530][gc,metaspace  ] GC(38) Metaspace: 45739K->45739K(1091584K)
[2022-12-05T09:24:25.956+0530][gc            ] GC(38) Pause Young (Normal) (G1 Evacuation Pause) 382M->152M(1024M) 2.010ms
[2022-12-05T09:24:25.956+0530][gc,cpu        ] GC(38) User=0.00s Sys=0.00s Real=0.00s
[2022-12-05T09:25:25.401+0530][gc,start      ] GC(39) Pause Young (Normal) (G1 Evacuation Pause)
[2022-12-05T09:25:25.401+0530][gc,task       ] GC(39) Using 8 workers of 8 for evacuation
[2022-12-05T09:25:25.403+0530][gc,phases     ] GC(39)   Pre Evacuate Collection Set: 0.1ms
[2022-12-05T09:25:25.403+0530][gc,phases     ] GC(39)   Evacuate Collection Set: 1.1ms
[2022-12-05T09:25:25.403+0530][gc,phases     ] GC(39)   Post Evacuate Collection Set: 0.4ms
[2022-12-05T09:25:25.403+0530][gc,phases     ] GC(39)   Other: 0.3ms
[2022-12-05T09:25:25.403+0530][gc,heap       ] GC(39) Eden regions: 254->0(284)
[2022-12-05T09:25:25.403+0530][gc,heap       ] GC(39) Survivor regions: 1->1(32)
[2022-12-05T09:25:25.403+0530][gc,heap       ] GC(39) Old regions: 25->25
[2022-12-05T09:25:25.403+0530][gc,heap       ] GC(39) Humongous regions: 129->129
[2022-12-05T09:25:25.403+0530][gc,metaspace  ] GC(39) Metaspace: 45739K->45739K(1091584K)
[2022-12-05T09:25:25.403+0530][gc            ] GC(39) Pause Young (Normal) (G1 Evacuation Pause) 406M->152M(1024M) 2.167ms
[2022-12-05T09:25:25.404+0530][gc,cpu        ] GC(39) User=0.00s Sys=0.00s Real=0.01s
[2022-12-05T09:26:33.022+0530][gc,start      ] GC(40) Pause Young (Normal) (G1 Evacuation Pause)
[2022-12-05T09:26:33.022+0530][gc,task       ] GC(40) Using 8 workers of 8 for evacuation
[2022-12-05T09:26:33.024+0530][gc,phases     ] GC(40)   Pre Evacuate Collection Set: 0.0ms
[2022-12-05T09:26:33.024+0530][gc,phases     ] GC(40)   Evacuate Collection Set: 1.3ms
[2022-12-05T09:26:33.025+0530][gc,phases     ] GC(40)   Post Evacuate Collection Set: 0.6ms
[2022-12-05T09:26:33.025+0530][gc,phases     ] GC(40)   Other: 0.3ms
[2022-12-05T09:26:33.025+0530][gc,heap       ] GC(40) Eden regions: 284->0(492)
[2022-12-05T09:26:33.025+0530][gc,heap       ] GC(40) Survivor regions: 1->1(36)
[2022-12-05T09:26:33.025+0530][gc,heap       ] GC(40) Old regions: 25->26
[2022-12-05T09:26:33.025+0530][gc,heap       ] GC(40) Humongous regions: 129->129
[2022-12-05T09:26:33.025+0530][gc,metaspace  ] GC(40) Metaspace: 45739K->45739K(1091584K)
[2022-12-05T09:26:33.025+0530][gc            ] GC(40) Pause Young (Normal) (G1 Evacuation Pause) 436M->152M(1024M) 2.380ms
[2022-12-05T09:26:33.025+0530][gc,cpu        ] GC(40) User=0.00s Sys=0.00s Real=0.00s
[2022-12-05T09:54:19.156+0530][gc,heap,exit  ] Heap
[2022-12-05T09:54:19.156+0530][gc,heap,exit  ]  garbage-first heap   total 1048576K, used 420584K [0x00000000c0000000, 0x0000000100000000)
[2022-12-05T09:54:19.156+0530][gc,heap,exit  ]   region size 1024K, 261 young (267264K), 1 survivors (1024K)
[2022-12-05T09:54:19.156+0530][gc,heap,exit  ]  Metaspace       used 46364K, capacity 49532K, committed 49664K, reserved 1091584K
[2022-12-05T09:54:19.156+0530][gc,heap,exit  ]   class space    used 6106K, capacity 7627K, committed 7680K, reserved 1048576K
