[2022-12-01T12:52:17.830+0530][gc,heap] Heap region size: 1M
[2022-12-01T12:52:17.867+0530][gc     ] Using G1
[2022-12-01T12:52:17.867+0530][gc,heap,coops] Heap address: 0x00000000c0000000, size: 1024 MB, Compressed Oops mode: 32-bit
[2022-12-01T12:52:17.870+0530][gc,cds       ] Mark closed archive regions in map: [0x00000000fff00000, 0x00000000fff6aff8]
[2022-12-01T12:52:17.870+0530][gc,cds       ] Mark open archive regions in map: [0x00000000ffe00000, 0x00000000ffe47ff8]
[2022-12-01T12:52:19.749+0530][gc,start     ] GC(0) Pause Young (Normal) (G1 Evacuation Pause)
[2022-12-01T12:52:19.757+0530][gc,task      ] GC(0) Using 8 workers of 8 for evacuation
[2022-12-01T12:52:19.788+0530][gc,mmu       ] GC(0) MMU target violated: 21.0ms (20.0ms/21.0ms)
[2022-12-01T12:52:19.789+0530][gc,phases    ] GC(0)   Pre Evacuate Collection Set: 0.1ms
[2022-12-01T12:52:19.789+0530][gc,phases    ] GC(0)   Evacuate Collection Set: 28.2ms
[2022-12-01T12:52:19.789+0530][gc,phases    ] GC(0)   Post Evacuate Collection Set: 2.2ms
[2022-12-01T12:52:19.789+0530][gc,phases    ] GC(0)   Other: 9.5ms
[2022-12-01T12:52:19.789+0530][gc,heap      ] GC(0) Eden regions: 51->0(44)
[2022-12-01T12:52:19.789+0530][gc,heap      ] GC(0) Survivor regions: 0->7(7)
[2022-12-01T12:52:19.789+0530][gc,heap      ] GC(0) Old regions: 2->2
[2022-12-01T12:52:19.789+0530][gc,heap      ] GC(0) Humongous regions: 0->0
[2022-12-01T12:52:19.789+0530][gc,metaspace ] GC(0) Metaspace: 14207K->14207K(1062912K)
[2022-12-01T12:52:19.789+0530][gc           ] GC(0) Pause Young (Normal) (G1 Evacuation Pause) 51M->7M(1024M) 40.159ms
[2022-12-01T12:52:19.789+0530][gc,cpu       ] GC(0) User=0.04s Sys=0.08s Real=0.04s
[2022-12-01T12:52:21.383+0530][gc,start     ] GC(1) Pause Young (Concurrent Start) (Metadata GC Threshold)
[2022-12-01T12:52:21.383+0530][gc,task      ] GC(1) Using 8 workers of 8 for evacuation
[2022-12-01T12:52:21.409+0530][gc,mmu       ] GC(1) MMU target violated: 21.0ms (20.0ms/21.0ms)
[2022-12-01T12:52:21.409+0530][gc,phases    ] GC(1)   Pre Evacuate Collection Set: 0.1ms
[2022-12-01T12:52:21.409+0530][gc,phases    ] GC(1)   Evacuate Collection Set: 24.5ms
[2022-12-01T12:52:21.409+0530][gc,phases    ] GC(1)   Post Evacuate Collection Set: 0.8ms
[2022-12-01T12:52:21.409+0530][gc,phases    ] GC(1)   Other: 0.9ms
[2022-12-01T12:52:21.409+0530][gc,heap      ] GC(1) Eden regions: 28->0(49)
[2022-12-01T12:52:21.409+0530][gc,heap      ] GC(1) Survivor regions: 7->2(7)
[2022-12-01T12:52:21.409+0530][gc,heap      ] GC(1) Old regions: 2->9
[2022-12-01T12:52:21.409+0530][gc,heap      ] GC(1) Humongous regions: 0->0
[2022-12-01T12:52:21.409+0530][gc,metaspace ] GC(1) Metaspace: 20624K->20624K(1067008K)
[2022-12-01T12:52:21.410+0530][gc           ] GC(1) Pause Young (Concurrent Start) (Metadata GC Threshold) 35M->8M(1024M) 26.684ms
[2022-12-01T12:52:21.410+0530][gc,cpu       ] GC(1) User=0.09s Sys=0.04s Real=0.02s
[2022-12-01T12:52:21.410+0530][gc           ] GC(2) Concurrent Cycle
[2022-12-01T12:52:21.410+0530][gc,marking   ] GC(2) Concurrent Clear Claimed Marks
[2022-12-01T12:52:21.410+0530][gc,marking   ] GC(2) Concurrent Clear Claimed Marks 0.358ms
[2022-12-01T12:52:21.410+0530][gc,marking   ] GC(2) Concurrent Scan Root Regions
[2022-12-01T12:52:21.415+0530][gc,marking   ] GC(2) Concurrent Scan Root Regions 4.766ms
[2022-12-01T12:52:21.415+0530][gc,marking   ] GC(2) Concurrent Mark (3.614s)
[2022-12-01T12:52:21.415+0530][gc,marking   ] GC(2) Concurrent Mark From Roots
[2022-12-01T12:52:21.415+0530][gc,task      ] GC(2) Using 2 workers of 2 for marking
[2022-12-01T12:52:21.424+0530][gc,marking   ] GC(2) Concurrent Mark From Roots 9.147ms
[2022-12-01T12:52:21.424+0530][gc,marking   ] GC(2) Concurrent Preclean
[2022-12-01T12:52:21.425+0530][gc,marking   ] GC(2) Concurrent Preclean 0.186ms
[2022-12-01T12:52:21.425+0530][gc,marking   ] GC(2) Concurrent Mark (3.614s, 3.624s) 9.452ms
[2022-12-01T12:52:21.425+0530][gc,start     ] GC(2) Pause Remark
[2022-12-01T12:52:21.427+0530][gc,stringtable] GC(2) Cleaned string and symbol table, strings: 5106 processed, 0 removed, symbols: 52069 processed, 42 removed
[2022-12-01T12:52:21.428+0530][gc            ] GC(2) Pause Remark 8M->8M(1024M) 2.664ms
[2022-12-01T12:52:21.428+0530][gc,cpu        ] GC(2) User=0.00s Sys=0.00s Real=0.00s
[2022-12-01T12:52:21.428+0530][gc,marking    ] GC(2) Concurrent Rebuild Remembered Sets
[2022-12-01T12:52:21.431+0530][gc,marking    ] GC(2) Concurrent Rebuild Remembered Sets 2.995ms
[2022-12-01T12:52:21.431+0530][gc,start      ] GC(2) Pause Cleanup
[2022-12-01T12:52:21.432+0530][gc            ] GC(2) Pause Cleanup 8M->8M(1024M) 0.512ms
[2022-12-01T12:52:21.432+0530][gc,cpu        ] GC(2) User=0.00s Sys=0.02s Real=0.01s
[2022-12-01T12:52:21.432+0530][gc,marking    ] GC(2) Concurrent Cleanup for Next Mark
[2022-12-01T12:52:21.448+0530][gc,marking    ] GC(2) Concurrent Cleanup for Next Mark 16.328ms
[2022-12-01T12:52:21.448+0530][gc            ] GC(2) Concurrent Cycle 38.738ms
[2022-12-01T12:52:22.724+0530][gc,start      ] GC(3) Pause Young (Normal) (GCLocker Initiated GC)
[2022-12-01T12:52:22.724+0530][gc,task       ] GC(3) Using 8 workers of 8 for evacuation
[2022-12-01T12:52:22.728+0530][gc,phases     ] GC(3)   Pre Evacuate Collection Set: 0.0ms
[2022-12-01T12:52:22.728+0530][gc,phases     ] GC(3)   Evacuate Collection Set: 3.6ms
[2022-12-01T12:52:22.728+0530][gc,phases     ] GC(3)   Post Evacuate Collection Set: 0.5ms
[2022-12-01T12:52:22.728+0530][gc,phases     ] GC(3)   Other: 0.3ms
[2022-12-01T12:52:22.728+0530][gc,heap       ] GC(3) Eden regions: 49->0(46)
[2022-12-01T12:52:22.728+0530][gc,heap       ] GC(3) Survivor regions: 2->5(7)
[2022-12-01T12:52:22.728+0530][gc,heap       ] GC(3) Old regions: 9->9
[2022-12-01T12:52:22.729+0530][gc,heap       ] GC(3) Humongous regions: 129->129
[2022-12-01T12:52:22.729+0530][gc,metaspace  ] GC(3) Metaspace: 28664K->28664K(1075200K)
[2022-12-01T12:52:22.729+0530][gc            ] GC(3) Pause Young (Normal) (GCLocker Initiated GC) 186M->140M(1024M) 4.560ms
[2022-12-01T12:52:22.729+0530][gc,cpu        ] GC(3) User=0.00s Sys=0.00s Real=0.00s
[2022-12-01T12:52:23.225+0530][gc,start      ] GC(4) Pause Young (Concurrent Start) (Metadata GC Threshold)
[2022-12-01T12:52:23.225+0530][gc,task       ] GC(4) Using 8 workers of 8 for evacuation
[2022-12-01T12:52:23.236+0530][gc,phases     ] GC(4)   Pre Evacuate Collection Set: 0.1ms
[2022-12-01T12:52:23.236+0530][gc,phases     ] GC(4)   Evacuate Collection Set: 10.4ms
[2022-12-01T12:52:23.236+0530][gc,phases     ] GC(4)   Post Evacuate Collection Set: 0.5ms
[2022-12-01T12:52:23.236+0530][gc,phases     ] GC(4)   Other: 0.3ms
[2022-12-01T12:52:23.236+0530][gc,heap       ] GC(4) Eden regions: 30->0(49)
[2022-12-01T12:52:23.236+0530][gc,heap       ] GC(4) Survivor regions: 5->2(7)
[2022-12-01T12:52:23.236+0530][gc,heap       ] GC(4) Old regions: 9->13
[2022-12-01T12:52:23.236+0530][gc,heap       ] GC(4) Humongous regions: 129->129
[2022-12-01T12:52:23.236+0530][gc,metaspace  ] GC(4) Metaspace: 34455K->34455K(1081344K)
[2022-12-01T12:52:23.236+0530][gc            ] GC(4) Pause Young (Concurrent Start) (Metadata GC Threshold) 169M->142M(1024M) 11.564ms
[2022-12-01T12:52:23.236+0530][gc,cpu        ] GC(4) User=0.03s Sys=0.00s Real=0.01s
[2022-12-01T12:52:23.236+0530][gc            ] GC(5) Concurrent Cycle
[2022-12-01T12:52:23.237+0530][gc,marking    ] GC(5) Concurrent Clear Claimed Marks
[2022-12-01T12:52:23.237+0530][gc,marking    ] GC(5) Concurrent Clear Claimed Marks 0.152ms
[2022-12-01T12:52:23.237+0530][gc,marking    ] GC(5) Concurrent Scan Root Regions
[2022-12-01T12:52:23.238+0530][gc,marking    ] GC(5) Concurrent Scan Root Regions 1.760ms
[2022-12-01T12:52:23.239+0530][gc,marking    ] GC(5) Concurrent Mark (5.438s)
[2022-12-01T12:52:23.239+0530][gc,marking    ] GC(5) Concurrent Mark From Roots
[2022-12-01T12:52:23.239+0530][gc,task       ] GC(5) Using 2 workers of 2 for marking
[2022-12-01T12:52:23.254+0530][gc,marking    ] GC(5) Concurrent Mark From Roots 15.104ms
[2022-12-01T12:52:23.254+0530][gc,marking    ] GC(5) Concurrent Preclean
[2022-12-01T12:52:23.254+0530][gc,marking    ] GC(5) Concurrent Preclean 0.363ms
[2022-12-01T12:52:23.254+0530][gc,marking    ] GC(5) Concurrent Mark (5.438s, 5.453s) 15.670ms
[2022-12-01T12:52:23.255+0530][gc,start      ] GC(5) Pause Remark
[2022-12-01T12:52:23.257+0530][gc,stringtable] GC(5) Cleaned string and symbol table, strings: 10284 processed, 11 removed, symbols: 83654 processed, 13 removed
[2022-12-01T12:52:23.257+0530][gc            ] GC(5) Pause Remark 144M->144M(1024M) 2.481ms
[2022-12-01T12:52:23.257+0530][gc,cpu        ] GC(5) User=0.00s Sys=0.00s Real=0.00s
[2022-12-01T12:52:23.257+0530][gc,marking    ] GC(5) Concurrent Rebuild Remembered Sets
[2022-12-01T12:52:23.264+0530][gc,marking    ] GC(5) Concurrent Rebuild Remembered Sets 7.111ms
[2022-12-01T12:52:23.265+0530][gc,start      ] GC(5) Pause Cleanup
[2022-12-01T12:52:23.265+0530][gc            ] GC(5) Pause Cleanup 145M->145M(1024M) 0.413ms
[2022-12-01T12:52:23.265+0530][gc,cpu        ] GC(5) User=0.00s Sys=0.00s Real=0.00s
[2022-12-01T12:52:23.265+0530][gc,marking    ] GC(5) Concurrent Cleanup for Next Mark
[2022-12-01T12:52:23.293+0530][gc,marking    ] GC(5) Concurrent Cleanup for Next Mark 27.449ms
[2022-12-01T12:52:23.293+0530][gc            ] GC(5) Concurrent Cycle 56.680ms
[2022-12-01T12:52:23.752+0530][gc,heap,exit  ] Heap
[2022-12-01T12:52:23.752+0530][gc,heap,exit  ]  garbage-first heap   total 1048576K, used 167225K [0x00000000c0000000, 0x0000000100000000)
[2022-12-01T12:52:23.752+0530][gc,heap,exit  ]   region size 1024K, 25 young (25600K), 2 survivors (2048K)
[2022-12-01T12:52:23.752+0530][gc,heap,exit  ]  Metaspace       used 38506K, capacity 40411K, committed 40448K, reserved 1083392K
[2022-12-01T12:52:23.752+0530][gc,heap,exit  ]   class space    used 4933K, capacity 5879K, committed 5888K, reserved 1048576K
