[2022-12-01T12:51:07.784+0530][gc,heap] Heap region size: 1M
[2022-12-01T12:51:07.814+0530][gc     ] Using G1
[2022-12-01T12:51:07.814+0530][gc,heap,coops] Heap address: 0x00000000c0000000, size: 1024 MB, Compressed Oops mode: 32-bit
[2022-12-01T12:51:07.816+0530][gc,cds       ] Mark closed archive regions in map: [0x00000000fff00000, 0x00000000fff6aff8]
[2022-12-01T12:51:07.816+0530][gc,cds       ] Mark open archive regions in map: [0x00000000ffe00000, 0x00000000ffe47ff8]
[2022-12-01T12:51:09.880+0530][gc,start     ] GC(0) Pause Young (Normal) (G1 Evacuation Pause)
[2022-12-01T12:51:09.884+0530][gc,task      ] GC(0) Using 8 workers of 8 for evacuation
[2022-12-01T12:51:09.920+0530][gc,mmu       ] GC(0) MMU target violated: 21.0ms (20.0ms/21.0ms)
[2022-12-01T12:51:09.920+0530][gc,phases    ] GC(0)   Pre Evacuate Collection Set: 0.0ms
[2022-12-01T12:51:09.920+0530][gc,phases    ] GC(0)   Evacuate Collection Set: 34.6ms
[2022-12-01T12:51:09.920+0530][gc,phases    ] GC(0)   Post Evacuate Collection Set: 0.8ms
[2022-12-01T12:51:09.920+0530][gc,phases    ] GC(0)   Other: 4.5ms
[2022-12-01T12:51:09.920+0530][gc,heap      ] GC(0) Eden regions: 51->0(44)
[2022-12-01T12:51:09.920+0530][gc,heap      ] GC(0) Survivor regions: 0->7(7)
[2022-12-01T12:51:09.920+0530][gc,heap      ] GC(0) Old regions: 2->2
[2022-12-01T12:51:09.920+0530][gc,heap      ] GC(0) Humongous regions: 0->0
[2022-12-01T12:51:09.920+0530][gc,metaspace ] GC(0) Metaspace: 14198K->14198K(1062912K)
[2022-12-01T12:51:09.920+0530][gc           ] GC(0) Pause Young (Normal) (G1 Evacuation Pause) 51M->7M(1024M) 40.183ms
[2022-12-01T12:51:09.920+0530][gc,cpu       ] GC(0) User=0.14s Sys=0.17s Real=0.04s
[2022-12-01T12:51:11.590+0530][gc,start     ] GC(1) Pause Young (Concurrent Start) (Metadata GC Threshold)
[2022-12-01T12:51:11.590+0530][gc,task      ] GC(1) Using 8 workers of 8 for evacuation
[2022-12-01T12:51:11.626+0530][gc,mmu       ] GC(1) MMU target violated: 21.0ms (20.0ms/21.0ms)
[2022-12-01T12:51:11.626+0530][gc,phases    ] GC(1)   Pre Evacuate Collection Set: 0.1ms
[2022-12-01T12:51:11.626+0530][gc,phases    ] GC(1)   Evacuate Collection Set: 34.0ms
[2022-12-01T12:51:11.626+0530][gc,phases    ] GC(1)   Post Evacuate Collection Set: 0.9ms
[2022-12-01T12:51:11.626+0530][gc,phases    ] GC(1)   Other: 1.0ms
[2022-12-01T12:51:11.626+0530][gc,heap      ] GC(1) Eden regions: 28->0(49)
[2022-12-01T12:51:11.626+0530][gc,heap      ] GC(1) Survivor regions: 7->2(7)
[2022-12-01T12:51:11.626+0530][gc,heap      ] GC(1) Old regions: 2->9
[2022-12-01T12:51:11.626+0530][gc,heap      ] GC(1) Humongous regions: 0->0
[2022-12-01T12:51:11.626+0530][gc,metaspace ] GC(1) Metaspace: 20620K->20620K(1067008K)
[2022-12-01T12:51:11.626+0530][gc           ] GC(1) Pause Young (Concurrent Start) (Metadata GC Threshold) 35M->8M(1024M) 36.494ms
[2022-12-01T12:51:11.626+0530][gc,cpu       ] GC(1) User=0.03s Sys=0.06s Real=0.04s
[2022-12-01T12:51:11.627+0530][gc           ] GC(2) Concurrent Cycle
[2022-12-01T12:51:11.627+0530][gc,marking   ] GC(2) Concurrent Clear Claimed Marks
[2022-12-01T12:51:11.627+0530][gc,marking   ] GC(2) Concurrent Clear Claimed Marks 0.284ms
[2022-12-01T12:51:11.627+0530][gc,marking   ] GC(2) Concurrent Scan Root Regions
[2022-12-01T12:51:11.630+0530][gc,marking   ] GC(2) Concurrent Scan Root Regions 2.739ms
[2022-12-01T12:51:11.630+0530][gc,marking   ] GC(2) Concurrent Mark (3.874s)
[2022-12-01T12:51:11.630+0530][gc,marking   ] GC(2) Concurrent Mark From Roots
[2022-12-01T12:51:11.630+0530][gc,task      ] GC(2) Using 2 workers of 2 for marking
[2022-12-01T12:51:11.643+0530][gc,marking   ] GC(2) Concurrent Mark From Roots 12.616ms
[2022-12-01T12:51:11.643+0530][gc,marking   ] GC(2) Concurrent Preclean
[2022-12-01T12:51:11.643+0530][gc,marking   ] GC(2) Concurrent Preclean 0.351ms
[2022-12-01T12:51:11.643+0530][gc,marking   ] GC(2) Concurrent Mark (3.874s, 3.887s) 13.162ms
[2022-12-01T12:51:11.644+0530][gc,start     ] GC(2) Pause Remark
[2022-12-01T12:51:11.646+0530][gc,stringtable] GC(2) Cleaned string and symbol table, strings: 5108 processed, 0 removed, symbols: 52119 processed, 42 removed
[2022-12-01T12:51:11.647+0530][gc            ] GC(2) Pause Remark 8M->8M(1024M) 3.346ms
[2022-12-01T12:51:11.647+0530][gc,cpu        ] GC(2) User=0.00s Sys=0.00s Real=0.00s
[2022-12-01T12:51:11.647+0530][gc,marking    ] GC(2) Concurrent Rebuild Remembered Sets
[2022-12-01T12:51:11.652+0530][gc,marking    ] GC(2) Concurrent Rebuild Remembered Sets 4.415ms
[2022-12-01T12:51:11.652+0530][gc,start      ] GC(2) Pause Cleanup
[2022-12-01T12:51:11.653+0530][gc            ] GC(2) Pause Cleanup 8M->8M(1024M) 0.597ms
[2022-12-01T12:51:11.653+0530][gc,cpu        ] GC(2) User=0.00s Sys=0.00s Real=0.00s
[2022-12-01T12:51:11.653+0530][gc,marking    ] GC(2) Concurrent Cleanup for Next Mark
[2022-12-01T12:51:11.672+0530][gc,marking    ] GC(2) Concurrent Cleanup for Next Mark 19.508ms
[2022-12-01T12:51:11.673+0530][gc            ] GC(2) Concurrent Cycle 46.089ms
[2022-12-01T12:51:13.072+0530][gc,start      ] GC(3) Pause Young (Normal) (G1 Evacuation Pause)
[2022-12-01T12:51:13.072+0530][gc,task       ] GC(3) Using 8 workers of 8 for evacuation
[2022-12-01T12:51:13.077+0530][gc,phases     ] GC(3)   Pre Evacuate Collection Set: 0.0ms
[2022-12-01T12:51:13.077+0530][gc,phases     ] GC(3)   Evacuate Collection Set: 4.2ms
[2022-12-01T12:51:13.077+0530][gc,phases     ] GC(3)   Post Evacuate Collection Set: 0.5ms
[2022-12-01T12:51:13.077+0530][gc,phases     ] GC(3)   Other: 0.5ms
[2022-12-01T12:51:13.077+0530][gc,heap       ] GC(3) Eden regions: 49->0(46)
[2022-12-01T12:51:13.077+0530][gc,heap       ] GC(3) Survivor regions: 2->5(7)
[2022-12-01T12:51:13.077+0530][gc,heap       ] GC(3) Old regions: 9->9
[2022-12-01T12:51:13.077+0530][gc,heap       ] GC(3) Humongous regions: 129->129
[2022-12-01T12:51:13.077+0530][gc,metaspace  ] GC(3) Metaspace: 28654K->28654K(1075200K)
[2022-12-01T12:51:13.077+0530][gc            ] GC(3) Pause Young (Normal) (G1 Evacuation Pause) 186M->140M(1024M) 5.364ms
[2022-12-01T12:51:13.077+0530][gc,cpu        ] GC(3) User=0.02s Sys=0.01s Real=0.00s
[2022-12-01T12:51:13.545+0530][gc,start      ] GC(4) Pause Young (Concurrent Start) (Metadata GC Threshold)
[2022-12-01T12:51:13.545+0530][gc,task       ] GC(4) Using 8 workers of 8 for evacuation
[2022-12-01T12:51:13.557+0530][gc,phases     ] GC(4)   Pre Evacuate Collection Set: 0.1ms
[2022-12-01T12:51:13.557+0530][gc,phases     ] GC(4)   Evacuate Collection Set: 11.2ms
[2022-12-01T12:51:13.557+0530][gc,phases     ] GC(4)   Post Evacuate Collection Set: 0.4ms
[2022-12-01T12:51:13.557+0530][gc,phases     ] GC(4)   Other: 0.4ms
[2022-12-01T12:51:13.557+0530][gc,heap       ] GC(4) Eden regions: 30->0(49)
[2022-12-01T12:51:13.557+0530][gc,heap       ] GC(4) Survivor regions: 5->2(7)
[2022-12-01T12:51:13.557+0530][gc,heap       ] GC(4) Old regions: 9->13
[2022-12-01T12:51:13.557+0530][gc,heap       ] GC(4) Humongous regions: 129->129
[2022-12-01T12:51:13.557+0530][gc,metaspace  ] GC(4) Metaspace: 34428K->34428K(1081344K)
[2022-12-01T12:51:13.557+0530][gc            ] GC(4) Pause Young (Concurrent Start) (Metadata GC Threshold) 170M->142M(1024M) 12.310ms
[2022-12-01T12:51:13.557+0530][gc,cpu        ] GC(4) User=0.01s Sys=0.00s Real=0.01s
[2022-12-01T12:51:13.557+0530][gc            ] GC(5) Concurrent Cycle
[2022-12-01T12:51:13.557+0530][gc,marking    ] GC(5) Concurrent Clear Claimed Marks
[2022-12-01T12:51:13.557+0530][gc,marking    ] GC(5) Concurrent Clear Claimed Marks 0.163ms
[2022-12-01T12:51:13.557+0530][gc,marking    ] GC(5) Concurrent Scan Root Regions
[2022-12-01T12:51:13.559+0530][gc,marking    ] GC(5) Concurrent Scan Root Regions 1.813ms
[2022-12-01T12:51:13.559+0530][gc,marking    ] GC(5) Concurrent Mark (5.803s)
[2022-12-01T12:51:13.559+0530][gc,marking    ] GC(5) Concurrent Mark From Roots
[2022-12-01T12:51:13.560+0530][gc,task       ] GC(5) Using 2 workers of 2 for marking
[2022-12-01T12:51:13.574+0530][gc,marking    ] GC(5) Concurrent Mark From Roots 14.629ms
[2022-12-01T12:51:13.574+0530][gc,marking    ] GC(5) Concurrent Preclean
[2022-12-01T12:51:13.574+0530][gc,marking    ] GC(5) Concurrent Preclean 0.285ms
[2022-12-01T12:51:13.575+0530][gc,marking    ] GC(5) Concurrent Mark (5.803s, 5.818s) 15.129ms
[2022-12-01T12:51:13.575+0530][gc,start      ] GC(5) Pause Remark
[2022-12-01T12:51:13.577+0530][gc,stringtable] GC(5) Cleaned string and symbol table, strings: 10242 processed, 11 removed, symbols: 83661 processed, 12 removed
[2022-12-01T12:51:13.577+0530][gc            ] GC(5) Pause Remark 145M->145M(1024M) 2.408ms
[2022-12-01T12:51:13.578+0530][gc,cpu        ] GC(5) User=0.00s Sys=0.00s Real=0.00s
[2022-12-01T12:51:13.578+0530][gc,marking    ] GC(5) Concurrent Rebuild Remembered Sets
[2022-12-01T12:51:13.585+0530][gc,marking    ] GC(5) Concurrent Rebuild Remembered Sets 7.838ms
[2022-12-01T12:51:13.586+0530][gc,start      ] GC(5) Pause Cleanup
[2022-12-01T12:51:13.586+0530][gc            ] GC(5) Pause Cleanup 145M->145M(1024M) 0.298ms
[2022-12-01T12:51:13.586+0530][gc,cpu        ] GC(5) User=0.00s Sys=0.00s Real=0.00s
[2022-12-01T12:51:13.586+0530][gc,marking    ] GC(5) Concurrent Cleanup for Next Mark
[2022-12-01T12:51:13.619+0530][gc,marking    ] GC(5) Concurrent Cleanup for Next Mark 32.558ms
[2022-12-01T12:51:13.619+0530][gc            ] GC(5) Concurrent Cycle 61.784ms
[2022-12-01T12:51:14.107+0530][gc,heap,exit  ] Heap
[2022-12-01T12:51:14.107+0530][gc,heap,exit  ]  garbage-first heap   total 1048576K, used 166245K [0x00000000c0000000, 0x0000000100000000)
[2022-12-01T12:51:14.107+0530][gc,heap,exit  ]   region size 1024K, 24 young (24576K), 2 survivors (2048K)
[2022-12-01T12:51:14.107+0530][gc,heap,exit  ]  Metaspace       used 38491K, capacity 40346K, committed 40448K, reserved 1083392K
[2022-12-01T12:51:14.107+0530][gc,heap,exit  ]   class space    used 4932K, capacity 5878K, committed 5888K, reserved 1048576K
