[2022-12-01T12:50:09.062+0530][gc,heap] Heap region size: 1M
[2022-12-01T12:50:09.077+0530][gc     ] Using G1
[2022-12-01T12:50:09.078+0530][gc,heap,coops] Heap address: 0x00000000e0000000, size: 512 MB, Compressed Oops mode: 32-bit
[2022-12-01T12:50:09.079+0530][gc,cds       ] Mark closed archive regions in map: [0x00000000fff00000, 0x00000000fff6aff8]
[2022-12-01T12:50:09.079+0530][gc,cds       ] Mark open archive regions in map: [0x00000000ffe00000, 0x00000000ffe47ff8]
[2022-12-01T12:50:10.256+0530][gc,start     ] GC(0) Pause Young (Normal) (G1 Evacuation Pause)
[2022-12-01T12:50:10.259+0530][gc,task      ] GC(0) Using 8 workers of 8 for evacuation
[2022-12-01T12:50:10.278+0530][gc,phases    ] GC(0)   Pre Evacuate Collection Set: 0.0ms
[2022-12-01T12:50:10.278+0530][gc,phases    ] GC(0)   Evacuate Collection Set: 18.4ms
[2022-12-01T12:50:10.278+0530][gc,phases    ] GC(0)   Post Evacuate Collection Set: 0.4ms
[2022-12-01T12:50:10.278+0530][gc,phases    ] GC(0)   Other: 3.0ms
[2022-12-01T12:50:10.278+0530][gc,heap      ] GC(0) Eden regions: 25->0(21)
[2022-12-01T12:50:10.278+0530][gc,heap      ] GC(0) Survivor regions: 0->4(4)
[2022-12-01T12:50:10.278+0530][gc,heap      ] GC(0) Old regions: 2->5
[2022-12-01T12:50:10.278+0530][gc,heap      ] GC(0) Humongous regions: 0->0
[2022-12-01T12:50:10.278+0530][gc,metaspace ] GC(0) Metaspace: 7464K->7464K(1056768K)
[2022-12-01T12:50:10.278+0530][gc           ] GC(0) Pause Young (Normal) (G1 Evacuation Pause) 25M->7M(512M) 22.024ms
[2022-12-01T12:50:10.278+0530][gc,cpu       ] GC(0) User=0.12s Sys=0.05s Real=0.02s
[2022-12-01T12:51:47.887+0530][gc,heap,exit ] Heap
[2022-12-01T12:51:47.887+0530][gc,heap,exit ]  garbage-first heap   total 524288K, used 17952K [0x00000000e0000000, 0x0000000100000000)
[2022-12-01T12:51:47.887+0530][gc,heap,exit ]   region size 1024K, 15 young (15360K), 4 survivors (4096K)
[2022-12-01T12:51:47.887+0530][gc,heap,exit ]  Metaspace       used 8857K, capacity 9191K, committed 9344K, reserved 1056768K
[2022-12-01T12:51:47.887+0530][gc,heap,exit ]   class space    used 970K, capacity 1115K, committed 1152K, reserved 1048576K
