[2022-12-01T11:23:53.521+0530][gc,heap] Heap region size: 1M
[2022-12-01T11:23:53.535+0530][gc     ] Using G1
[2022-12-01T11:23:53.535+0530][gc,heap,coops] Heap address: 0x00000000e0000000, size: 512 MB, Compressed Oops mode: 32-bit
[2022-12-01T11:23:53.536+0530][gc,cds       ] Mark closed archive regions in map: [0x00000000fff00000, 0x00000000fff6aff8]
[2022-12-01T11:23:53.536+0530][gc,cds       ] Mark open archive regions in map: [0x00000000ffe00000, 0x00000000ffe47ff8]
[2022-12-01T11:23:54.597+0530][gc,start     ] GC(0) Pause Young (Normal) (G1 Evacuation Pause)
[2022-12-01T11:23:54.599+0530][gc,task      ] GC(0) Using 8 workers of 8 for evacuation
[2022-12-01T11:23:54.615+0530][gc,phases    ] GC(0)   Pre Evacuate Collection Set: 0.0ms
[2022-12-01T11:23:54.615+0530][gc,phases    ] GC(0)   Evacuate Collection Set: 15.3ms
[2022-12-01T11:23:54.615+0530][gc,phases    ] GC(0)   Post Evacuate Collection Set: 0.3ms
[2022-12-01T11:23:54.615+0530][gc,phases    ] GC(0)   Other: 2.4ms
[2022-12-01T11:23:54.615+0530][gc,heap      ] GC(0) Eden regions: 25->0(21)
[2022-12-01T11:23:54.615+0530][gc,heap      ] GC(0) Survivor regions: 0->4(4)
[2022-12-01T11:23:54.615+0530][gc,heap      ] GC(0) Old regions: 2->5
[2022-12-01T11:23:54.615+0530][gc,heap      ] GC(0) Humongous regions: 0->0
[2022-12-01T11:23:54.615+0530][gc,metaspace ] GC(0) Metaspace: 7442K->7442K(1056768K)
[2022-12-01T11:23:54.615+0530][gc           ] GC(0) Pause Young (Normal) (G1 Evacuation Pause) 25M->7M(512M) 18.333ms
[2022-12-01T11:23:54.615+0530][gc,cpu       ] GC(0) User=0.00s Sys=0.01s Real=0.02s
[2022-12-01T12:44:24.098+0530][gc,heap,exit ] Heap
[2022-12-01T12:44:24.098+0530][gc,heap,exit ]  garbage-first heap   total 524288K, used 21967K [0x00000000e0000000, 0x0000000100000000)
[2022-12-01T12:44:24.098+0530][gc,heap,exit ]   region size 1024K, 19 young (19456K), 4 survivors (4096K)
[2022-12-01T12:44:24.098+0530][gc,heap,exit ]  Metaspace       used 9278K, capacity 9627K, committed 9856K, reserved 1058816K
[2022-12-01T12:44:24.098+0530][gc,heap,exit ]   class space    used 983K, capacity 1115K, committed 1152K, reserved 1048576K
