[2022-12-02T11:25:15.773+0530][gc,heap] Heap region size: 1M
[2022-12-02T11:25:15.795+0530][gc     ] Using G1
[2022-12-02T11:25:15.795+0530][gc,heap,coops] Heap address: 0x00000000e0000000, size: 512 MB, Compressed Oops mode: 32-bit
[2022-12-02T11:25:15.796+0530][gc,cds       ] Mark closed archive regions in map: [0x00000000fff00000, 0x00000000fff6aff8]
[2022-12-02T11:25:15.797+0530][gc,cds       ] Mark open archive regions in map: [0x00000000ffe00000, 0x00000000ffe47ff8]
[2022-12-02T11:25:17.041+0530][gc,start     ] GC(0) Pause Young (Normal) (G1 Evacuation Pause)
[2022-12-02T11:25:17.044+0530][gc,task      ] GC(0) Using 8 workers of 8 for evacuation
[2022-12-02T11:25:17.064+0530][gc,phases    ] GC(0)   Pre Evacuate Collection Set: 0.0ms
[2022-12-02T11:25:17.064+0530][gc,phases    ] GC(0)   Evacuate Collection Set: 19.2ms
[2022-12-02T11:25:17.064+0530][gc,phases    ] GC(0)   Post Evacuate Collection Set: 0.4ms
[2022-12-02T11:25:17.064+0530][gc,phases    ] GC(0)   Other: 2.8ms
[2022-12-02T11:25:17.064+0530][gc,heap      ] GC(0) Eden regions: 25->0(21)
[2022-12-02T11:25:17.064+0530][gc,heap      ] GC(0) Survivor regions: 0->4(4)
[2022-12-02T11:25:17.064+0530][gc,heap      ] GC(0) Old regions: 2->6
[2022-12-02T11:25:17.064+0530][gc,heap      ] GC(0) Humongous regions: 0->0
[2022-12-02T11:25:17.064+0530][gc,metaspace ] GC(0) Metaspace: 7461K->7461K(1056768K)
[2022-12-02T11:25:17.064+0530][gc           ] GC(0) Pause Young (Normal) (G1 Evacuation Pause) 25M->7M(512M) 22.555ms
[2022-12-02T11:25:17.064+0530][gc,cpu       ] GC(0) User=0.00s Sys=0.06s Real=0.03s
[2022-12-02T15:15:34.235+0530][gc,start     ] GC(1) Pause Young (Normal) (G1 Evacuation Pause)
[2022-12-02T15:15:34.236+0530][gc,task      ] GC(1) Using 8 workers of 8 for evacuation
[2022-12-02T15:15:34.253+0530][gc,phases    ] GC(1)   Pre Evacuate Collection Set: 0.1ms
[2022-12-02T15:15:34.253+0530][gc,phases    ] GC(1)   Evacuate Collection Set: 15.7ms
[2022-12-02T15:15:34.253+0530][gc,phases    ] GC(1)   Post Evacuate Collection Set: 1.1ms
[2022-12-02T15:15:34.253+0530][gc,phases    ] GC(1)   Other: 0.7ms
[2022-12-02T15:15:34.253+0530][gc,heap      ] GC(1) Eden regions: 21->0(24)
[2022-12-02T15:15:34.253+0530][gc,heap      ] GC(1) Survivor regions: 4->1(4)
[2022-12-02T15:15:34.253+0530][gc,heap      ] GC(1) Old regions: 6->10
[2022-12-02T15:15:34.253+0530][gc,heap      ] GC(1) Humongous regions: 0->0
[2022-12-02T15:15:34.253+0530][gc,metaspace ] GC(1) Metaspace: 9220K->9220K(1058816K)
[2022-12-02T15:15:34.253+0530][gc           ] GC(1) Pause Young (Normal) (G1 Evacuation Pause) 28M->8M(512M) 18.152ms
[2022-12-02T15:15:34.254+0530][gc,cpu       ] GC(1) User=0.06s Sys=0.02s Real=0.02s
[2022-12-05T09:54:15.183+0530][gc,heap,exit ] Heap
[2022-12-05T09:54:15.183+0530][gc,heap,exit ]  garbage-first heap   total 524288K, used 22034K [0x00000000e0000000, 0x0000000100000000)
[2022-12-05T09:54:15.183+0530][gc,heap,exit ]   region size 1024K, 15 young (15360K), 1 survivors (1024K)
[2022-12-05T09:54:15.183+0530][gc,heap,exit ]  Metaspace       used 9276K, capacity 9696K, committed 9856K, reserved 1058816K
[2022-12-05T09:54:15.183+0530][gc,heap,exit ]   class space    used 966K, capacity 1115K, committed 1152K, reserved 1048576K
