[2022-12-01T12:56:40.873+0530][gc,heap] Heap region size: 1M
[2022-12-01T12:56:40.893+0530][gc     ] Using G1
[2022-12-01T12:56:40.893+0530][gc,heap,coops] Heap address: 0x00000000e0000000, size: 512 MB, Compressed Oops mode: 32-bit
[2022-12-01T12:56:40.896+0530][gc,cds       ] Mark closed archive regions in map: [0x00000000fff00000, 0x00000000fff6aff8]
[2022-12-01T12:56:40.897+0530][gc,cds       ] Mark open archive regions in map: [0x00000000ffe00000, 0x00000000ffe47ff8]
[2022-12-01T12:56:42.190+0530][gc,start     ] GC(0) Pause Young (Normal) (G1 Evacuation Pause)
[2022-12-01T12:56:42.196+0530][gc,task      ] GC(0) Using 8 workers of 8 for evacuation
[2022-12-01T12:56:42.218+0530][gc,mmu       ] GC(0) MMU target violated: 21.0ms (20.0ms/21.0ms)
[2022-12-01T12:56:42.219+0530][gc,phases    ] GC(0)   Pre Evacuate Collection Set: 0.0ms
[2022-12-01T12:56:42.219+0530][gc,phases    ] GC(0)   Evacuate Collection Set: 21.6ms
[2022-12-01T12:56:42.219+0530][gc,phases    ] GC(0)   Post Evacuate Collection Set: 0.5ms
[2022-12-01T12:56:42.219+0530][gc,phases    ] GC(0)   Other: 6.5ms
[2022-12-01T12:56:42.219+0530][gc,heap      ] GC(0) Eden regions: 25->0(21)
[2022-12-01T12:56:42.219+0530][gc,heap      ] GC(0) Survivor regions: 0->4(4)
[2022-12-01T12:56:42.219+0530][gc,heap      ] GC(0) Old regions: 2->5
[2022-12-01T12:56:42.219+0530][gc,heap      ] GC(0) Humongous regions: 0->0
[2022-12-01T12:56:42.219+0530][gc,metaspace ] GC(0) Metaspace: 7411K->7411K(1056768K)
[2022-12-01T12:56:42.219+0530][gc           ] GC(0) Pause Young (Normal) (G1 Evacuation Pause) 25M->7M(512M) 28.717ms
[2022-12-01T12:56:42.219+0530][gc,cpu       ] GC(0) User=0.15s Sys=0.07s Real=0.03s
[2022-12-01T15:34:53.562+0530][gc,start     ] GC(1) Pause Young (Normal) (G1 Evacuation Pause)
[2022-12-01T15:34:53.562+0530][gc,task      ] GC(1) Using 8 workers of 8 for evacuation
[2022-12-01T15:34:53.581+0530][gc,phases    ] GC(1)   Pre Evacuate Collection Set: 0.1ms
[2022-12-01T15:34:53.581+0530][gc,phases    ] GC(1)   Evacuate Collection Set: 17.6ms
[2022-12-01T15:34:53.581+0530][gc,phases    ] GC(1)   Post Evacuate Collection Set: 1.0ms
[2022-12-01T15:34:53.581+0530][gc,phases    ] GC(1)   Other: 0.6ms
[2022-12-01T15:34:53.581+0530][gc,heap      ] GC(1) Eden regions: 21->0(24)
[2022-12-01T15:34:53.581+0530][gc,heap      ] GC(1) Survivor regions: 4->1(4)
[2022-12-01T15:34:53.581+0530][gc,heap      ] GC(1) Old regions: 5->9
[2022-12-01T15:34:53.581+0530][gc,heap      ] GC(1) Humongous regions: 0->0
[2022-12-01T15:34:53.581+0530][gc,metaspace ] GC(1) Metaspace: 9179K->9179K(1058816K)
[2022-12-01T15:34:53.582+0530][gc           ] GC(1) Pause Young (Normal) (G1 Evacuation Pause) 28M->8M(512M) 19.773ms
[2022-12-01T15:34:53.582+0530][gc,cpu       ] GC(1) User=0.08s Sys=0.02s Real=0.01s
[2022-12-02T09:07:40.631+0530][gc,heap,exit ] Heap
[2022-12-02T09:07:40.632+0530][gc,heap,exit ]  garbage-first heap   total 524288K, used 19758K [0x00000000e0000000, 0x0000000100000000)
[2022-12-02T09:07:40.632+0530][gc,heap,exit ]   region size 1024K, 13 young (13312K), 1 survivors (1024K)
[2022-12-02T09:07:40.632+0530][gc,heap,exit ]  Metaspace       used 9236K, capacity 9532K, committed 9856K, reserved 1058816K
[2022-12-02T09:07:40.632+0530][gc,heap,exit ]   class space    used 964K, capacity 1083K, committed 1152K, reserved 1048576K
