[2022-12-01T12:44:41.757+0530][gc,heap] Heap region size: 1M
[2022-12-01T12:44:41.776+0530][gc     ] Using G1
[2022-12-01T12:44:41.777+0530][gc,heap,coops] Heap address: 0x00000000e0000000, size: 512 MB, Compressed Oops mode: 32-bit
[2022-12-01T12:44:41.778+0530][gc,cds       ] Mark closed archive regions in map: [0x00000000fff00000, 0x00000000fff6aff8]
[2022-12-01T12:44:41.779+0530][gc,cds       ] Mark open archive regions in map: [0x00000000ffe00000, 0x00000000ffe47ff8]
[2022-12-01T12:44:43.134+0530][gc,start     ] GC(0) Pause Young (Normal) (G1 Evacuation Pause)
[2022-12-01T12:44:43.139+0530][gc,task      ] GC(0) Using 8 workers of 8 for evacuation
[2022-12-01T12:44:43.178+0530][gc,mmu       ] GC(0) MMU target violated: 21.0ms (20.0ms/21.0ms)
[2022-12-01T12:44:43.178+0530][gc,phases    ] GC(0)   Pre Evacuate Collection Set: 0.0ms
[2022-12-01T12:44:43.178+0530][gc,phases    ] GC(0)   Evacuate Collection Set: 37.8ms
[2022-12-01T12:44:43.178+0530][gc,phases    ] GC(0)   Post Evacuate Collection Set: 0.7ms
[2022-12-01T12:44:43.178+0530][gc,phases    ] GC(0)   Other: 5.3ms
[2022-12-01T12:44:43.178+0530][gc,heap      ] GC(0) Eden regions: 25->0(21)
[2022-12-01T12:44:43.178+0530][gc,heap      ] GC(0) Survivor regions: 0->4(4)
[2022-12-01T12:44:43.178+0530][gc,heap      ] GC(0) Old regions: 2->5
[2022-12-01T12:44:43.178+0530][gc,heap      ] GC(0) Humongous regions: 0->0
[2022-12-01T12:44:43.178+0530][gc,metaspace ] GC(0) Metaspace: 7436K->7436K(1056768K)
[2022-12-01T12:44:43.178+0530][gc           ] GC(0) Pause Young (Normal) (G1 Evacuation Pause) 25M->7M(512M) 43.970ms
[2022-12-01T12:44:43.178+0530][gc,cpu       ] GC(0) User=0.01s Sys=0.12s Real=0.04s
[2022-12-01T12:48:40.062+0530][gc,heap,exit ] Heap
[2022-12-01T12:48:40.063+0530][gc,heap,exit ]  garbage-first heap   total 524288K, used 16827K [0x00000000e0000000, 0x0000000100000000)
[2022-12-01T12:48:40.063+0530][gc,heap,exit ]   region size 1024K, 14 young (14336K), 4 survivors (4096K)
[2022-12-01T12:48:40.063+0530][gc,heap,exit ]  Metaspace       used 8693K, capacity 9027K, committed 9344K, reserved 1056768K
[2022-12-01T12:48:40.063+0530][gc,heap,exit ]   class space    used 957K, capacity 1083K, committed 1152K, reserved 1048576K
