[2022-12-01T11:11:29.017+0530][gc,heap] Heap region size: 1M
[2022-12-01T11:11:29.031+0530][gc     ] Using G1
[2022-12-01T11:11:29.032+0530][gc,heap,coops] Heap address: 0x00000000e0000000, size: 512 MB, Compressed Oops mode: 32-bit
[2022-12-01T11:11:29.034+0530][gc,cds       ] Mark closed archive regions in map: [0x00000000fff00000, 0x00000000fff6aff8]
[2022-12-01T11:11:29.034+0530][gc,cds       ] Mark open archive regions in map: [0x00000000ffe00000, 0x00000000ffe47ff8]
[2022-12-01T11:11:30.095+0530][gc,start     ] GC(0) Pause Young (Normal) (G1 Evacuation Pause)
[2022-12-01T11:11:30.097+0530][gc,task      ] GC(0) Using 8 workers of 8 for evacuation
[2022-12-01T11:11:30.115+0530][gc,phases    ] GC(0)   Pre Evacuate Collection Set: 0.0ms
[2022-12-01T11:11:30.115+0530][gc,phases    ] GC(0)   Evacuate Collection Set: 17.2ms
[2022-12-01T11:11:30.115+0530][gc,phases    ] GC(0)   Post Evacuate Collection Set: 0.4ms
[2022-12-01T11:11:30.115+0530][gc,phases    ] GC(0)   Other: 2.5ms
[2022-12-01T11:11:30.116+0530][gc,heap      ] GC(0) Eden regions: 25->0(21)
[2022-12-01T11:11:30.116+0530][gc,heap      ] GC(0) Survivor regions: 0->4(4)
[2022-12-01T11:11:30.116+0530][gc,heap      ] GC(0) Old regions: 2->5
[2022-12-01T11:11:30.116+0530][gc,heap      ] GC(0) Humongous regions: 0->0
[2022-12-01T11:11:30.116+0530][gc,metaspace ] GC(0) Metaspace: 7426K->7426K(1056768K)
[2022-12-01T11:11:30.116+0530][gc           ] GC(0) Pause Young (Normal) (G1 Evacuation Pause) 25M->7M(512M) 20.418ms
[2022-12-01T11:11:30.116+0530][gc,cpu       ] GC(0) User=0.01s Sys=0.06s Real=0.02s
[2022-12-01T11:22:07.038+0530][gc,heap,exit ] Heap
[2022-12-01T11:22:07.038+0530][gc,heap,exit ]  garbage-first heap   total 524288K, used 11744K [0x00000000e0000000, 0x0000000100000000)
[2022-12-01T11:22:07.038+0530][gc,heap,exit ]   region size 1024K, 9 young (9216K), 4 survivors (4096K)
[2022-12-01T11:22:07.038+0530][gc,heap,exit ]  Metaspace       used 7935K, capacity 8341K, committed 8576K, reserved 1056768K
[2022-12-01T11:22:07.038+0530][gc,heap,exit ]   class space    used 885K, capacity 1048K, committed 1152K, reserved 1048576K
